Archive member included to satisfy reference by file (symbol)

c:\project\HerBo\build/core\core.a(cortex_handlers.c.o)
                              (Reset_Handler)
c:\project\HerBo\build/core\core.a(delay.c.o)
                              c:\project\HerBo\build\sketch\sources.ino.cpp.o (millis)
c:\project\HerBo\build/core\core.a(hooks.c.o)
                              c:\project\HerBo\build/core\core.a(delay.c.o) (yield)
c:\project\HerBo\build/core\core.a(startup.c.o)
                              c:\project\HerBo\build/core\core.a(cortex_handlers.c.o) (SystemInit)
c:\project\HerBo\build/core\core.a(wiring.c.o)
                              c:\project\HerBo\build/core\core.a(startup.c.o) (SystemCoreClock)
c:\project\HerBo\build/core\core.a(wiring_analog.c.o)
                              c:\project\HerBo\build\sketch\sources.ino.cpp.o (analogWriteResolution)
c:\project\HerBo\build/core\core.a(wiring_digital.c.o)
                              c:\project\HerBo\build\sketch\photo_period.cpp.o (pinMode)
c:\project\HerBo\build/core\core.a(wiring_private.c.o)
                              c:\project\HerBo\build\libraries\SPI\SPI.cpp.o (pinPeripheral)
c:\project\HerBo\build/core\core.a(IPAddress.cpp.o)
                              c:\project\HerBo\build\libraries\WiFiNINA\WiFi.cpp.o (IPAddress::IPAddress())
c:\project\HerBo\build/core\core.a(Print.cpp.o)
                              c:\project\HerBo\build\sketch\wifi.cpp.o (Print::print(char const*))
c:\project\HerBo\build/core\core.a(Reset.cpp.o)
                              c:\project\HerBo\build/core\core.a(delay.c.o) (tickReset)
c:\project\HerBo\build/core\core.a(SERCOM.cpp.o)
                              c:\project\HerBo\build\core\variant.cpp.o (SERCOM::SERCOM(Sercom*))
c:\project\HerBo\build/core\core.a(CDC.cpp.o)
                              c:\project\HerBo\build\sketch\sources.ino.cpp.o (Serial_::begin(unsigned long))
c:\project\HerBo\build/core\core.a(PluggableUSB.cpp.o)
                              c:\project\HerBo\build/core\core.a(CDC.cpp.o) (PluggableUSB_::plug(PluggableUSBModule*))
c:\project\HerBo\build/core\core.a(USBCore.cpp.o)
                              c:\project\HerBo\build/core\core.a(CDC.cpp.o) (usbd)
c:\project\HerBo\build/core\core.a(Uart.cpp.o)
                              c:\project\HerBo\build\core\variant.cpp.o (Uart::Uart(SERCOM*, unsigned char, unsigned char, SercomRXPad, SercomUartTXPad, unsigned char, unsigned char))
c:\project\HerBo\build/core\core.a(WMath.cpp.o)
                              c:\project\HerBo\build\sketch\photo_period.cpp.o (map(long, long, long, long, long))
c:\project\HerBo\build/core\core.a(WString.cpp.o)
                              c:\project\HerBo\build\sketch\wifi.cpp.o (String::~String())
c:\project\HerBo\build/core\core.a(abi.cpp.o)
                              c:\project\HerBo\build/core\core.a(Print.cpp.o) (__cxa_pure_virtual)
c:\project\HerBo\build/core\core.a(main.cpp.o)
                              c:/users/anton/appdata/local/arduino15/packages/arduino/tools/arm-none-eabi-gcc/7-2017q4/bin/../lib/gcc/arm-none-eabi/7.2.1/../../../../arm-none-eabi/lib/thumb/v6-m/crt0.o (main)
c:\project\HerBo\build/core\core.a(new.cpp.o)
                              c:\project\HerBo\build\sketch\sources.ino.cpp.o (operator new(unsigned int))
c:\project\HerBo\build/core\core.a(dtostrf.c.o)
                              c:\project\HerBo\build/core\core.a(WString.cpp.o) (dtostrf)
c:\project\HerBo\build/core\core.a(itoa.c.o)
                              c:\project\HerBo\build/core\core.a(WString.cpp.o) (ltoa)
c:/users/anton/appdata/local/arduino15/packages/arduino/tools/arm-none-eabi-gcc/7-2017q4/bin/../lib/gcc/arm-none-eabi/7.2.1/../../../../arm-none-eabi/lib/thumb/v6-m\libstdc++_nano.a(atexit_arm.o)
                              c:\project\HerBo\build\libraries\WiFiNINA\utility\WiFiSocketBuffer.cpp.o (__aeabi_atexit)
c:/users/anton/appdata/local/arduino15/packages/arduino/tools/arm-none-eabi-gcc/7-2017q4/bin/../lib/gcc/arm-none-eabi/7.2.1/../../../../arm-none-eabi/lib/thumb/v6-m\libm.a(lib_a-s_atan.o)
                              c:\project\HerBo\build\sketch\photo_period.cpp.o (atan)
c:/users/anton/appdata/local/arduino15/packages/arduino/tools/arm-none-eabi-gcc/7-2017q4/bin/../lib/gcc/arm-none-eabi/7.2.1/../../../../arm-none-eabi/lib/thumb/v6-m\libm.a(lib_a-s_cos.o)
                              c:\project\HerBo\build\sketch\photo_period.cpp.o (cos)
c:/users/anton/appdata/local/arduino15/packages/arduino/tools/arm-none-eabi-gcc/7-2017q4/bin/../lib/gcc/arm-none-eabi/7.2.1/../../../../arm-none-eabi/lib/thumb/v6-m\libm.a(lib_a-s_fabs.o)
                              c:/users/anton/appdata/local/arduino15/packages/arduino/tools/arm-none-eabi-gcc/7-2017q4/bin/../lib/gcc/arm-none-eabi/7.2.1/../../../../arm-none-eabi/lib/thumb/v6-m\libm.a(lib_a-s_atan.o) (fabs)
[...]
Memory Configuration

Name             Origin             Length             Attributes
FLASH            0x00002000         0x0003e000         xr
RAM              0x20000000         0x00008000         xrw
*default*        0x00000000         0xffffffff

Linker script and memory map

LOAD c:/users/anton/appdata/local/arduino15/packages/arduino/tools/arm-none-eabi-gcc/7-2017q4/bin/../lib/gcc/arm-none-eabi/7.2.1/thumb/v6-m/crti.o
LOAD c:/users/anton/appdata/local/arduino15/packages/arduino/tools/arm-none-eabi-gcc/7-2017q4/bin/../lib/gcc/arm-none-eabi/7.2.1/thumb/v6-m/crtbegin.o
LOAD c:/users/anton/appdata/local/arduino15/packages/arduino/tools/arm-none-eabi-gcc/7-2017q4/bin/../lib/gcc/arm-none-eabi/7.2.1/../../../../arm-none-eabi/lib/thumb/v6-m/crt0.o
LOAD c:\project\HerBo\build\sketch\BH1750.cpp.o
LOAD c:\project\HerBo\build\sketch\HtmlGen.cpp.o
LOAD c:\project\HerBo\build\sketch\photo_period.cpp.o
LOAD c:\project\HerBo\build\sketch\sources.ino.cpp.o
LOAD c:\project\HerBo\build\sketch\timeduino.cpp.o
LOAD c:\project\HerBo\build\sketch\wifi.cpp.o
LOAD c:\project\HerBo\build\libraries\SPI\SPI.cpp.o
LOAD c:\project\HerBo\build\libraries\WiFiNINA\WiFi.cpp.o
LOAD c:\project\HerBo\build\libraries\WiFiNINA\WiFiClient.cpp.o
LOAD c:\project\HerBo\build\libraries\WiFiNINA\WiFiSSLClient.cpp.o
LOAD c:\project\HerBo\build\libraries\WiFiNINA\WiFiServer.cpp.o
LOAD c:\project\HerBo\build\libraries\WiFiNINA\WiFiUdp.cpp.o
LOAD c:\project\HerBo\build\libraries\WiFiNINA\utility\WiFiSocketBuffer.cpp.o
LOAD c:\project\HerBo\build\libraries\WiFiNINA\utility\server_drv.cpp.o
LOAD c:\project\HerBo\build\libraries\WiFiNINA\utility\spi_drv.cpp.o
LOAD c:\project\HerBo\build\libraries\WiFiNINA\utility\wifi_drv.cpp.o
LOAD c:\project\HerBo\build\libraries\Wire\Wire.cpp.o
LOAD c:\project\HerBo\build\libraries\RTCZero\RTCZero.cpp.o
LOAD c:\project\HerBo\build\core\variant.cpp.o
START GROUP
LOAD C:\Users\anton\AppData\Local\Arduino15\packages\arduino\tools\CMSIS\4.5.0/CMSIS/Lib/GCC/\libarm_cortexM0l_math.a
LOAD c:\project\HerBo\build/core\core.a
END GROUP
LOAD c:/users/anton/appdata/local/arduino15/packages/arduino/tools/arm-none-eabi-gcc/7-2017q4/bin/../lib/gcc/arm-none-eabi/7.2.1/../../../../arm-none-eabi/lib/thumb/v6-m\libstdc++_nano.a
LOAD c:/users/anton/appdata/local/arduino15/packages/arduino/tools/arm-none-eabi-gcc/7-2017q4/bin/../lib/gcc/arm-none-eabi/7.2.1/../../../../arm-none-eabi/lib/thumb/v6-m\libm.a
START GROUP
LOAD c:/users/anton/appdata/local/arduino15/packages/arduino/tools/arm-none-eabi-gcc/7-2017q4/bin/../lib/gcc/arm-none-eabi/7.2.1/thumb/v6-m\libgcc.a
LOAD c:/users/anton/appdata/local/arduino15/packages/arduino/tools/arm-none-eabi-gcc/7-2017q4/bin/../lib/gcc/arm-none-eabi/7.2.1/../../../../arm-none-eabi/lib/thumb/v6-m\libc_nano.a
END GROUP
START GROUP
LOAD c:/users/anton/appdata/local/arduino15/packages/arduino/tools/arm-none-eabi-gcc/7-2017q4/bin/../lib/gcc/arm-none-eabi/7.2.1/thumb/v6-m\libgcc.a
LOAD c:/users/anton/appdata/local/arduino15/packages/arduino/tools/arm-none-eabi-gcc/7-2017q4/bin/../lib/gcc/arm-none-eabi/7.2.1/../../../../arm-none-eabi/lib/thumb/v6-m\libc_nano.a
LOAD c:/users/anton/appdata/local/arduino15/packages/arduino/tools/arm-none-eabi-gcc/7-2017q4/bin/../lib/gcc/arm-none-eabi/7.2.1/../../../../arm-none-eabi/lib/thumb/v6-m\libnosys.a
END GROUP
START GROUP
LOAD c:/users/anton/appdata/local/arduino15/packages/arduino/tools/arm-none-eabi-gcc/7-2017q4/bin/../lib/gcc/arm-none-eabi/7.2.1/thumb/v6-m\libgcc.a
LOAD c:/users/anton/appdata/local/arduino15/packages/arduino/tools/arm-none-eabi-gcc/7-2017q4/bin/../lib/gcc/arm-none-eabi/7.2.1/../../../../arm-none-eabi/lib/thumb/v6-m\libc_nano.a
LOAD c:/users/anton/appdata/local/arduino15/packages/arduino/tools/arm-none-eabi-gcc/7-2017q4/bin/../lib/gcc/arm-none-eabi/7.2.1/../../../../arm-none-eabi/lib/thumb/v6-m\libnosys.a
END GROUP
LOAD c:/users/anton/appdata/local/arduino15/packages/arduino/tools/arm-none-eabi-gcc/7-2017q4/bin/../lib/gcc/arm-none-eabi/7.2.1/thumb/v6-m/crtend.o
LOAD c:/users/anton/appdata/local/arduino15/packages/arduino/tools/arm-none-eabi-gcc/7-2017q4/bin/../lib/gcc/arm-none-eabi/7.2.1/thumb/v6-m/crtn.o

.text           0x00002000     0x8cd4
                0x00002000                __text_start__ = .
 *(.sketch_boot)
                0x00002000                . = ALIGN (0x2000)
 *(.isr_vector)
 .isr_vector    0x00002000       0xb4 c:\project\HerBo\build/core\core.a(cortex_handlers.c.o)
                0x00002000                exception_table
 *(.text*)
 .text          0x000020b4       0x48 c:/users/anton/appdata/local/arduino15/packages/arduino/tools/arm-none-eabi-gcc/7-2017q4/bin/../lib/gcc/arm-none-eabi/7.2.1/thumb/v6-m/crtbegin.o
 .text._ZN6BH1750C2Eh
                0x000020fc       0x1c c:\project\HerBo\build\sketch\BH1750.cpp.o
                0x000020fc                BH1750::BH1750(unsigned char)
                0x000020fc                BH1750::BH1750(unsigned char)
 .text._ZN6BH17509configureENS_4ModeE
                0x00002118       0x98 c:\project\HerBo\build\sketch\BH1750.cpp.o
                0x00002118                BH1750::configure(BH1750::Mode)
 .text._ZN6BH17505beginENS_4ModeEhP7TwoWire
                0x000021b0       0x14 c:\project\HerBo\build\sketch\BH1750.cpp.o
                0x000021b0                BH1750::begin(BH1750::Mode, unsigned char, TwoWire*)
 .text._ZN5Light6toggleEb
                0x000021c4       0x16 c:\project\HerBo\build\sketch\photo_period.cpp.o
                0x000021c4                Light::toggle(bool)
 .text._ZN5LightC2Eib
                0x000021da       0x1c c:\project\HerBo\build\sketch\photo_period.cpp.o
                0x000021da                Light::Light(int, bool)
                0x000021da                Light::Light(int, bool)
 *fill*         0x000021f6        0x2 
 .text._ZN5Light3dimEi
                0x000021f8       0x1c c:\project\HerBo\build\sketch\photo_period.cpp.o
                0x000021f8                Light::dim(int)
 .text.setup    0x00002214       0xc4 c:\project\HerBo\build\sketch\sources.ino.cpp.o
                0x00002214                setup
 .text._Z7pairiodmm
                0x000022d8       0x70 c:\project\HerBo\build\sketch\sources.ino.cpp.o
                0x000022d8                pairiod(unsigned long, unsigned long)
 .text.loop     0x00002348       0x64 c:\project\HerBo\build\sketch\sources.ino.cpp.o
                0x00002348                loop
 .text.startup._GLOBAL__sub_I_lightMeter
                0x000023ac       0x24 c:\project\HerBo\build\sketch\sources.ino.cpp.o
 .text._Z9get_epochhhhhhh
                0x000023d0       0x34 c:\project\HerBo\build\sketch\timeduino.cpp.o
                0x000023d0                get_epoch(unsigned char, unsigned char, unsigned char, unsigned char, unsigned char, unsigned char)
 .text._Z16set_time_RTCZerom
                0x00002404       0x10 c:\project\HerBo\build\sketch\timeduino.cpp.o
                0x00002404                set_time_RTCZero(unsigned long)
 .text.startup._GLOBAL__sub_I_rtc
                0x00002414       0x10 c:\project\HerBo\build\sketch\timeduino.cpp.o
 .text.startup._GLOBAL__sub_I_keyIndex
                0x00002424       0x18 c:\project\HerBo\build\sketch\wifi.cpp.o
 .text.startup._GLOBAL__sub_I__ZN8SPIClassC2EP6SERCOMhhh14SercomSpiTXPad11SercomRXPad
                0x0000243c       0x68 c:\project\HerBo\build\libraries\SPI\SPI.cpp.o
 .text.startup._GLOBAL__sub_I__ZN9WiFiClassC2Ev
                0x000024a4       0x24 c:\project\HerBo\build\libraries\WiFiNINA\WiFi.cpp.o
 .text._ZN5Print17availableForWriteEv
                0x000024c8        0x4 c:\project\HerBo\build\libraries\WiFiNINA\WiFiClient.cpp.o
                0x000024c8                Print::availableForWrite()
 .text.startup._GLOBAL__sub_I__ZN10WiFiClient8_srcportE
                0x000024cc       0x18 c:\project\HerBo\build\libraries\WiFiNINA\WiFiClient.cpp.o
 .text.startup._GLOBAL__sub_I__ZN13WiFiSSLClientC2Ev
                0x000024e4       0x18 c:\project\HerBo\build\libraries\WiFiNINA\WiFiSSLClient.cpp.o
 .text.startup._GLOBAL__sub_I__ZN10WiFiServerC2Et
                0x000024fc       0x18 c:\project\HerBo\build\libraries\WiFiNINA\WiFiServer.cpp.o
 .text.startup._GLOBAL__sub_I__ZN7WiFiUDPC2Ev
                0x00002514       0x18 c:\project\HerBo\build\libraries\WiFiNINA\WiFiUdp.cpp.o
 .text._ZN21WiFiSocketBufferClassC2Ev
                0x0000252c       0x10 c:\project\HerBo\build\libraries\WiFiNINA\utility\WiFiSocketBuffer.cpp.o
                0x0000252c                WiFiSocketBufferClass::WiFiSocketBufferClass()
                0x0000252c                WiFiSocketBufferClass::WiFiSocketBufferClass()
 .text._ZN21WiFiSocketBufferClass5closeEi
                0x0000253c       0x1c c:\project\HerBo\build\libraries\WiFiNINA\utility\WiFiSocketBuffer.cpp.o
                0x0000253c                WiFiSocketBufferClass::close(int)
 .text._ZN21WiFiSocketBufferClassD2Ev
                0x00002558       0x18 c:\project\HerBo\build\libraries\WiFiNINA\utility\WiFiSocketBuffer.cpp.o
                0x00002558                WiFiSocketBufferClass::~WiFiSocketBufferClass()
                0x00002558                WiFiSocketBufferClass::~WiFiSocketBufferClass()
 .text.startup._GLOBAL__sub_I__ZN21WiFiSocketBufferClassC2Ev
                0x00002570       0x24 c:\project\HerBo\build\libraries\WiFiNINA\utility\WiFiSocketBuffer.cpp.o
 .text.startup._GLOBAL__sub_I__ZN7WiFiDrv12_networkSsidE
                0x00002594       0x18 c:\project\HerBo\build\libraries\WiFiNINA\utility\wifi_drv.cpp.o
 .text._ZN7TwoWire5writeEPKhj
                0x000025ac       0x24 c:\project\HerBo\build\libraries\Wire\Wire.cpp.o
                0x000025ac                TwoWire::write(unsigned char const*, unsigned int)
 .text._ZN7TwoWire5flushEv
                0x000025d0        0x2 c:\project\HerBo\build\libraries\Wire\Wire.cpp.o
                0x000025d0                TwoWire::flush()
 .text._ZN7TwoWire4peekEv
                0x000025d2       0x1a c:\project\HerBo\build\libraries\Wire\Wire.cpp.o
                0x000025d2                TwoWire::peek()
 .text._ZN7TwoWire9availableEv
                0x000025ec       0x12 c:\project\HerBo\build\libraries\Wire\Wire.cpp.o
                0x000025ec                TwoWire::available()
 *fill*         0x000025fe        0x2 
 .text._ZN7TwoWireC2EP6SERCOMhh
                0x00002600       0x60 c:\project\HerBo\build\libraries\Wire\Wire.cpp.o
                0x00002600                TwoWire::TwoWire(SERCOM*, unsigned char, unsigned char)
                0x00002600                TwoWire::TwoWire(SERCOM*, unsigned char, unsigned char)
 .text._ZN7TwoWire5beginEv
                0x00002660       0x40 c:\project\HerBo\build\libraries\Wire\Wire.cpp.o
                0x00002660                TwoWire::begin()
 .text._ZN7TwoWire17beginTransmissionEh
                0x000026a0       0x16 c:\project\HerBo\build\libraries\Wire\Wire.cpp.o
                0x000026a0                TwoWire::beginTransmission(unsigned char)
 .text._ZN11RingBufferNILi256EE10store_charEh
                0x000026b6       0x1a c:\project\HerBo\build\libraries\Wire\Wire.cpp.o
                0x000026b6                RingBufferN<256>::store_char(unsigned char)
 .text._ZN7TwoWire5writeEh
                0x000026d0       0x2a c:\project\HerBo\build\libraries\Wire\Wire.cpp.o
                0x000026d0                TwoWire::write(unsigned char)
 .text._ZN11RingBufferNILi256EE9read_charEv
                0x000026fa       0x20 c:\project\HerBo\build\libraries\Wire\Wire.cpp.o
                0x000026fa                RingBufferN<256>::read_char()
 .text._ZN7TwoWire15endTransmissionEb
                0x0000271a       0x70 c:\project\HerBo\build\libraries\Wire\Wire.cpp.o
                0x0000271a                TwoWire::endTransmission(bool)
 .text._ZN7TwoWire15endTransmissionEv
                0x0000278a        0xa c:\project\HerBo\build\libraries\Wire\Wire.cpp.o
                0x0000278a                TwoWire::endTransmission()
 .text._ZN7TwoWire4readEv
                0x00002794        0xa c:\project\HerBo\build\libraries\Wire\Wire.cpp.o
                0x00002794                TwoWire::read()
 .text._ZN7TwoWire9onServiceEv
                0x0000279e      0x11c c:\project\HerBo\build\libraries\Wire\Wire.cpp.o
                0x0000279e                TwoWire::onService()
 *fill*         0x000028ba        0x2 
 .text.SERCOM2_Handler
                0x000028bc       0x10 c:\project\HerBo\build\libraries\Wire\Wire.cpp.o
                0x000028bc                SERCOM2_Handler
 .text.startup._GLOBAL__sub_I__ZN7TwoWireC2EP6SERCOMhh
                0x000028cc       0x18 c:\project\HerBo\build\libraries\Wire\Wire.cpp.o
 .text._ZN7RTCZeroC2Ev
                0x000028e4        0x6 c:\project\HerBo\build\libraries\RTCZero\RTCZero.cpp.o
                0x000028e4                RTCZero::RTCZero()
                0x000028e4                RTCZero::RTCZero()
 *fill*         0x000028ea        0x2 
 .text.RTC_Handler
                0x000028ec       0x1c c:\project\HerBo\build\libraries\RTCZero\RTCZero.cpp.o
                0x000028ec                RTC_Handler
 .text._ZN7RTCZero8setEpochEm
                0x00002908       0x64 c:\project\HerBo\build\libraries\RTCZero\RTCZero.cpp.o
                0x00002908                RTCZero::setEpoch(unsigned long)
 .text._Z11initVariantv
                0x0000296c       0xf8 c:\project\HerBo\build\core\variant.cpp.o
                0x0000296c                initVariant()
 .text.SERCOM5_Handler
                0x00002a64       0x10 c:\project\HerBo\build\core\variant.cpp.o
                0x00002a64                SERCOM5_Handler
 .text.SERCOM4_Handler
                0x00002a74       0x10 c:\project\HerBo\build\core\variant.cpp.o
                0x00002a74                SERCOM4_Handler
 .text.startup._GLOBAL__sub_I_g_APinDescription
                0x00002a84       0xa0 c:\project\HerBo\build\core\variant.cpp.o
 .text.Dummy_Handler
                0x00002b24        0x2 c:\project\HerBo\build/core\core.a(cortex_handlers.c.o)
                0x00002b24                DMAC_Handler
                0x00002b24                HardFault_Handler
                0x00002b24                AC_Handler
                0x00002b24                PendSV_Handler
                0x00002b24                NMI_Handler
                0x00002b24                TC7_Handler
                0x00002b24                SERCOM1_Handler
                0x00002b24                ADC_Handler
                0x00002b24                TCC1_Handler
                0x00002b24                TCC0_Handler
                0x00002b24                EIC_Handler
                0x00002b24                TC6_Handler
                0x00002b24                WDT_Handler
                0x00002b24                TC4_Handler
                0x00002b24                TC3_Handler
                0x00002b24                Dummy_Handler
                0x00002b24                PM_Handler
                0x00002b24                SVC_Handler
                0x00002b24                TCC2_Handler
                0x00002b24                EVSYS_Handler
                0x00002b24                SERCOM3_Handler
                0x00002b24                I2S_Handler
                0x00002b24                NVMCTRL_Handler
                0x00002b24                SERCOM0_Handler
                0x00002b24                DAC_Handler
                0x00002b24                PTC_Handler
                0x00002b24                SYSCTRL_Handler
 *fill*         0x00002b26        0x2 
 .text.USB_Handler
                0x00002b28       0x14 c:\project\HerBo\build/core\core.a(cortex_handlers.c.o)
                0x00002b28                USB_Handler
 .text.Reset_Handler
                0x00002b3c       0x54 c:\project\HerBo\build/core\core.a(cortex_handlers.c.o)
                0x00002b3c                Reset_Handler
 .text.SysTick_Handler
                0x00002b90       0x10 c:\project\HerBo\build/core\core.a(cortex_handlers.c.o)
                0x00002b90                SysTick_Handler
 .text.USB_SetHandler
                0x00002ba0        0xc c:\project\HerBo\build/core\core.a(cortex_handlers.c.o)
                0x00002ba0                USB_SetHandler
 .text.millis   0x00002bac        0xc c:\project\HerBo\build/core\core.a(delay.c.o)
                0x00002bac                millis
 .text.micros   0x00002bb8       0x60 c:\project\HerBo\build/core\core.a(delay.c.o)
                0x00002bb8                micros
 .text.delay    0x00002c18       0x30 c:\project\HerBo\build/core\core.a(delay.c.o)
                0x00002c18                delay
 .text.resetExternalChip
                0x00002c48        0x2 c:\project\HerBo\build/core\core.a(delay.c.o)
                0x00002c48                resetExternalChip
 *fill*         0x00002c4a        0x2 
 .text.SysTick_DefaultHandler
                0x00002c4c       0x14 c:\project\HerBo\build/core\core.a(delay.c.o)
                0x00002c4c                SysTick_DefaultHandler
 .text.__empty  0x00002c60        0x2 c:\project\HerBo\build/core\core.a(hooks.c.o)
                0x00002c60                yield
 .text.__false  0x00002c62        0x4 c:\project\HerBo\build/core\core.a(hooks.c.o)
                0x00002c62                sysTickHook
 *fill*         0x00002c66        0x2 
 .text.SystemInit
                0x00002c68      0x160 c:\project\HerBo\build/core\core.a(startup.c.o)
                0x00002c68                SystemInit
 .text.init     0x00002dc8       0xf0 c:\project\HerBo\build/core\core.a(wiring.c.o)
                0x00002dc8                init
 .text.mapResolution
                0x00002eb8       0x12 c:\project\HerBo\build/core\core.a(wiring_analog.c.o)
 *fill*         0x00002eca        0x2 
 .text.analogWriteResolution
                0x00002ecc        0xc c:\project\HerBo\build/core\core.a(wiring_analog.c.o)
                0x00002ecc                analogWriteResolution
 .text.analogReference
                0x00002ed8       0x64 c:\project\HerBo\build/core\core.a(wiring_analog.c.o)
                0x00002ed8                analogReference
 .text.analogRead
                0x00002f3c       0xd8 c:\project\HerBo\build/core\core.a(wiring_analog.c.o)
                0x00002f3c                analogRead
 .text.analogWrite
                0x00003014      0x1d4 c:\project\HerBo\build/core\core.a(wiring_analog.c.o)
                0x00003014                analogWrite
 .text.pinMode  0x000031e8       0x98 c:\project\HerBo\build/core\core.a(wiring_digital.c.o)
                0x000031e8                pinMode
 .text.digitalWrite
                0x00003280       0x58 c:\project\HerBo\build/core\core.a(wiring_digital.c.o)
                0x00003280                digitalWrite
 .text.pinPeripheral
                0x000032d8       0xc0 c:\project\HerBo\build/core\core.a(wiring_private.c.o)
                0x000032d8                pinPeripheral
 .text._ZNK9IPAddress7printToER5Print
                0x00003398       0x44 c:\project\HerBo\build/core\core.a(IPAddress.cpp.o)
                0x00003398                IPAddress::printTo(Print&) const
 .text._ZN9IPAddressC2Ehhhh
                0x000033dc       0x1c c:\project\HerBo\build/core\core.a(IPAddress.cpp.o)
                0x000033dc                IPAddress::IPAddress(unsigned char, unsigned char, unsigned char, unsigned char)
                0x000033dc                IPAddress::IPAddress(unsigned char, unsigned char, unsigned char, unsigned char)
 .text._ZN5Print5writeEPKhj
                0x000033f8       0x28 c:\project\HerBo\build/core\core.a(Print.cpp.o)
                0x000033f8                Print::write(unsigned char const*, unsigned int)
 .text._ZN5Print5writeEPKc.part.2
                0x00003420       0x1a c:\project\HerBo\build/core\core.a(Print.cpp.o)
 .text._ZN5Print5writeEPKc
                0x0000343a       0x10 c:\project\HerBo\build/core\core.a(Print.cpp.o)
                0x0000343a                Print::write(char const*)
 .text._ZN5Print5printEc
                0x0000344a        0xa c:\project\HerBo\build/core\core.a(Print.cpp.o)
                0x0000344a                Print::print(char)
 .text._ZN5Print7printlnEv
                0x00003454       0x10 c:\project\HerBo\build/core\core.a(Print.cpp.o)
                0x00003454                Print::println()
 .text._ZN5Print7printlnEPK19__FlashStringHelper
                0x00003464       0x14 c:\project\HerBo\build/core\core.a(Print.cpp.o)
                0x00003464                Print::println(__FlashStringHelper const*)
 .text._ZN5Print7printlnEPKc
                0x00003478       0x14 c:\project\HerBo\build/core\core.a(Print.cpp.o)
                0x00003478                Print::println(char const*)
 .text._ZN5Print11printNumberEmh
                0x0000348c       0x48 c:\project\HerBo\build/core\core.a(Print.cpp.o)
                0x0000348c                Print::printNumber(unsigned long, unsigned char)
 .text._ZN5Print5printEli
                0x000034d4       0x3e c:\project\HerBo\build/core\core.a(Print.cpp.o)
                0x000034d4                Print::print(long, int)
 .text._ZN5Print7printlnEii
                0x00003512       0x14 c:\project\HerBo\build/core\core.a(Print.cpp.o)
                0x00003512                Print::println(int, int)
 .text._ZN5Print5printEmi
                0x00003526       0x18 c:\project\HerBo\build/core\core.a(Print.cpp.o)
                0x00003526                Print::print(unsigned long, int)
 .text._ZN5Print5printEhi
                0x0000353e        0x8 c:\project\HerBo\build/core\core.a(Print.cpp.o)
                0x0000353e                Print::print(unsigned char, int)
 *fill*         0x00003546        0x2 
 .text.initiateReset
                0x00003548       0x14 c:\project\HerBo\build/core\core.a(Reset.cpp.o)
                0x00003548                initiateReset
 .text.cancelReset
                0x0000355c       0x10 c:\project\HerBo\build/core\core.a(Reset.cpp.o)
                0x0000355c                cancelReset
 .text.tickReset
                0x0000356c       0x78 c:\project\HerBo\build/core\core.a(Reset.cpp.o)
                0x0000356c                tickReset
 .text._ZN6SERCOMC2EP6Sercom
                0x000035e4        0x4 c:\project\HerBo\build/core\core.a(SERCOM.cpp.o)
                0x000035e4                SERCOM::SERCOM(Sercom*)
                0x000035e4                SERCOM::SERCOM(Sercom*)
 .text._ZN6SERCOM9initFrameE18SercomUartCharSize15SercomDataOrder16SercomParityMode19SercomNumberStopBit
                0x000035e8       0x3a c:\project\HerBo\build/core\core.a(SERCOM.cpp.o)
                0x000035e8                SERCOM::initFrame(SercomUartCharSize, SercomDataOrder, SercomParityMode, SercomNumberStopBit)
 .text._ZN6SERCOM8initPadsE15SercomUartTXPad11SercomRXPad
                0x00003622       0x26 c:\project\HerBo\build/core\core.a(SERCOM.cpp.o)
                0x00003622                SERCOM::initPads(SercomUartTXPad, SercomRXPad)
 .text._ZN6SERCOM9resetUARTEv
                0x00003648       0x1a c:\project\HerBo\build/core\core.a(SERCOM.cpp.o)
                0x00003648                SERCOM::resetUART()
 .text._ZN6SERCOM10enableUARTEv
                0x00003662       0x14 c:\project\HerBo\build/core\core.a(SERCOM.cpp.o)
                0x00003662                SERCOM::enableUART()
 .text._ZN6SERCOM9flushUARTEv
                0x00003676       0x10 c:\project\HerBo\build/core\core.a(SERCOM.cpp.o)
                0x00003676                SERCOM::flushUART()
 .text._ZN6SERCOM15clearStatusUARTEv
                0x00003686        0x8 c:\project\HerBo\build/core\core.a(SERCOM.cpp.o)
                0x00003686                SERCOM::clearStatusUART()
 .text._ZN6SERCOM17availableDataUARTEv
                0x0000368e        0xa c:\project\HerBo\build/core\core.a(SERCOM.cpp.o)
                0x0000368e                SERCOM::availableDataUART()
 .text._ZN6SERCOM11isUARTErrorEv
                0x00003698        0x8 c:\project\HerBo\build/core\core.a(SERCOM.cpp.o)
                0x00003698                SERCOM::isUARTError()
 .text._ZN6SERCOM20acknowledgeUARTErrorEv
                0x000036a0        0xe c:\project\HerBo\build/core\core.a(SERCOM.cpp.o)
                0x000036a0                SERCOM::acknowledgeUARTError()
 .text._ZN6SERCOM16isFrameErrorUARTEv
                0x000036ae        0xa c:\project\HerBo\build/core\core.a(SERCOM.cpp.o)
                0x000036ae                SERCOM::isFrameErrorUART()
 .text._ZN6SERCOM19clearFrameErrorUARTEv
                0x000036b8        0xc c:\project\HerBo\build/core\core.a(SERCOM.cpp.o)
                0x000036b8                SERCOM::clearFrameErrorUART()
 .text._ZN6SERCOM23isDataRegisterEmptyUARTEv
                0x000036c4        0xa c:\project\HerBo\build/core\core.a(SERCOM.cpp.o)
                0x000036c4                SERCOM::isDataRegisterEmptyUART()
 .text._ZN6SERCOM12readDataUARTEv
                0x000036ce        0x8 c:\project\HerBo\build/core\core.a(SERCOM.cpp.o)
                0x000036ce                SERCOM::readDataUART()
 .text._ZN6SERCOM13writeDataUARTEh
                0x000036d6       0x10 c:\project\HerBo\build/core\core.a(SERCOM.cpp.o)
                0x000036d6                SERCOM::writeDataUART(unsigned char)
 .text._ZN6SERCOM36enableDataRegisterEmptyInterruptUARTEv
                0x000036e6        0x8 c:\project\HerBo\build/core\core.a(SERCOM.cpp.o)
                0x000036e6                SERCOM::enableDataRegisterEmptyInterruptUART()
 .text._ZN6SERCOM37disableDataRegisterEmptyInterruptUARTEv
                0x000036ee        0x8 c:\project\HerBo\build/core\core.a(SERCOM.cpp.o)
                0x000036ee                SERCOM::disableDataRegisterEmptyInterruptUART()
 .text._ZN6SERCOM9resetWIREEv
                0x000036f6       0x1a c:\project\HerBo\build/core\core.a(SERCOM.cpp.o)
                0x000036f6                SERCOM::resetWIRE()
 .text._ZN6SERCOM10enableWIREEv
                0x00003710       0x2a c:\project\HerBo\build/core\core.a(SERCOM.cpp.o)
                0x00003710                SERCOM::enableWIRE()
 .text._ZN6SERCOM11disableWIREEv
                0x0000373a       0x14 c:\project\HerBo\build/core\core.a(SERCOM.cpp.o)
                0x0000373a                SERCOM::disableWIRE()
 .text._ZN6SERCOM18prepareNackBitWIREEv
                0x0000374e       0x10 c:\project\HerBo\build/core\core.a(SERCOM.cpp.o)
                0x0000374e                SERCOM::prepareNackBitWIRE()
 *fill*         0x0000375e        0x2 
 .text._ZN6SERCOM17prepareAckBitWIREEv
                0x00003760       0x14 c:\project\HerBo\build/core\core.a(SERCOM.cpp.o)
                0x00003760                SERCOM::prepareAckBitWIRE()
 .text._ZN6SERCOM22prepareCommandBitsWireEh
                0x00003774       0x2c c:\project\HerBo\build/core\core.a(SERCOM.cpp.o)
                0x00003774                SERCOM::prepareCommandBitsWire(unsigned char)
 .text._ZN6SERCOM21startTransmissionWIREEh23SercomWireReadWriteFlag
                0x000037a0       0x84 c:\project\HerBo\build/core\core.a(SERCOM.cpp.o)
                0x000037a0                SERCOM::startTransmissionWIRE(unsigned char, SercomWireReadWriteFlag)
 .text._ZN6SERCOM18sendDataMasterWIREEh
                0x00003824       0x24 c:\project\HerBo\build/core\core.a(SERCOM.cpp.o)
                0x00003824                SERCOM::sendDataMasterWIRE(unsigned char)
 .text._ZN6SERCOM17sendDataSlaveWIREEh
                0x00003848       0x1c c:\project\HerBo\build/core\core.a(SERCOM.cpp.o)
                0x00003848                SERCOM::sendDataSlaveWIRE(unsigned char)
 .text._ZN6SERCOM11isSlaveWIREEv
                0x00003864       0x12 c:\project\HerBo\build/core\core.a(SERCOM.cpp.o)
                0x00003864                SERCOM::isSlaveWIRE()
 .text._ZN6SERCOM15isDataReadyWIREEv
                0x00003876        0xa c:\project\HerBo\build/core\core.a(SERCOM.cpp.o)
                0x00003876                SERCOM::isDataReadyWIRE()
 .text._ZN6SERCOM18isStopDetectedWIREEv
                0x00003880        0xa c:\project\HerBo\build/core\core.a(SERCOM.cpp.o)
                0x00003880                SERCOM::isStopDetectedWIRE()
 .text._ZN6SERCOM21isRestartDetectedWIREEv
                0x0000388a        0xa c:\project\HerBo\build/core\core.a(SERCOM.cpp.o)
                0x0000388a                SERCOM::isRestartDetectedWIRE()
 .text._ZN6SERCOM14isAddressMatchEv
                0x00003894        0xa c:\project\HerBo\build/core\core.a(SERCOM.cpp.o)
                0x00003894                SERCOM::isAddressMatch()
 .text._ZN6SERCOM25isMasterReadOperationWIREEv
                0x0000389e        0xa c:\project\HerBo\build/core\core.a(SERCOM.cpp.o)
                0x0000389e                SERCOM::isMasterReadOperationWIRE()
 .text._ZN6SERCOM12readDataWIREEv
                0x000038a8       0x20 c:\project\HerBo\build/core\core.a(SERCOM.cpp.o)
                0x000038a8                SERCOM::readDataWIRE()
 .text._ZN6SERCOM13initClockNVICEv
                0x000038c8       0xa8 c:\project\HerBo\build/core\core.a(SERCOM.cpp.o)
                0x000038c8                SERCOM::initClockNVIC()
 .text._ZN6SERCOM8initUARTE14SercomUartMode20SercomUartSampleRatem
                0x00003970       0x6c c:\project\HerBo\build/core\core.a(SERCOM.cpp.o)
                0x00003970                SERCOM::initUART(SercomUartMode, SercomUartSampleRate, unsigned long)
 .text._ZN6SERCOM14initMasterWIREEm
                0x000039dc       0x54 c:\project\HerBo\build/core\core.a(SERCOM.cpp.o)
                0x000039dc                SERCOM::initMasterWIRE(unsigned long)
 .text._ZN7Serial_13getDescriptorER8USBSetup
                0x00003a30        0x4 c:\project\HerBo\build/core\core.a(CDC.cpp.o)
                0x00003a30                Serial_::getDescriptor(USBSetup&)
 .text._ZL5utox8mPc
                0x00003a34       0x24 c:\project\HerBo\build/core\core.a(CDC.cpp.o)
 .text._ZN7Serial_12getShortNameEPc
                0x00003a58       0x44 c:\project\HerBo\build/core\core.a(CDC.cpp.o)
                0x00003a58                Serial_::getShortName(char*)
 .text._ZThn16_N7Serial_12getShortNameEPc
                0x00003a9c       0x10 c:\project\HerBo\build/core\core.a(CDC.cpp.o)
                0x00003a9c                non-virtual thunk to Serial_::getShortName(char*)
 .text._ZN7Serial_14handleEndpointEi
                0x00003aac        0x2 c:\project\HerBo\build/core\core.a(CDC.cpp.o)
                0x00003aac                Serial_::handleEndpoint(int)
 .text._ZN7Serial_17availableForWriteEv
                0x00003aae        0x4 c:\project\HerBo\build/core\core.a(CDC.cpp.o)
                0x00003aae                Serial_::availableForWrite()
 .text._ZN7Serial_5writeEh
                0x00003ab2       0x14 c:\project\HerBo\build/core\core.a(CDC.cpp.o)
                0x00003ab2                Serial_::write(unsigned char)
 *fill*         0x00003ac6        0x2 
 .text._ZN7Serial_12getInterfaceEPh
                0x00003ac8      0x11c c:\project\HerBo\build/core\core.a(CDC.cpp.o)
                0x00003ac8                Serial_::getInterface(unsigned char*)
 .text._ZThn16_N7Serial_12getInterfaceEPh
                0x00003be4       0x10 c:\project\HerBo\build/core\core.a(CDC.cpp.o)
                0x00003be4                non-virtual thunk to Serial_::getInterface(unsigned char*)
 .text._ZN7Serial_5setupER8USBSetup
                0x00003bf4       0xa8 c:\project\HerBo\build/core\core.a(CDC.cpp.o)
                0x00003bf4                Serial_::setup(USBSetup&)
 .text._ZThn16_N7Serial_5setupER8USBSetup
                0x00003c9c       0x10 c:\project\HerBo\build/core\core.a(CDC.cpp.o)
                0x00003c9c                non-virtual thunk to Serial_::setup(USBSetup&)
 .text._ZN7Serial_9availableEv
                0x00003cac       0x20 c:\project\HerBo\build/core\core.a(CDC.cpp.o)
                0x00003cac                Serial_::available()
 .text._ZN7Serial_5flushEv
                0x00003ccc        0xe c:\project\HerBo\build/core\core.a(CDC.cpp.o)
                0x00003ccc                Serial_::flush()
 .text._ZN7Serial_5clearEv
                0x00003cda        0xe c:\project\HerBo\build/core\core.a(CDC.cpp.o)
                0x00003cda                Serial_::clear()
 .text._ZN7Serial_5writeEPKhj
                0x00003ce8       0x1e c:\project\HerBo\build/core\core.a(CDC.cpp.o)
                0x00003ce8                Serial_::write(unsigned char const*, unsigned int)
 *fill*         0x00003d06        0x2 
 .text._ZN7Serial_4peekEv
                0x00003d08       0x1c c:\project\HerBo\build/core\core.a(CDC.cpp.o)
                0x00003d08                Serial_::peek()
 .text._ZN7Serial_4readEv
                0x00003d24       0x24 c:\project\HerBo\build/core\core.a(CDC.cpp.o)
                0x00003d24                Serial_::read()
 .text._ZThn16_N7Serial_14handleEndpointEi
                0x00003d48        0x2 c:\project\HerBo\build/core\core.a(CDC.cpp.o)
                0x00003d48                non-virtual thunk to Serial_::handleEndpoint(int)
 .text._ZThn16_N7Serial_13getDescriptorER8USBSetup
                0x00003d4a        0x4 c:\project\HerBo\build/core\core.a(CDC.cpp.o)
                0x00003d4a                non-virtual thunk to Serial_::getDescriptor(USBSetup&)
 *fill*         0x00003d4e        0x2 
 .text._ZN7Serial_C2ER14USBDeviceClass
                0x00003d50       0x50 c:\project\HerBo\build/core\core.a(CDC.cpp.o)
                0x00003d50                Serial_::Serial_(USBDeviceClass&)
                0x00003d50                Serial_::Serial_(USBDeviceClass&)
 .text._ZN7Serial_15enableInterruptEv
                0x00003da0       0x30 c:\project\HerBo\build/core\core.a(CDC.cpp.o)
                0x00003da0                Serial_::enableInterrupt()
 .text._ZN7Serial_5beginEm
                0x00003dd0        0x2 c:\project\HerBo\build/core\core.a(CDC.cpp.o)
                0x00003dd0                Serial_::begin(unsigned long)
 *fill*         0x00003dd2        0x2 
 .text._ZN7Serial_cvbEv
                0x00003dd4       0x28 c:\project\HerBo\build/core\core.a(CDC.cpp.o)
                0x00003dd4                Serial_::operator bool()
 .text.startup._GLOBAL__sub_I__ZN7Serial_12getInterfaceEPh
                0x00003dfc       0x14 c:\project\HerBo\build/core\core.a(CDC.cpp.o)
 .text._ZN13PluggableUSB_12getInterfaceEPh
                0x00003e10       0x28 c:\project\HerBo\build/core\core.a(PluggableUSB.cpp.o)
                0x00003e10                PluggableUSB_::getInterface(unsigned char*)
 .text._ZN13PluggableUSB_13getDescriptorER8USBSetup
                0x00003e38       0x20 c:\project\HerBo\build/core\core.a(PluggableUSB.cpp.o)
                0x00003e38                PluggableUSB_::getDescriptor(USBSetup&)
 .text._ZN13PluggableUSB_12getShortNameEPc
                0x00003e58       0x26 c:\project\HerBo\build/core\core.a(PluggableUSB.cpp.o)
                0x00003e58                PluggableUSB_::getShortName(char*)
 .text._ZN13PluggableUSB_5setupER8USBSetup
                0x00003e7e       0x20 c:\project\HerBo\build/core\core.a(PluggableUSB.cpp.o)
                0x00003e7e                PluggableUSB_::setup(USBSetup&)
 .text._ZN13PluggableUSB_14handleEndpointEi
                0x00003e9e       0x1a c:\project\HerBo\build/core\core.a(PluggableUSB.cpp.o)
                0x00003e9e                PluggableUSB_::handleEndpoint(int)
 .text._ZN13PluggableUSB_4plugEP18PluggableUSBModule
                0x00003eb8       0x58 c:\project\HerBo\build/core\core.a(PluggableUSB.cpp.o)
                0x00003eb8                PluggableUSB_::plug(PluggableUSBModule*)
 .text._Z12PluggableUSBv
                0x00003f10       0x24 c:\project\HerBo\build/core\core.a(PluggableUSB.cpp.o)
                0x00003f10                PluggableUSB()
 .text._ZN26DoubleBufferedEPOutHandlerD2Ev
                0x00003f34        0x2 c:\project\HerBo\build/core\core.a(USBCore.cpp.o)
                0x00003f34                DoubleBufferedEPOutHandler::~DoubleBufferedEPOutHandler()
                0x00003f34                DoubleBufferedEPOutHandler::~DoubleBufferedEPOutHandler()
 .text._ZN26DoubleBufferedEPOutHandlerD0Ev
                0x00003f36        0xc c:\project\HerBo\build/core\core.a(USBCore.cpp.o)
                0x00003f36                DoubleBufferedEPOutHandler::~DoubleBufferedEPOutHandler()
 *fill*         0x00003f42        0x2 
 .text._ZN14USBDeviceClass6initEPEmm.part.7
                0x00003f44       0xc4 c:\project\HerBo\build/core\core.a(USBCore.cpp.o)
 .text._ZN7__GuardC2Ev
                0x00004008        0xe c:\project\HerBo\build/core\core.a(USBCore.cpp.o)
                0x00004008                __Guard::__Guard()
                0x00004008                __Guard::__Guard()
 .text._ZN7__GuardD2Ev
                0x00004016        0xe c:\project\HerBo\build/core\core.a(USBCore.cpp.o)
                0x00004016                __Guard::~__Guard()
                0x00004016                __Guard::~__Guard()
 .text._ZNK26DoubleBufferedEPOutHandler10_availableEv
                0x00004024       0x70 c:\project\HerBo\build/core\core.a(USBCore.cpp.o)
                0x00004024                DoubleBufferedEPOutHandler::_available() const
 .text._ZN26DoubleBufferedEPOutHandler7releaseEv
                0x00004094       0x3c c:\project\HerBo\build/core\core.a(USBCore.cpp.o)
                0x00004094                DoubleBufferedEPOutHandler::release()
 .text._ZN26DoubleBufferedEPOutHandler14handleEndpointEv
                0x000040d0       0xea c:\project\HerBo\build/core\core.a(USBCore.cpp.o)
                0x000040d0                DoubleBufferedEPOutHandler::handleEndpoint()
 .text._ZN26DoubleBufferedEPOutHandler5_recvEv
                0x000041ba      0x198 c:\project\HerBo\build/core\core.a(USBCore.cpp.o)
                0x000041ba                DoubleBufferedEPOutHandler::_recv()
 .text._ZN26DoubleBufferedEPOutHandler4peekEv
                0x00004352       0x22 c:\project\HerBo\build/core\core.a(USBCore.cpp.o)
                0x00004352                DoubleBufferedEPOutHandler::peek()
 .text._ZN26DoubleBufferedEPOutHandler9availableEv
                0x00004374       0x18 c:\project\HerBo\build/core\core.a(USBCore.cpp.o)
                0x00004374                DoubleBufferedEPOutHandler::available()
 .text._ZN26DoubleBufferedEPOutHandler4recvEPvm
                0x0000438c       0x72 c:\project\HerBo\build/core\core.a(USBCore.cpp.o)
                0x0000438c                DoubleBufferedEPOutHandler::recv(void*, unsigned long)
 .text._ZN14USBDeviceClass14SendInterfacesEPm
                0x000043fe       0x20 c:\project\HerBo\build/core\core.a(USBCore.cpp.o)
                0x000043fe                USBDeviceClass::SendInterfaces(unsigned long*)
 *fill*         0x0000441e        0x2 
 .text._ZN14USBDeviceClass4initEv
                0x00004420      0x144 c:\project\HerBo\build/core\core.a(USBCore.cpp.o)
                0x00004420                USBDeviceClass::init()
 .text._ZN14USBDeviceClass6attachEv
                0x00004564       0x34 c:\project\HerBo\build/core\core.a(USBCore.cpp.o)
                0x00004564                USBDeviceClass::attach()
 .text._ZN14USBDeviceClass10setAddressEm
                0x00004598       0x48 c:\project\HerBo\build/core\core.a(USBCore.cpp.o)
                0x00004598                USBDeviceClass::setAddress(unsigned long)
 .text._ZN14USBDeviceClass25handleClassInterfaceSetupER8USBSetup
                0x000045e0       0x24 c:\project\HerBo\build/core\core.a(USBCore.cpp.o)
                0x000045e0                USBDeviceClass::handleClassInterfaceSetup(USBSetup&)
 .text._ZN14USBDeviceClass6initEPEmm
                0x00004604      0x120 c:\project\HerBo\build/core\core.a(USBCore.cpp.o)
                0x00004604                USBDeviceClass::initEP(unsigned long, unsigned long)
 .text._ZN14USBDeviceClass13initEndpointsEv
                0x00004724       0x24 c:\project\HerBo\build/core\core.a(USBCore.cpp.o)
                0x00004724                USBDeviceClass::initEndpoints()
 .text._ZN14USBDeviceClass5clearEm
                0x00004748       0x38 c:\project\HerBo\build/core\core.a(USBCore.cpp.o)
                0x00004748                USBDeviceClass::clear(unsigned long)
 .text._ZN14USBDeviceClass9availableEm
                0x00004780       0x2c c:\project\HerBo\build/core\core.a(USBCore.cpp.o)
                0x00004780                USBDeviceClass::available(unsigned long)
 .text._ZN14USBDeviceClass5flushEm
                0x000047ac       0x2c c:\project\HerBo\build/core\core.a(USBCore.cpp.o)
                0x000047ac                USBDeviceClass::flush(unsigned long)
 .text._ZN14USBDeviceClass4recvEmPvm
                0x000047d8       0xc0 c:\project\HerBo\build/core\core.a(USBCore.cpp.o)
                0x000047d8                USBDeviceClass::recv(unsigned long, void*, unsigned long)
 .text._ZN14USBDeviceClass4recvEm
                0x00004898       0x1c c:\project\HerBo\build/core\core.a(USBCore.cpp.o)
                0x00004898                USBDeviceClass::recv(unsigned long)
 .text._ZN14USBDeviceClass14armRecvCtrlOUTEm
                0x000048b4       0x5c c:\project\HerBo\build/core\core.a(USBCore.cpp.o)
                0x000048b4                USBDeviceClass::armRecvCtrlOUT(unsigned long)
 .text._ZN14USBDeviceClass11recvControlEPvm
                0x00004910       0x28 c:\project\HerBo\build/core\core.a(USBCore.cpp.o)
                0x00004910                USBDeviceClass::recvControl(void*, unsigned long)
 .text._ZN14USBDeviceClass4sendEmPKvm
                0x00004938      0x10c c:\project\HerBo\build/core\core.a(USBCore.cpp.o)
                0x00004938                USBDeviceClass::send(unsigned long, void const*, unsigned long)
 .text._ZN14USBDeviceClass7armSendEmPKvm
                0x00004a44       0x48 c:\project\HerBo\build/core\core.a(USBCore.cpp.o)
                0x00004a44                USBDeviceClass::armSend(unsigned long, void const*, unsigned long)
 .text._ZN14USBDeviceClass11sendControlEPKvm
                0x00004a8c       0x54 c:\project\HerBo\build/core\core.a(USBCore.cpp.o)
                0x00004a8c                USBDeviceClass::sendControl(void const*, unsigned long)
 .text._ZN14USBDeviceClass20sendStringDescriptorEPKhm
                0x00004ae0       0x64 c:\project\HerBo\build/core\core.a(USBCore.cpp.o)
                0x00004ae0                USBDeviceClass::sendStringDescriptor(unsigned char const*, unsigned long)
 .text._ZN14USBDeviceClass17sendConfigurationEm
                0x00004b44       0x80 c:\project\HerBo\build/core\core.a(USBCore.cpp.o)
                0x00004b44                USBDeviceClass::sendConfiguration(unsigned long)
 .text._ZN14USBDeviceClass14sendDescriptorER8USBSetup
                0x00004bc4       0xe0 c:\project\HerBo\build/core\core.a(USBCore.cpp.o)
                0x00004bc4                USBDeviceClass::sendDescriptor(USBSetup&)
 .text._ZN14USBDeviceClass7sendZlpEm
                0x00004ca4       0x18 c:\project\HerBo\build/core\core.a(USBCore.cpp.o)
                0x00004ca4                USBDeviceClass::sendZlp(unsigned long)
 .text._ZN14USBDeviceClass19handleStandardSetupER8USBSetup
                0x00004cbc       0xf0 c:\project\HerBo\build/core\core.a(USBCore.cpp.o)
                0x00004cbc                USBDeviceClass::handleStandardSetup(USBSetup&)
 .text._ZN14USBDeviceClass10ISRHandlerEv
                0x00004dac      0x108 c:\project\HerBo\build/core\core.a(USBCore.cpp.o)
                0x00004dac                USBDeviceClass::ISRHandler()
 .text.UDD_Handler
                0x00004eb4       0x10 c:\project\HerBo\build/core\core.a(USBCore.cpp.o)
                0x00004eb4                UDD_Handler
 .text.startup._GLOBAL__sub_I_usbd
                0x00004ec4       0x10 c:\project\HerBo\build/core\core.a(USBCore.cpp.o)
 .text._ZN4UartcvbEv
                0x00004ed4        0x4 c:\project\HerBo\build/core\core.a(Uart.cpp.o)
                0x00004ed4                Uart::operator bool()
 .text._ZN4Uart5beginEm
                0x00004ed8       0x10 c:\project\HerBo\build/core\core.a(Uart.cpp.o)
                0x00004ed8                Uart::begin(unsigned long)
 .text._ZN4Uart4peekEv
                0x00004ee8       0x1a c:\project\HerBo\build/core\core.a(Uart.cpp.o)
                0x00004ee8                Uart::peek()
 .text._ZN4Uart3endEv
                0x00004f02       0x20 c:\project\HerBo\build/core\core.a(Uart.cpp.o)
                0x00004f02                Uart::end()
 .text._ZN4Uart16extractNbStopBitEt
                0x00004f22        0xc c:\project\HerBo\build/core\core.a(Uart.cpp.o)
                0x00004f22                Uart::extractNbStopBit(unsigned short)
 .text._ZN4Uart15extractCharSizeEt
                0x00004f2e       0x28 c:\project\HerBo\build/core\core.a(Uart.cpp.o)
                0x00004f2e                Uart::extractCharSize(unsigned short)
 .text._ZN4Uart13extractParityEt
                0x00004f56       0x14 c:\project\HerBo\build/core\core.a(Uart.cpp.o)
                0x00004f56                Uart::extractParity(unsigned short)
 *fill*         0x00004f6a        0x2 
 .text._ZN4Uart5beginEmt
                0x00004f6c       0xf8 c:\project\HerBo\build/core\core.a(Uart.cpp.o)
                0x00004f6c                Uart::begin(unsigned long, unsigned short)
 .text._ZN11RingBufferNILi256EEC2Ev
                0x00005064       0x1c c:\project\HerBo\build/core\core.a(Uart.cpp.o)
                0x00005064                RingBufferN<256>::RingBufferN()
                0x00005064                RingBufferN<256>::RingBufferN()
 .text._ZN4UartC2EP6SERCOMhh11SercomRXPad15SercomUartTXPadhh
                0x00005080       0x88 c:\project\HerBo\build/core\core.a(Uart.cpp.o)
                0x00005080                Uart::Uart(SERCOM*, unsigned char, unsigned char, SercomRXPad, SercomUartTXPad, unsigned char, unsigned char)
                0x00005080                Uart::Uart(SERCOM*, unsigned char, unsigned char, SercomRXPad, SercomUartTXPad, unsigned char, unsigned char)
 .text._ZN4UartC2EP6SERCOMhh11SercomRXPad15SercomUartTXPad
                0x00005108       0x74 c:\project\HerBo\build/core\core.a(Uart.cpp.o)
                0x00005108                Uart::Uart(SERCOM*, unsigned char, unsigned char, SercomRXPad, SercomUartTXPad)
                0x00005108                Uart::Uart(SERCOM*, unsigned char, unsigned char, SercomRXPad, SercomUartTXPad)
 .text._ZN11RingBufferNILi256EE9availableEv
                0x0000517c       0x12 c:\project\HerBo\build/core\core.a(Uart.cpp.o)
                0x0000517c                RingBufferN<256>::available()
 .text._ZN4Uart5flushEv
                0x0000518e       0x1a c:\project\HerBo\build/core\core.a(Uart.cpp.o)
                0x0000518e                Uart::flush()
 .text._ZN4Uart9availableEv
                0x000051a8        0xa c:\project\HerBo\build/core\core.a(Uart.cpp.o)
                0x000051a8                Uart::available()
 .text._ZN11RingBufferNILi256EE17availableForStoreEv
                0x000051b2       0x20 c:\project\HerBo\build/core\core.a(Uart.cpp.o)
                0x000051b2                RingBufferN<256>::availableForStore()
 .text._ZN4Uart17availableForWriteEv
                0x000051d2        0xc c:\project\HerBo\build/core\core.a(Uart.cpp.o)
                0x000051d2                Uart::availableForWrite()
 .text._ZN4Uart10IrqHandlerEv
                0x000051de       0xcc c:\project\HerBo\build/core\core.a(Uart.cpp.o)
                0x000051de                Uart::IrqHandler()
 *fill*         0x000052aa        0x2 
 .text._ZN4Uart5writeEh
                0x000052ac       0xb4 c:\project\HerBo\build/core\core.a(Uart.cpp.o)
                0x000052ac                Uart::write(unsigned char)
 .text._ZN4Uart4readEv
                0x00005360       0x4c c:\project\HerBo\build/core\core.a(Uart.cpp.o)
                0x00005360                Uart::read()
 .text._Z3maplllll
                0x000053ac       0x16 c:\project\HerBo\build/core\core.a(WMath.cpp.o)
                0x000053ac                map(long, long, long, long, long)
 *fill*         0x000053c2        0x2 
 .text.startup.main
                0x000053c4       0x40 c:\project\HerBo\build/core\core.a(main.cpp.o)
                0x000053c4                main
 .text._Znwj    0x00005404        0x8 c:\project\HerBo\build/core\core.a(new.cpp.o)
                0x00005404                operator new(unsigned int)
 .text._ZdlPv   0x0000540c        0x8 c:\project\HerBo\build/core\core.a(new.cpp.o)
                0x0000540c                operator delete(void*)
 .text.__aeabi_atexit
                0x00005414        0xe c:/users/anton/appdata/local/arduino15/packages/arduino/tools/arm-none-eabi-gcc/7-2017q4/bin/../lib/gcc/arm-none-eabi/7.2.1/../../../../arm-none-eabi/lib/thumb/v6-m\libstdc++_nano.a(atexit_arm.o)
                0x00005414                __aeabi_atexit
 *fill*         0x00005422        0x2 
 .text.fabs     0x00005424        0x8 c:/users/anton/appdata/local/arduino15/packages/arduino/tools/arm-none-eabi-gcc/7-2017q4/bin/../lib/gcc/arm-none-eabi/7.2.1/../../../../arm-none-eabi/lib/thumb/v6-m\libm.a(lib_a-s_fabs.o)
                0x00005424                fabs
 .text.floor    0x0000542c      0x138 c:/users/anton/appdata/local/arduino15/packages/arduino/tools/arm-none-eabi-gcc/7-2017q4/bin/../lib/gcc/arm-none-eabi/7.2.1/../../../../arm-none-eabi/lib/thumb/v6-m\libm.a(lib_a-s_floor.o)
                0x0000542c                floor
 .text.sin      0x00005564       0x90 c:/users/anton/appdata/local/arduino15/packages/arduino/tools/arm-none-eabi-gcc/7-2017q4/bin/../lib/gcc/arm-none-eabi/7.2.1/../../../../arm-none-eabi/lib/thumb/v6-m\libm.a(lib_a-s_sin.o)
                0x00005564                sin
 .text.__ieee754_rem_pio2
                0x000055f4      0x420 c:/users/anton/appdata/local/arduino15/packages/arduino/tools/arm-none-eabi-gcc/7-2017q4/bin/../lib/gcc/arm-none-eabi/7.2.1/../../../../arm-none-eabi/lib/thumb/v6-m\libm.a(lib_a-e_rem_pio2.o)
                0x000055f4                __ieee754_rem_pio2
 .text.__kernel_cos
                0x00005a14      0x234 c:/users/anton/appdata/local/arduino15/packages/arduino/tools/arm-none-eabi-gcc/7-2017q4/bin/../lib/gcc/arm-none-eabi/7.2.1/../../../../arm-none-eabi/lib/thumb/v6-m\libm.a(lib_a-k_cos.o)
                0x00005a14                __kernel_cos
 .text.__kernel_rem_pio2
                0x00005c48      0x8c0 c:/users/anton/appdata/local/arduino15/packages/arduino/tools/arm-none-eabi-gcc/7-2017q4/bin/../lib/gcc/arm-none-eabi/7.2.1/../../../../arm-none-eabi/lib/thumb/v6-m\libm.a(lib_a-k_rem_pio2.o)
                0x00005c48                __kernel_rem_pio2
 .text.__kernel_sin
                0x00006508      0x164 c:/users/anton/appdata/local/arduino15/packages/arduino/tools/arm-none-eabi-gcc/7-2017q4/bin/../lib/gcc/arm-none-eabi/7.2.1/../../../../arm-none-eabi/lib/thumb/v6-m\libm.a(lib_a-k_sin.o)
                0x00006508                __kernel_sin
 .text.scalbn   0x0000666c       0xd0 c:/users/anton/appdata/local/arduino15/packages/arduino/tools/arm-none-eabi-gcc/7-2017q4/bin/../lib/gcc/arm-none-eabi/7.2.1/../../../../arm-none-eabi/lib/thumb/v6-m\libm.a(lib_a-s_scalbn.o)
                0x0000666c                scalbn
 .text.copysign
                0x0000673c       0x10 c:/users/anton/appdata/local/arduino15/packages/arduino/tools/arm-none-eabi-gcc/7-2017q4/bin/../lib/gcc/arm-none-eabi/7.2.1/../../../../arm-none-eabi/lib/thumb/v6-m\libm.a(lib_a-s_copysign.o)
                0x0000673c                copysign
 .text          0x0000674c       0x14 c:/users/anton/appdata/local/arduino15/packages/arduino/tools/arm-none-eabi-gcc/7-2017q4/bin/../lib/gcc/arm-none-eabi/7.2.1/thumb/v6-m\libgcc.a(_thumb1_case_uqi.o)
                0x0000674c                __gnu_thumb1_case_uqi
 .text          0x00006760      0x114 c:/users/anton/appdata/local/arduino15/packages/arduino/tools/arm-none-eabi-gcc/7-2017q4/bin/../lib/gcc/arm-none-eabi/7.2.1/thumb/v6-m\libgcc.a(_udivsi3.o)
                0x00006760                __aeabi_uidiv
                0x00006760                __udivsi3
                0x0000686c                __aeabi_uidivmod
 .text          0x00006874      0x1d4 c:/users/anton/appdata/local/arduino15/packages/arduino/tools/arm-none-eabi-gcc/7-2017q4/bin/../lib/gcc/arm-none-eabi/7.2.1/thumb/v6-m\libgcc.a(_divsi3.o)
                0x00006874                __divsi3
                0x00006874                __aeabi_idiv
                0x00006a40                __aeabi_idivmod
 .text          0x00006a48        0x4 c:/users/anton/appdata/local/arduino15/packages/arduino/tools/arm-none-eabi-gcc/7-2017q4/bin/../lib/gcc/arm-none-eabi/7.2.1/thumb/v6-m\libgcc.a(_dvmd_tls.o)
                0x00006a48                __aeabi_idiv0
                0x00006a48                __aeabi_ldiv0
 .text          0x00006a4c       0x7c c:/users/anton/appdata/local/arduino15/packages/arduino/tools/arm-none-eabi-gcc/7-2017q4/bin/../lib/gcc/arm-none-eabi/7.2.1/thumb/v6-m\libgcc.a(_arm_cmpdf2.o)
                0x00006a4c                __aeabi_cdrcmple
                0x00006a5c                __aeabi_cdcmple
                0x00006a5c                __aeabi_cdcmpeq
                0x00006a6c                __aeabi_dcmpeq
                0x00006a78                __aeabi_dcmplt
                0x00006a8c                __aeabi_dcmple
                0x00006aa0                __aeabi_dcmpgt
                0x00006ab4                __aeabi_dcmpge
 .text          0x00006ac8      0x638 c:/users/anton/appdata/local/arduino15/packages/arduino/tools/arm-none-eabi-gcc/7-2017q4/bin/../lib/gcc/arm-none-eabi/7.2.1/thumb/v6-m\libgcc.a(adddf3.o)
                0x00006ac8                __aeabi_dadd
 .text          0x00007100      0x604 c:/users/anton/appdata/local/arduino15/packages/arduino/tools/arm-none-eabi-gcc/7-2017q4/bin/../lib/gcc/arm-none-eabi/7.2.1/thumb/v6-m\libgcc.a(divdf3.o)
                0x00007100                __aeabi_ddiv
 .text          0x00007704       0x78 c:/users/anton/appdata/local/arduino15/packages/arduino/tools/arm-none-eabi-gcc/7-2017q4/bin/../lib/gcc/arm-none-eabi/7.2.1/thumb/v6-m\libgcc.a(eqdf2.o)
                0x00007704                __nedf2
                0x00007704                __eqdf2
 .text          0x0000777c       0xc8 c:/users/anton/appdata/local/arduino15/packages/arduino/tools/arm-none-eabi-gcc/7-2017q4/bin/../lib/gcc/arm-none-eabi/7.2.1/thumb/v6-m\libgcc.a(gedf2.o)
                0x0000777c                __gedf2
                0x0000777c                __gtdf2
 .text          0x00007844       0xd0 c:/users/anton/appdata/local/arduino15/packages/arduino/tools/arm-none-eabi-gcc/7-2017q4/bin/../lib/gcc/arm-none-eabi/7.2.1/thumb/v6-m\libgcc.a(ledf2.o)
                0x00007844                __ledf2
                0x00007844                __ltdf2
 .text          0x00007914      0x4e4 c:/users/anton/appdata/local/arduino15/packages/arduino/tools/arm-none-eabi-gcc/7-2017q4/bin/../lib/gcc/arm-none-eabi/7.2.1/thumb/v6-m\libgcc.a(muldf3.o)
                0x00007914                __aeabi_dmul
 .text          0x00007df8      0x690 c:/users/anton/appdata/local/arduino15/packages/arduino/tools/arm-none-eabi-gcc/7-2017q4/bin/../lib/gcc/arm-none-eabi/7.2.1/thumb/v6-m\libgcc.a(subdf3.o)
                0x00007df8                __aeabi_dsub
 .text          0x00008488       0x6c c:/users/anton/appdata/local/arduino15/packages/arduino/tools/arm-none-eabi-gcc/7-2017q4/bin/../lib/gcc/arm-none-eabi/7.2.1/thumb/v6-m\libgcc.a(fixdfsi.o)
                0x00008488                __aeabi_d2iz
 .text          0x000084f4       0x74 c:/users/anton/appdata/local/arduino15/packages/arduino/tools/arm-none-eabi-gcc/7-2017q4/bin/../lib/gcc/arm-none-eabi/7.2.1/thumb/v6-m\libgcc.a(floatsidf.o)
                0x000084f4                __aeabi_i2d
 .text          0x00008568       0x64 c:/users/anton/appdata/local/arduino15/packages/arduino/tools/arm-none-eabi-gcc/7-2017q4/bin/../lib/gcc/arm-none-eabi/7.2.1/thumb/v6-m\libgcc.a(floatunsidf.o)
                0x00008568                __aeabi_ui2d
 .text          0x000085cc       0x3c c:/users/anton/appdata/local/arduino15/packages/arduino/tools/arm-none-eabi-gcc/7-2017q4/bin/../lib/gcc/arm-none-eabi/7.2.1/thumb/v6-m\libgcc.a(_clzsi2.o)
                0x000085cc                __clzsi2
 .text.__cxa_atexit
                0x00008608       0x1c c:/users/anton/appdata/local/arduino15/packages/arduino/tools/arm-none-eabi-gcc/7-2017q4/bin/../lib/gcc/arm-none-eabi/7.2.1/../../../../arm-none-eabi/lib/thumb/v6-m\libc_nano.a(lib_a-cxa_atexit.o)
                0x00008608                __cxa_atexit
 .text.gmtime   0x00008624       0x24 c:/users/anton/appdata/local/arduino15/packages/arduino/tools/arm-none-eabi-gcc/7-2017q4/bin/../lib/gcc/arm-none-eabi/7.2.1/../../../../arm-none-eabi/lib/thumb/v6-m\libc_nano.a(lib_a-gmtime.o)
                0x00008624                gmtime
 .text.gmtime_r
                0x00008648      0x19c c:/users/anton/appdata/local/arduino15/packages/arduino/tools/arm-none-eabi-gcc/7-2017q4/bin/../lib/gcc/arm-none-eabi/7.2.1/../../../../arm-none-eabi/lib/thumb/v6-m\libc_nano.a(lib_a-gmtime_r.o)
                0x00008648                gmtime_r
 .text.__libc_init_array
                0x000087e4       0x48 c:/users/anton/appdata/local/arduino15/packages/arduino/tools/arm-none-eabi-gcc/7-2017q4/bin/../lib/gcc/arm-none-eabi/7.2.1/../../../../arm-none-eabi/lib/thumb/v6-m\libc_nano.a(lib_a-init.o)
                0x000087e4                __libc_init_array
 .text.__locale_ctype_ptr_l
                0x0000882c        0x6 c:/users/anton/appdata/local/arduino15/packages/arduino/tools/arm-none-eabi-gcc/7-2017q4/bin/../lib/gcc/arm-none-eabi/7.2.1/../../../../arm-none-eabi/lib/thumb/v6-m\libc_nano.a(lib_a-locale.o)
                0x0000882c                __locale_ctype_ptr_l
 *fill*         0x00008832        0x2 
 .text.__locale_ctype_ptr
                0x00008834       0x1c c:/users/anton/appdata/local/arduino15/packages/arduino/tools/arm-none-eabi-gcc/7-2017q4/bin/../lib/gcc/arm-none-eabi/7.2.1/../../../../arm-none-eabi/lib/thumb/v6-m\libc_nano.a(lib_a-locale.o)
                0x00008834                __locale_ctype_ptr
 .text.malloc   0x00008850       0x14 c:/users/anton/appdata/local/arduino15/packages/arduino/tools/arm-none-eabi-gcc/7-2017q4/bin/../lib/gcc/arm-none-eabi/7.2.1/../../../../arm-none-eabi/lib/thumb/v6-m\libc_nano.a(lib_a-malloc.o)
                0x00008850                malloc
 .text.free     0x00008864       0x14 c:/users/anton/appdata/local/arduino15/packages/arduino/tools/arm-none-eabi-gcc/7-2017q4/bin/../lib/gcc/arm-none-eabi/7.2.1/../../../../arm-none-eabi/lib/thumb/v6-m\libc_nano.a(lib_a-malloc.o)
                0x00008864                free
 .text.__ascii_mbtowc
                0x00008878       0x24 c:/users/anton/appdata/local/arduino15/packages/arduino/tools/arm-none-eabi-gcc/7-2017q4/bin/../lib/gcc/arm-none-eabi/7.2.1/../../../../arm-none-eabi/lib/thumb/v6-m\libc_nano.a(lib_a-mbtowc_r.o)
                0x00008878                __ascii_mbtowc
 .text.memcpy   0x0000889c       0x12 c:/users/anton/appdata/local/arduino15/packages/arduino/tools/arm-none-eabi-gcc/7-2017q4/bin/../lib/gcc/arm-none-eabi/7.2.1/../../../../arm-none-eabi/lib/thumb/v6-m\libc_nano.a(lib_a-memcpy-stub.o)
                0x0000889c                memcpy
 .text.memset   0x000088ae       0x10 c:/users/anton/appdata/local/arduino15/packages/arduino/tools/arm-none-eabi-gcc/7-2017q4/bin/../lib/gcc/arm-none-eabi/7.2.1/../../../../arm-none-eabi/lib/thumb/v6-m\libc_nano.a(lib_a-memset.o)
                0x000088ae                memset
 *fill*         0x000088be        0x2 
 .text.validate_structure
                0x000088c0      0x194 c:/users/anton/appdata/local/arduino15/packages/arduino/tools/arm-none-eabi-gcc/7-2017q4/bin/../lib/gcc/arm-none-eabi/7.2.1/../../../../arm-none-eabi/lib/thumb/v6-m\libc_nano.a(lib_a-mktime.o)
 .text.mktime   0x00008a54      0x378 c:/users/anton/appdata/local/arduino15/packages/arduino/tools/arm-none-eabi-gcc/7-2017q4/bin/../lib/gcc/arm-none-eabi/7.2.1/../../../../arm-none-eabi/lib/thumb/v6-m\libc_nano.a(lib_a-mktime.o)
                0x00008a54                mktime
 .text._free_r  0x00008dcc       0x94 c:/users/anton/appdata/local/arduino15/packages/arduino/tools/arm-none-eabi-gcc/7-2017q4/bin/../lib/gcc/arm-none-eabi/7.2.1/../../../../arm-none-eabi/lib/thumb/v6-m\libc_nano.a(lib_a-nano-freer.o)
                0x00008dcc                _free_r
 .text._malloc_r
                0x00008e60       0xbc c:/users/anton/appdata/local/arduino15/packages/arduino/tools/arm-none-eabi-gcc/7-2017q4/bin/../lib/gcc/arm-none-eabi/7.2.1/../../../../arm-none-eabi/lib/thumb/v6-m\libc_nano.a(lib_a-nano-mallocr.o)
                0x00008e60                _malloc_r
 .text._sbrk_r  0x00008f1c       0x24 c:/users/anton/appdata/local/arduino15/packages/arduino/tools/arm-none-eabi-gcc/7-2017q4/bin/../lib/gcc/arm-none-eabi/7.2.1/../../../../arm-none-eabi/lib/thumb/v6-m\libc_nano.a(lib_a-sbrkr.o)
                0x00008f1c                _sbrk_r
 .text          0x00008f40       0x14 c:/users/anton/appdata/local/arduino15/packages/arduino/tools/arm-none-eabi-gcc/7-2017q4/bin/../lib/gcc/arm-none-eabi/7.2.1/../../../../arm-none-eabi/lib/thumb/v6-m\libc_nano.a(lib_a-strcmp.o)
                0x00008f40                strcmp
 .text.strcpy   0x00008f54       0x10 c:/users/anton/appdata/local/arduino15/packages/arduino/tools/arm-none-eabi-gcc/7-2017q4/bin/../lib/gcc/arm-none-eabi/7.2.1/../../../../arm-none-eabi/lib/thumb/v6-m\libc_nano.a(lib_a-strcpy.o)
                0x00008f54                strcpy
 .text          0x00008f64        0xe c:/users/anton/appdata/local/arduino15/packages/arduino/tools/arm-none-eabi-gcc/7-2017q4/bin/../lib/gcc/arm-none-eabi/7.2.1/../../../../arm-none-eabi/lib/thumb/v6-m\libc_nano.a(lib_a-strlen.o)
                0x00008f64                strlen
 .text.strncmp  0x00008f72       0x22 c:/users/anton/appdata/local/arduino15/packages/arduino/tools/arm-none-eabi-gcc/7-2017q4/bin/../lib/gcc/arm-none-eabi/7.2.1/../../../../arm-none-eabi/lib/thumb/v6-m\libc_nano.a(lib_a-strncmp.o)
                0x00008f72                strncmp
 .text._strtol_l.isra.0
                0x00008f94      0x104 c:/users/anton/appdata/local/arduino15/packages/arduino/tools/arm-none-eabi-gcc/7-2017q4/bin/../lib/gcc/arm-none-eabi/7.2.1/../../../../arm-none-eabi/lib/thumb/v6-m\libc_nano.a(lib_a-strtol.o)
 .text._strtol_r
                0x00009098       0x20 c:/users/anton/appdata/local/arduino15/packages/arduino/tools/arm-none-eabi-gcc/7-2017q4/bin/../lib/gcc/arm-none-eabi/7.2.1/../../../../arm-none-eabi/lib/thumb/v6-m\libc_nano.a(lib_a-strtol.o)
                0x00009098                _strtol_r
 .text.__tzcalc_limits
                0x000090b8      0x160 c:/users/anton/appdata/local/arduino15/packages/arduino/tools/arm-none-eabi-gcc/7-2017q4/bin/../lib/gcc/arm-none-eabi/7.2.1/../../../../arm-none-eabi/lib/thumb/v6-m\libc_nano.a(lib_a-tzcalc_limits.o)
                0x000090b8                __tzcalc_limits
 .text.__tz_lock
                0x00009218        0x2 c:/users/anton/appdata/local/arduino15/packages/arduino/tools/arm-none-eabi-gcc/7-2017q4/bin/../lib/gcc/arm-none-eabi/7.2.1/../../../../arm-none-eabi/lib/thumb/v6-m\libc_nano.a(lib_a-tzlock.o)
                0x00009218                __tz_lock
 .text.__tz_unlock
                0x0000921a        0x2 c:/users/anton/appdata/local/arduino15/packages/arduino/tools/arm-none-eabi-gcc/7-2017q4/bin/../lib/gcc/arm-none-eabi/7.2.1/../../../../arm-none-eabi/lib/thumb/v6-m\libc_nano.a(lib_a-tzlock.o)
                0x0000921a                __tz_unlock
 .text._tzset_unlocked
                0x0000921c       0x10 c:/users/anton/appdata/local/arduino15/packages/arduino/tools/arm-none-eabi-gcc/7-2017q4/bin/../lib/gcc/arm-none-eabi/7.2.1/../../../../arm-none-eabi/lib/thumb/v6-m\libc_nano.a(lib_a-tzset.o)
                0x0000921c                _tzset_unlocked
 .text._tzset_unlocked_r
                0x0000922c      0x2fc c:/users/anton/appdata/local/arduino15/packages/arduino/tools/arm-none-eabi-gcc/7-2017q4/bin/../lib/gcc/arm-none-eabi/7.2.1/../../../../arm-none-eabi/lib/thumb/v6-m\libc_nano.a(lib_a-tzset_r.o)
                0x0000922c                _tzset_unlocked_r
 .text.__ascii_wctomb
                0x00009528       0x18 c:/users/anton/appdata/local/arduino15/packages/arduino/tools/arm-none-eabi-gcc/7-2017q4/bin/../lib/gcc/arm-none-eabi/7.2.1/../../../../arm-none-eabi/lib/thumb/v6-m\libc_nano.a(lib_a-wctomb_r.o)
                0x00009528                __ascii_wctomb
 .text.div      0x00009540       0x2e c:/users/anton/appdata/local/arduino15/packages/arduino/tools/arm-none-eabi-gcc/7-2017q4/bin/../lib/gcc/arm-none-eabi/7.2.1/../../../../arm-none-eabi/lib/thumb/v6-m\libc_nano.a(lib_a-div.o)
                0x00009540                div
 *fill*         0x0000956e        0x2 
 .text._findenv_r
                0x00009570       0x78 c:/users/anton/appdata/local/arduino15/packages/arduino/tools/arm-none-eabi-gcc/7-2017q4/bin/../lib/gcc/arm-none-eabi/7.2.1/../../../../arm-none-eabi/lib/thumb/v6-m\libc_nano.a(lib_a-getenv_r.o)
                0x00009570                _findenv_r
 .text._getenv_r
                0x000095e8        0xa c:/users/anton/appdata/local/arduino15/packages/arduino/tools/arm-none-eabi-gcc/7-2017q4/bin/../lib/gcc/arm-none-eabi/7.2.1/../../../../arm-none-eabi/lib/thumb/v6-m\libc_nano.a(lib_a-getenv_r.o)
                0x000095e8                _getenv_r
 *fill*         0x000095f2        0x2 
 .text.__gettzinfo
                0x000095f4        0x8 c:/users/anton/appdata/local/arduino15/packages/arduino/tools/arm-none-eabi-gcc/7-2017q4/bin/../lib/gcc/arm-none-eabi/7.2.1/../../../../arm-none-eabi/lib/thumb/v6-m\libc_nano.a(lib_a-gettzinfo.o)
                0x000095f4                __gettzinfo
 .text.memchr   0x000095fc       0x16 c:/users/anton/appdata/local/arduino15/packages/arduino/tools/arm-none-eabi-gcc/7-2017q4/bin/../lib/gcc/arm-none-eabi/7.2.1/../../../../arm-none-eabi/lib/thumb/v6-m\libc_nano.a(lib_a-memchr-stub.o)
                0x000095fc                memchr
 .text.__malloc_lock
                0x00009612        0x2 c:/users/anton/appdata/local/arduino15/packages/arduino/tools/arm-none-eabi-gcc/7-2017q4/bin/../lib/gcc/arm-none-eabi/7.2.1/../../../../arm-none-eabi/lib/thumb/v6-m\libc_nano.a(lib_a-mlock.o)
                0x00009612                __malloc_lock
 .text.__malloc_unlock
                0x00009614        0x2 c:/users/anton/appdata/local/arduino15/packages/arduino/tools/arm-none-eabi-gcc/7-2017q4/bin/../lib/gcc/arm-none-eabi/7.2.1/../../../../arm-none-eabi/lib/thumb/v6-m\libc_nano.a(lib_a-mlock.o)
                0x00009614                __malloc_unlock
 .text._realloc_r
                0x00009616       0x4c c:/users/anton/appdata/local/arduino15/packages/arduino/tools/arm-none-eabi-gcc/7-2017q4/bin/../lib/gcc/arm-none-eabi/7.2.1/../../../../arm-none-eabi/lib/thumb/v6-m\libc_nano.a(lib_a-nano-reallocr.o)
                0x00009616                _realloc_r
 *fill*         0x00009662        0x2 
 .text.sscanf   0x00009664       0x50 c:/users/anton/appdata/local/arduino15/packages/arduino/tools/arm-none-eabi-gcc/7-2017q4/bin/../lib/gcc/arm-none-eabi/7.2.1/../../../../arm-none-eabi/lib/thumb/v6-m\libc_nano.a(lib_a-sscanf.o)
                0x00009664                siscanf
                0x00009664                sscanf
 .text.__seofread
                0x000096b4        0x4 c:/users/anton/appdata/local/arduino15/packages/arduino/tools/arm-none-eabi-gcc/7-2017q4/bin/../lib/gcc/arm-none-eabi/7.2.1/../../../../arm-none-eabi/lib/thumb/v6-m\libc_nano.a(lib_a-stdio.o)
                0x000096b4                __seofread
 .text._strtoul_l.isra.0
                0x000096b8      0x106 c:/users/anton/appdata/local/arduino15/packages/arduino/tools/arm-none-eabi-gcc/7-2017q4/bin/../lib/gcc/arm-none-eabi/7.2.1/../../../../arm-none-eabi/lib/thumb/v6-m\libc_nano.a(lib_a-strtoul.o)
 *fill*         0x000097be        0x2 
 .text._strtoul_r
                0x000097c0       0x20 c:/users/anton/appdata/local/arduino15/packages/arduino/tools/arm-none-eabi-gcc/7-2017q4/bin/../lib/gcc/arm-none-eabi/7.2.1/../../../../arm-none-eabi/lib/thumb/v6-m\libc_nano.a(lib_a-strtoul.o)
                0x000097c0                _strtoul_r
 .text.strtoul  0x000097e0       0x28 c:/users/anton/appdata/local/arduino15/packages/arduino/tools/arm-none-eabi-gcc/7-2017q4/bin/../lib/gcc/arm-none-eabi/7.2.1/../../../../arm-none-eabi/lib/thumb/v6-m\libc_nano.a(lib_a-strtoul.o)
                0x000097e0                strtoul
 .text.__env_lock
                0x00009808        0x2 c:/users/anton/appdata/local/arduino15/packages/arduino/tools/arm-none-eabi-gcc/7-2017q4/bin/../lib/gcc/arm-none-eabi/7.2.1/../../../../arm-none-eabi/lib/thumb/v6-m\libc_nano.a(lib_a-envlock.o)
                0x00009808                __env_lock
 .text.__env_unlock
                0x0000980a        0x2 c:/users/anton/appdata/local/arduino15/packages/arduino/tools/arm-none-eabi-gcc/7-2017q4/bin/../lib/gcc/arm-none-eabi/7.2.1/../../../../arm-none-eabi/lib/thumb/v6-m\libc_nano.a(lib_a-envlock.o)
                0x0000980a                __env_unlock
 .text._malloc_usable_size_r
                0x0000980c       0x10 c:/users/anton/appdata/local/arduino15/packages/arduino/tools/arm-none-eabi-gcc/7-2017q4/bin/../lib/gcc/arm-none-eabi/7.2.1/../../../../arm-none-eabi/lib/thumb/v6-m\libc_nano.a(lib_a-nano-msizer.o)
                0x0000980c                _malloc_usable_size_r
 .text._sungetc_r
                0x0000981c       0x78 c:/users/anton/appdata/local/arduino15/packages/arduino/tools/arm-none-eabi-gcc/7-2017q4/bin/../lib/gcc/arm-none-eabi/7.2.1/../../../../arm-none-eabi/lib/thumb/v6-m\libc_nano.a(lib_a-nano-svfscanf.o)
                0x0000981c                _sungetc_r
 .text.__ssrefill_r
                0x00009894       0x3e c:/users/anton/appdata/local/arduino15/packages/arduino/tools/arm-none-eabi-gcc/7-2017q4/bin/../lib/gcc/arm-none-eabi/7.2.1/../../../../arm-none-eabi/lib/thumb/v6-m\libc_nano.a(lib_a-nano-svfscanf.o)
                0x00009894                __ssrefill_r
 *fill*         0x000098d2        0x2 
 .text.__ssvfscanf_r
                0x000098d4      0x2fc c:/users/anton/appdata/local/arduino15/packages/arduino/tools/arm-none-eabi-gcc/7-2017q4/bin/../lib/gcc/arm-none-eabi/7.2.1/../../../../arm-none-eabi/lib/thumb/v6-m\libc_nano.a(lib_a-nano-svfscanf.o)
                0x000098d4                __ssvfiscanf_r
                0x000098d4                __ssvfscanf_r
 .text._scanf_chars
                0x00009bd0       0xca c:/users/anton/appdata/local/arduino15/packages/arduino/tools/arm-none-eabi-gcc/7-2017q4/bin/../lib/gcc/arm-none-eabi/7.2.1/../../../../arm-none-eabi/lib/thumb/v6-m\libc_nano.a(lib_a-nano-vfscanf_i.o)
                0x00009bd0                _scanf_chars
 *fill*         0x00009c9a        0x2 
 .text._scanf_i
                0x00009c9c      0x204 c:/users/anton/appdata/local/arduino15/packages/arduino/tools/arm-none-eabi-gcc/7-2017q4/bin/../lib/gcc/arm-none-eabi/7.2.1/../../../../arm-none-eabi/lib/thumb/v6-m\libc_nano.a(lib_a-nano-vfscanf_i.o)
                0x00009c9c                _scanf_i
 .text.__sccl   0x00009ea0       0x60 c:/users/anton/appdata/local/arduino15/packages/arduino/tools/arm-none-eabi-gcc/7-2017q4/bin/../lib/gcc/arm-none-eabi/7.2.1/../../../../arm-none-eabi/lib/thumb/v6-m\libc_nano.a(lib_a-sccl.o)
                0x00009ea0                __sccl
 .text.__submore
                0x00009f00       0x7c c:/users/anton/appdata/local/arduino15/packages/arduino/tools/arm-none-eabi-gcc/7-2017q4/bin/../lib/gcc/arm-none-eabi/7.2.1/../../../../arm-none-eabi/lib/thumb/v6-m\libc_nano.a(lib_a-ungetc.o)
                0x00009f00                __submore
 .text          0x00009f7c       0x48 c:/users/anton/appdata/local/arduino15/packages/arduino/tools/arm-none-eabi-gcc/7-2017q4/bin/../lib/gcc/arm-none-eabi/7.2.1/thumb/v6-m\libgcc.a(_aeabi_ldivmod.o)
                0x00009f7c                __aeabi_ldivmod
 .text          0x00009fc4       0x54 c:/users/anton/appdata/local/arduino15/packages/arduino/tools/arm-none-eabi-gcc/7-2017q4/bin/../lib/gcc/arm-none-eabi/7.2.1/thumb/v6-m\libgcc.a(_muldi3.o)
                0x00009fc4                __muldi3
                0x00009fc4                __aeabi_lmul
 .text          0x0000a018       0x38 c:/users/anton/appdata/local/arduino15/packages/arduino/tools/arm-none-eabi-gcc/7-2017q4/bin/../lib/gcc/arm-none-eabi/7.2.1/thumb/v6-m\libgcc.a(bpabi.o)
                0x0000a018                __gnu_ldivmod_helper
 .text          0x0000a050      0x1b0 c:/users/anton/appdata/local/arduino15/packages/arduino/tools/arm-none-eabi-gcc/7-2017q4/bin/../lib/gcc/arm-none-eabi/7.2.1/thumb/v6-m\libgcc.a(_divdi3.o)
                0x0000a050                __divdi3
 .text          0x0000a200       0x18 c:/users/anton/appdata/local/arduino15/packages/arduino/tools/arm-none-eabi-gcc/7-2017q4/bin/../lib/gcc/arm-none-eabi/7.2.1/thumb/v6-m\libgcc.a(_clzdi2.o)
                0x0000a200                __clzdi2
 .text._sbrk    0x0000a218       0x1c c:/users/anton/appdata/local/arduino15/packages/arduino/tools/arm-none-eabi-gcc/7-2017q4/bin/../lib/gcc/arm-none-eabi/7.2.1/../../../../arm-none-eabi/lib/thumb/v6-m\libnosys.a(sbrk.o)
                0x0000a218                _sbrk
 *(.init)
 .init          0x0000a234        0x4 c:/users/anton/appdata/local/arduino15/packages/arduino/tools/arm-none-eabi-gcc/7-2017q4/bin/../lib/gcc/arm-none-eabi/7.2.1/thumb/v6-m/crti.o
                0x0000a234                _init
 .init          0x0000a238        0x8 c:/users/anton/appdata/local/arduino15/packages/arduino/tools/arm-none-eabi-gcc/7-2017q4/bin/../lib/gcc/arm-none-eabi/7.2.1/thumb/v6-m/crtn.o
 *(.fini)
 .fini          0x0000a240        0x4 c:/users/anton/appdata/local/arduino15/packages/arduino/tools/arm-none-eabi-gcc/7-2017q4/bin/../lib/gcc/arm-none-eabi/7.2.1/thumb/v6-m/crti.o
                0x0000a240                _fini
 .fini          0x0000a244        0x8 c:/users/anton/appdata/local/arduino15/packages/arduino/tools/arm-none-eabi-gcc/7-2017q4/bin/../lib/gcc/arm-none-eabi/7.2.1/thumb/v6-m/crtn.o
 *crtbegin.o(.ctors)
 *crtbegin?.o(.ctors)
 *(EXCLUDE_FILE(*crtend.o *crtend?.o) .ctors)
 *(SORT_BY_NAME(.ctors.*))
 *(.ctors)
 *crtbegin.o(.dtors)
 *crtbegin?.o(.dtors)
 *(EXCLUDE_FILE(*crtend.o *crtend?.o) .dtors)
 *(SORT_BY_NAME(.dtors.*))
 *(.dtors)
 *(.rodata*)
 .rodata._ZN6BH17509configureENS_4ModeE.str1.1
                0x0000a24c       0xed c:\project\HerBo\build\sketch\BH1750.cpp.o
 .rodata.setup.str1.1
                0x0000a339       0x18 c:\project\HerBo\build\sketch\sources.ino.cpp.o
 *fill*         0x0000a351        0x3 
 .rodata._ZTV7TwoWire
                0x0000a354       0x24 c:\project\HerBo\build\libraries\Wire\Wire.cpp.o
                0x0000a354                vtable for TwoWire
 .rodata.g_APinDescription
                0x0000a378      0x360 c:\project\HerBo\build\core\variant.cpp.o
                0x0000a378                g_APinDescription
 .rodata        0x0000a6d8       0x10 c:\project\HerBo\build/core\core.a(wiring_analog.c.o)
 .rodata._ZTV9IPAddress
                0x0000a6e8        0xc c:\project\HerBo\build/core\core.a(IPAddress.cpp.o)
                0x0000a6e8                vtable for IPAddress
 .rodata._ZN5Print7printlnEv.str1.1
                0x0000a6f4        0x3 c:\project\HerBo\build/core\core.a(Print.cpp.o)
 *fill*         0x0000a6f7        0x1 
 .rodata._ZTV7Serial_
                0x0000a6f8       0x58 c:\project\HerBo\build/core\core.a(CDC.cpp.o)
                0x0000a6f8                vtable for Serial_
 .rodata._ZTV26DoubleBufferedEPOutHandler
                0x0000a750       0x24 c:\project\HerBo\build/core\core.a(USBCore.cpp.o)
                0x0000a750                vtable for DoubleBufferedEPOutHandler
 .rodata._ZL14STRING_PRODUCT
                0x0000a774       0x16 c:\project\HerBo\build/core\core.a(USBCore.cpp.o)
 .rodata._ZL15STRING_LANGUAGE
                0x0000a78a        0x4 c:\project\HerBo\build/core\core.a(USBCore.cpp.o)
 .rodata._ZL19STRING_MANUFACTURER
                0x0000a78e        0xc c:\project\HerBo\build/core\core.a(USBCore.cpp.o)
 .rodata._ZL21USB_DeviceDescriptorB
                0x0000a79a       0x12 c:\project\HerBo\build/core\core.a(USBCore.cpp.o)
 .rodata._ZTV4Uart
                0x0000a7ac       0x34 c:\project\HerBo\build/core\core.a(Uart.cpp.o)
                0x0000a7ac                vtable for Uart
 .rodata.npio2_hw
                0x0000a7e0       0x80 c:/users/anton/appdata/local/arduino15/packages/arduino/tools/arm-none-eabi-gcc/7-2017q4/bin/../lib/gcc/arm-none-eabi/7.2.1/../../../../arm-none-eabi/lib/thumb/v6-m\libm.a(lib_a-e_rem_pio2.o)
 .rodata.two_over_pi
                0x0000a860      0x108 c:/users/anton/appdata/local/arduino15/packages/arduino/tools/arm-none-eabi-gcc/7-2017q4/bin/../lib/gcc/arm-none-eabi/7.2.1/../../../../arm-none-eabi/lib/thumb/v6-m\libm.a(lib_a-e_rem_pio2.o)
 .rodata.PIo2   0x0000a968       0x40 c:/users/anton/appdata/local/arduino15/packages/arduino/tools/arm-none-eabi-gcc/7-2017q4/bin/../lib/gcc/arm-none-eabi/7.2.1/../../../../arm-none-eabi/lib/thumb/v6-m\libm.a(lib_a-k_rem_pio2.o)
 .rodata.init_jk
                0x0000a9a8       0x10 c:/users/anton/appdata/local/arduino15/packages/arduino/tools/arm-none-eabi-gcc/7-2017q4/bin/../lib/gcc/arm-none-eabi/7.2.1/../../../../arm-none-eabi/lib/thumb/v6-m\libm.a(lib_a-k_rem_pio2.o)
 .rodata        0x0000a9b8       0x40 c:/users/anton/appdata/local/arduino15/packages/arduino/tools/arm-none-eabi-gcc/7-2017q4/bin/../lib/gcc/arm-none-eabi/7.2.1/thumb/v6-m\libgcc.a(divdf3.o)
 .rodata        0x0000a9f8       0x40 c:/users/anton/appdata/local/arduino15/packages/arduino/tools/arm-none-eabi-gcc/7-2017q4/bin/../lib/gcc/arm-none-eabi/7.2.1/thumb/v6-m\libgcc.a(muldf3.o)
 .rodata._setlocale_r.str1.1
                0x0000aa38        0x8 c:/users/anton/appdata/local/arduino15/packages/arduino/tools/arm-none-eabi-gcc/7-2017q4/bin/../lib/gcc/arm-none-eabi/7.2.1/../../../../arm-none-eabi/lib/thumb/v6-m\libc_nano.a(lib_a-locale.o)
                                  0x9 (size before relaxing)
 .rodata.str1.1
                0x0000aa40        0x2 c:/users/anton/appdata/local/arduino15/packages/arduino/tools/arm-none-eabi-gcc/7-2017q4/bin/../lib/gcc/arm-none-eabi/7.2.1/../../../../arm-none-eabi/lib/thumb/v6-m\libc_nano.a(lib_a-locale.o)
 *fill*         0x0000aa42        0x2 
 .rodata.DAYS_IN_MONTH
                0x0000aa44       0x30 c:/users/anton/appdata/local/arduino15/packages/arduino/tools/arm-none-eabi-gcc/7-2017q4/bin/../lib/gcc/arm-none-eabi/7.2.1/../../../../arm-none-eabi/lib/thumb/v6-m\libc_nano.a(lib_a-mktime.o)
 .rodata._DAYS_BEFORE_MONTH
                0x0000aa74       0x30 c:/users/anton/appdata/local/arduino15/packages/arduino/tools/arm-none-eabi-gcc/7-2017q4/bin/../lib/gcc/arm-none-eabi/7.2.1/../../../../arm-none-eabi/lib/thumb/v6-m\libc_nano.a(lib_a-mktime.o)
 .rodata._tzset_unlocked_r.str1.1
                0x0000aaa4       0x3c c:/users/anton/appdata/local/arduino15/packages/arduino/tools/arm-none-eabi-gcc/7-2017q4/bin/../lib/gcc/arm-none-eabi/7.2.1/../../../../arm-none-eabi/lib/thumb/v6-m\libc_nano.a(lib_a-tzset_r.o)
                                 0x4e (size before relaxing)
 .rodata.str1.1
                0x0000aae0        0x4 c:/users/anton/appdata/local/arduino15/packages/arduino/tools/arm-none-eabi-gcc/7-2017q4/bin/../lib/gcc/arm-none-eabi/7.2.1/../../../../arm-none-eabi/lib/thumb/v6-m\libc_nano.a(lib_a-tzvars.o)
 .rodata._ctype_
                0x0000aae0      0x101 c:/users/anton/appdata/local/arduino15/packages/arduino/tools/arm-none-eabi-gcc/7-2017q4/bin/../lib/gcc/arm-none-eabi/7.2.1/../../../../arm-none-eabi/lib/thumb/v6-m\libc_nano.a(lib_a-ctype_.o)
                0x0000aae0                _ctype_
 *fill*         0x0000abe1        0x3 
 .rodata.__sf_fake_stderr
                0x0000abe4       0x20 c:/users/anton/appdata/local/arduino15/packages/arduino/tools/arm-none-eabi-gcc/7-2017q4/bin/../lib/gcc/arm-none-eabi/7.2.1/../../../../arm-none-eabi/lib/thumb/v6-m\libc_nano.a(lib_a-findfp.o)
                0x0000abe4                __sf_fake_stderr
 .rodata.__sf_fake_stdin
                0x0000ac04       0x20 c:/users/anton/appdata/local/arduino15/packages/arduino/tools/arm-none-eabi-gcc/7-2017q4/bin/../lib/gcc/arm-none-eabi/7.2.1/../../../../arm-none-eabi/lib/thumb/v6-m\libc_nano.a(lib_a-findfp.o)
                0x0000ac04                __sf_fake_stdin
 .rodata.__sf_fake_stdout
                0x0000ac24       0x20 c:/users/anton/appdata/local/arduino15/packages/arduino/tools/arm-none-eabi-gcc/7-2017q4/bin/../lib/gcc/arm-none-eabi/7.2.1/../../../../arm-none-eabi/lib/thumb/v6-m\libc_nano.a(lib_a-findfp.o)
                0x0000ac24                __sf_fake_stdout
 .rodata.__month_lengths
                0x0000ac44       0x60 c:/users/anton/appdata/local/arduino15/packages/arduino/tools/arm-none-eabi-gcc/7-2017q4/bin/../lib/gcc/arm-none-eabi/7.2.1/../../../../arm-none-eabi/lib/thumb/v6-m\libc_nano.a(lib_a-month_lengths.o)
                0x0000ac44                __month_lengths
 .rodata.__ssvfscanf_r.str1.1
                0x0000aca4        0x4 c:/users/anton/appdata/local/arduino15/packages/arduino/tools/arm-none-eabi-gcc/7-2017q4/bin/../lib/gcc/arm-none-eabi/7.2.1/../../../../arm-none-eabi/lib/thumb/v6-m\libc_nano.a(lib_a-nano-svfscanf.o)
 .rodata        0x0000aca8        0xc c:/users/anton/appdata/local/arduino15/packages/arduino/tools/arm-none-eabi-gcc/7-2017q4/bin/../lib/gcc/arm-none-eabi/7.2.1/../../../../arm-none-eabi/lib/thumb/v6-m\libc_nano.a(lib_a-nano-vfscanf_i.o)
 .rodata._scanf_i.str1.1
                0x0000acb4       0x12 c:/users/anton/appdata/local/arduino15/packages/arduino/tools/arm-none-eabi-gcc/7-2017q4/bin/../lib/gcc/arm-none-eabi/7.2.1/../../../../arm-none-eabi/lib/thumb/v6-m\libc_nano.a(lib_a-nano-vfscanf_i.o)
 .rodata.str1.1
                0x0000acc6        0x9 c:/users/anton/appdata/local/arduino15/packages/arduino/tools/arm-none-eabi-gcc/7-2017q4/bin/../lib/gcc/arm-none-eabi/7.2.1/../../../../arm-none-eabi/lib/thumb/v6-m\libc_nano.a(lib_a-nano-vfscanf_i.o)
 *(.eh_frame*)
 *fill*         0x0000accf        0x1 
 .eh_frame      0x0000acd0        0x0 c:/users/anton/appdata/local/arduino15/packages/arduino/tools/arm-none-eabi-gcc/7-2017q4/bin/../lib/gcc/arm-none-eabi/7.2.1/thumb/v6-m/crtbegin.o
 .eh_frame      0x0000acd0        0x4 c:/users/anton/appdata/local/arduino15/packages/arduino/tools/arm-none-eabi-gcc/7-2017q4/bin/../lib/gcc/arm-none-eabi/7.2.1/thumb/v6-m/crtend.o

.glue_7         0x0000acd4        0x0
 .glue_7        0x0000acd4        0x0 linker stubs

.glue_7t        0x0000acd4        0x0
 .glue_7t       0x0000acd4        0x0 linker stubs

.vfp11_veneer   0x0000acd4        0x0
 .vfp11_veneer  0x0000acd4        0x0 linker stubs

.v4_bx          0x0000acd4        0x0
 .v4_bx         0x0000acd4        0x0 linker stubs

.iplt           0x0000acd4        0x0
 .iplt          0x0000acd4        0x0 c:/users/anton/appdata/local/arduino15/packages/arduino/tools/arm-none-eabi-gcc/7-2017q4/bin/../lib/gcc/arm-none-eabi/7.2.1/thumb/v6-m/crtbegin.o

.ARM.extab
 *(.ARM.extab* .gnu.linkonce.armextab.*)
                0x0000acd4                __exidx_start = .

.ARM.exidx      0x0000acd4        0x8
 *(.ARM.exidx* .gnu.linkonce.armexidx.*)
 .ARM.exidx     0x0000acd4        0x8 c:/users/anton/appdata/local/arduino15/packages/arduino/tools/arm-none-eabi-gcc/7-2017q4/bin/../lib/gcc/arm-none-eabi/7.2.1/thumb/v6-m\libgcc.a(_divdi3.o)
                0x0000acdc                __exidx_end = .
                0x0000acdc                __etext = .

.rel.dyn        0x0000acdc        0x0
 .rel.iplt      0x0000acdc        0x0 c:/users/anton/appdata/local/arduino15/packages/arduino/tools/arm-none-eabi-gcc/7-2017q4/bin/../lib/gcc/arm-none-eabi/7.2.1/thumb/v6-m/crtbegin.o

.data           0x20000000      0x2c0 load address 0x0000acdc
                0x20000000                __data_start__ = .
 *(vtable)
 *(.data*)
 .data          0x20000000        0x4 c:/users/anton/appdata/local/arduino15/packages/arduino/tools/arm-none-eabi-gcc/7-2017q4/bin/../lib/gcc/arm-none-eabi/7.2.1/thumb/v6-m/crtbegin.o
                0x20000000                __dso_handle
 .data.g_apTCInstances
                0x20000004       0x18 c:\project\HerBo\build\core\variant.cpp.o
                0x20000004                g_apTCInstances
 .data.SystemCoreClock
                0x2000001c        0x4 c:\project\HerBo\build/core\core.a(wiring.c.o)
                0x2000001c                SystemCoreClock
 .data._ADCResolution
                0x20000020        0x4 c:\project\HerBo\build/core\core.a(wiring_analog.c.o)
 .data._readResolution
                0x20000024        0x4 c:\project\HerBo\build/core\core.a(wiring_analog.c.o)
 .data._writeResolution
                0x20000028        0x4 c:\project\HerBo\build/core\core.a(wiring_analog.c.o)
 .data._ZL5ticks
                0x2000002c        0x4 c:\project\HerBo\build/core\core.a(Reset.cpp.o)
 .data._ZL10breakValue
                0x20000030        0x4 c:\project\HerBo\build/core\core.a(CDC.cpp.o)
 .data._ZL12_usbLineInfo
                0x20000034        0x8 c:\project\HerBo\build/core\core.a(CDC.cpp.o)
 .data._serialPeek
                0x2000003c        0x4 c:\project\HerBo\build/core\core.a(CDC.cpp.o)
                0x2000003c                _serialPeek
 .data._impure_ptr
                0x20000040        0x4 c:/users/anton/appdata/local/arduino15/packages/arduino/tools/arm-none-eabi-gcc/7-2017q4/bin/../lib/gcc/arm-none-eabi/7.2.1/../../../../arm-none-eabi/lib/thumb/v6-m\libc_nano.a(lib_a-impure.o)
                0x20000040                _impure_ptr
 .data.impure_data
                0x20000044       0x60 c:/users/anton/appdata/local/arduino15/packages/arduino/tools/arm-none-eabi-gcc/7-2017q4/bin/../lib/gcc/arm-none-eabi/7.2.1/../../../../arm-none-eabi/lib/thumb/v6-m\libc_nano.a(lib_a-impure.o)
 .data.__global_locale
                0x200000a4      0x16c c:/users/anton/appdata/local/arduino15/packages/arduino/tools/arm-none-eabi-gcc/7-2017q4/bin/../lib/gcc/arm-none-eabi/7.2.1/../../../../arm-none-eabi/lib/thumb/v6-m\libc_nano.a(lib_a-locale.o)
                0x200000a4                __global_locale
 .data._tzname  0x20000210        0x8 c:/users/anton/appdata/local/arduino15/packages/arduino/tools/arm-none-eabi-gcc/7-2017q4/bin/../lib/gcc/arm-none-eabi/7.2.1/../../../../arm-none-eabi/lib/thumb/v6-m\libc_nano.a(lib_a-tzvars.o)
                0x20000210                _tzname
 .data.tzinfo   0x20000218       0x58 c:/users/anton/appdata/local/arduino15/packages/arduino/tools/arm-none-eabi-gcc/7-2017q4/bin/../lib/gcc/arm-none-eabi/7.2.1/../../../../arm-none-eabi/lib/thumb/v6-m\libc_nano.a(lib_a-gettzinfo.o)
 .data.environ  0x20000270        0x4 c:/users/anton/appdata/local/arduino15/packages/arduino/tools/arm-none-eabi-gcc/7-2017q4/bin/../lib/gcc/arm-none-eabi/7.2.1/../../../../arm-none-eabi/lib/thumb/v6-m\libc_nano.a(lib_a-environ.o)
                0x20000270                environ
                0x20000274                . = ALIGN (0x4)
                0x20000274                PROVIDE (__preinit_array_start, .)
 *(.preinit_array)
                0x20000274                PROVIDE (__preinit_array_end, .)
                0x20000274                . = ALIGN (0x4)
                0x20000274                PROVIDE (__init_array_start, .)
 *(SORT_BY_NAME(.init_array.*))
 *(.init_array)
 .init_array    0x20000274        0x4 c:/users/anton/appdata/local/arduino15/packages/arduino/tools/arm-none-eabi-gcc/7-2017q4/bin/../lib/gcc/arm-none-eabi/7.2.1/thumb/v6-m/crtbegin.o
 .init_array    0x20000278        0x4 c:\project\HerBo\build\sketch\sources.ino.cpp.o
 .init_array    0x2000027c        0x4 c:\project\HerBo\build\sketch\timeduino.cpp.o
 .init_array    0x20000280        0x4 c:\project\HerBo\build\sketch\wifi.cpp.o
 .init_array    0x20000284        0x4 c:\project\HerBo\build\libraries\SPI\SPI.cpp.o
 .init_array    0x20000288        0x4 c:\project\HerBo\build\libraries\WiFiNINA\WiFi.cpp.o
 .init_array    0x2000028c        0x4 c:\project\HerBo\build\libraries\WiFiNINA\WiFiClient.cpp.o
 .init_array    0x20000290        0x4 c:\project\HerBo\build\libraries\WiFiNINA\WiFiSSLClient.cpp.o
 .init_array    0x20000294        0x4 c:\project\HerBo\build\libraries\WiFiNINA\WiFiServer.cpp.o
 .init_array    0x20000298        0x4 c:\project\HerBo\build\libraries\WiFiNINA\WiFiUdp.cpp.o
 .init_array    0x2000029c        0x4 c:\project\HerBo\build\libraries\WiFiNINA\utility\WiFiSocketBuffer.cpp.o
 .init_array    0x200002a0        0x4 c:\project\HerBo\build\libraries\WiFiNINA\utility\wifi_drv.cpp.o
 .init_array    0x200002a4        0x4 c:\project\HerBo\build\libraries\Wire\Wire.cpp.o
 .init_array    0x200002a8        0x4 c:\project\HerBo\build\core\variant.cpp.o
 .init_array    0x200002ac        0x4 c:\project\HerBo\build/core\core.a(CDC.cpp.o)
 .init_array    0x200002b0        0x4 c:\project\HerBo\build/core\core.a(USBCore.cpp.o)
                0x200002b4                PROVIDE (__init_array_end, .)
                0x200002b4                . = ALIGN (0x4)
                [!provide]                PROVIDE (__fini_array_start, .)
 *(SORT_BY_NAME(.fini_array.*))
 *(.fini_array)
 .fini_array    0x200002b4        0x4 c:/users/anton/appdata/local/arduino15/packages/arduino/tools/arm-none-eabi-gcc/7-2017q4/bin/../lib/gcc/arm-none-eabi/7.2.1/thumb/v6-m/crtbegin.o
                [!provide]                PROVIDE (__fini_array_end, .)
 *(.jcr*)
                0x200002c0                . = ALIGN (0x10)
 *fill*         0x200002b8        0x8 
                0x200002c0                __data_end__ = .

.igot.plt       0x200002c0        0x0 load address 0x0000af9c
 .igot.plt      0x200002c0        0x0 c:/users/anton/appdata/local/arduino15/packages/arduino/tools/arm-none-eabi-gcc/7-2017q4/bin/../lib/gcc/arm-none-eabi/7.2.1/thumb/v6-m/crtbegin.o

.bss            0x200002c0      0xe74 load address 0x0000af9c
                0x200002c0                . = ALIGN (0x4)
                0x200002c0                __bss_start__ = .
 *(.bss*)
 .bss           0x200002c0       0x1c c:/users/anton/appdata/local/arduino15/packages/arduino/tools/arm-none-eabi-gcc/7-2017q4/bin/../lib/gcc/arm-none-eabi/7.2.1/thumb/v6-m/crtbegin.o
 .bss._ZL11INADDR_NONE
                0x200002dc        0x8 c:\project\HerBo\build\sketch\sources.ino.cpp.o
 .bss._status   0x200002e4        0x4 c:\project\HerBo\build\sketch\sources.ino.cpp.o
                0x200002e4                _status
 .bss.l1        0x200002e8        0x4 c:\project\HerBo\build\sketch\sources.ino.cpp.o
                0x200002e8                l1
 .bss.l2        0x200002ec        0x4 c:\project\HerBo\build\sketch\sources.ino.cpp.o
                0x200002ec                l2
 .bss.lightMeter
                0x200002f0       0x10 c:\project\HerBo\build\sketch\sources.ino.cpp.o
                0x200002f0                lightMeter
 .bss.next_millis
                0x20000300        0x4 c:\project\HerBo\build\sketch\sources.ino.cpp.o
                0x20000300                next_millis
 .bss.steps     0x20000304        0x4 c:\project\HerBo\build\sketch\sources.ino.cpp.o
                0x20000304                steps
 .bss.rtc       0x20000308        0x1 c:\project\HerBo\build\sketch\timeduino.cpp.o
                0x20000308                rtc
 *fill*         0x20000309        0x3 
 .bss._ZL11INADDR_NONE
                0x2000030c        0x8 c:\project\HerBo\build\sketch\wifi.cpp.o
 .bss.SPI       0x20000314       0x1c c:\project\HerBo\build\libraries\SPI\SPI.cpp.o
                0x20000314                SPI
 .bss.SPI1      0x20000330       0x1c c:\project\HerBo\build\libraries\SPI\SPI.cpp.o
                0x20000330                SPI1
 .bss._ZL20DEFAULT_SPI_SETTINGS
                0x2000034c        0x8 c:\project\HerBo\build\libraries\SPI\SPI.cpp.o
 .bss.WiFi      0x20000354        0x4 c:\project\HerBo\build\libraries\WiFiNINA\WiFi.cpp.o
                0x20000354                WiFi
 .bss._ZL11INADDR_NONE
                0x20000358        0x8 c:\project\HerBo\build\libraries\WiFiNINA\WiFi.cpp.o
 .bss._ZL11INADDR_NONE
                0x20000360        0x8 c:\project\HerBo\build\libraries\WiFiNINA\WiFiClient.cpp.o
 .bss._ZL11INADDR_NONE
                0x20000368        0x8 c:\project\HerBo\build\libraries\WiFiNINA\WiFiSSLClient.cpp.o
 .bss._ZL11INADDR_NONE
                0x20000370        0x8 c:\project\HerBo\build\libraries\WiFiNINA\WiFiServer.cpp.o
 .bss._ZL11INADDR_NONE
                0x20000378        0x8 c:\project\HerBo\build\libraries\WiFiNINA\WiFiUdp.cpp.o
 .bss.WiFiSocketBuffer
                0x20000380       0x78 c:\project\HerBo\build\libraries\WiFiNINA\utility\WiFiSocketBuffer.cpp.o
                0x20000380                WiFiSocketBuffer
 .bss._ZL11INADDR_NONE
                0x200003f8        0x8 c:\project\HerBo\build\libraries\WiFiNINA\utility\wifi_drv.cpp.o
 .bss.Wire      0x20000400      0x234 c:\project\HerBo\build\libraries\Wire\Wire.cpp.o
                0x20000400                Wire
 .bss.RTC_callBack
                0x20000634        0x4 c:\project\HerBo\build\libraries\RTCZero\RTCZero.cpp.o
                0x20000634                RTC_callBack
 .bss.Serial1   0x20000638      0x23c c:\project\HerBo\build\core\variant.cpp.o
                0x20000638                Serial1
 .bss.Serial2   0x20000874      0x23c c:\project\HerBo\build\core\variant.cpp.o
                0x20000874                Serial2
 .bss.sercom0   0x20000ab0        0x4 c:\project\HerBo\build\core\variant.cpp.o
                0x20000ab0                sercom0
 .bss.sercom1   0x20000ab4        0x4 c:\project\HerBo\build\core\variant.cpp.o
                0x20000ab4                sercom1
 .bss.sercom2   0x20000ab8        0x4 c:\project\HerBo\build\core\variant.cpp.o
                0x20000ab8                sercom2
 .bss.sercom3   0x20000abc        0x4 c:\project\HerBo\build\core\variant.cpp.o
                0x20000abc                sercom3
 .bss.sercom4   0x20000ac0        0x4 c:\project\HerBo\build\core\variant.cpp.o
                0x20000ac0                sercom4
 .bss.sercom5   0x20000ac4        0x4 c:\project\HerBo\build\core\variant.cpp.o
                0x20000ac4                sercom5
 .bss.usb_isr   0x20000ac8        0x4 c:\project\HerBo\build/core\core.a(cortex_handlers.c.o)
 .bss._ulTickCount