Archive member included to satisfy reference by file (symbol)

c:\project\HerBo\build/core\core.a(cortex_handlers.c.o)
                              (Reset_Handler)
c:\project\HerBo\build/core\core.a(delay.c.o)
                              c:\project\HerBo\build\libraries\WiFiNINA\WiFi.cpp.o (millis)
c:\project\HerBo\build/core\core.a(hooks.c.o)
                              c:\project\HerBo\build/core\core.a(delay.c.o) (yield)
c:\project\HerBo\build/core\core.a(startup.c.o)
                              c:\project\HerBo\build/core\core.a(cortex_handlers.c.o) (SystemInit)
c:\project\HerBo\build/core\core.a(wiring.c.o)
                              c:\project\HerBo\build/core\core.a(startup.c.o) (SystemCoreClock)
c:\project\HerBo\build/core\core.a(wiring_analog.c.o)
                              c:\project\HerBo\build/core\core.a(wiring.c.o) (analogReference)
c:\project\HerBo\build/core\core.a(wiring_digital.c.o)
                              c:\project\HerBo\build\sketch\sources.ino.cpp.o (pinMode)
c:\project\HerBo\build/core\core.a(wiring_private.c.o)
                              c:\project\HerBo\build\libraries\SPI\SPI.cpp.o (pinPeripheral)
c:\project\HerBo\build/core\core.a(IPAddress.cpp.o)
                              c:\project\HerBo\build\libraries\WiFiNINA\WiFi.cpp.o (IPAddress::IPAddress())
c:\project\HerBo\build/core\core.a(Print.cpp.o)
                              c:\project\HerBo\build\sketch\sources.ino.cpp.o (Print::print(char const*))
c:\project\HerBo\build/core\core.a(Reset.cpp.o)
                              c:\project\HerBo\build/core\core.a(delay.c.o) (tickReset)
c:\project\HerBo\build/core\core.a(SERCOM.cpp.o)
                              c:\project\HerBo\build\core\variant.cpp.o (SERCOM::SERCOM(Sercom*))
c:\project\HerBo\build/core\core.a(CDC.cpp.o)
                              c:\project\HerBo\build\sketch\sources.ino.cpp.o (Serial_::begin(unsigned long))
c:\project\HerBo\build/core\core.a(PluggableUSB.cpp.o)
                              c:\project\HerBo\build/core\core.a(CDC.cpp.o) (PluggableUSB_::plug(PluggableUSBModule*))
c:\project\HerBo\build/core\core.a(USBCore.cpp.o)
                              c:\project\HerBo\build/core\core.a(CDC.cpp.o) (usbd)
c:\project\HerBo\build/core\core.a(Uart.cpp.o)
                              c:\project\HerBo\build\core\variant.cpp.o (Uart::Uart(SERCOM*, unsigned char, unsigned char, SercomRXPad, SercomUartTXPad, unsigned char, unsigned char))
c:\project\HerBo\build/core\core.a(WString.cpp.o)
                              c:\project\HerBo\build\sketch\wifi.cpp.o (String::~String())
c:\project\HerBo\build/core\core.a(abi.cpp.o)
                              c:\project\HerBo\build/core\core.a(Print.cpp.o) (__cxa_pure_virtual)
c:\project\HerBo\build/core\core.a(main.cpp.o)
                              c:/users/anton/appdata/local/arduino15/packages/arduino/tools/arm-none-eabi-gcc/7-2017q4/bin/../lib/gcc/arm-none-eabi/7.2.1/../../../../arm-none-eabi/lib/thumb/v6-m/crt0.o (main)
c:\project\HerBo\build/core\core.a(new.cpp.o)
                              c:\project\HerBo\build\sketch\wifi.cpp.o (operator new(unsigned int))
c:\project\HerBo\build/core\core.a(dtostrf.c.o)
                              c:\project\HerBo\build/core\core.a(WString.cpp.o) (dtostrf)
c:\project\HerBo\build/core\core.a(itoa.c.o)
                              c:\project\HerBo\build/core\core.a(WString.cpp.o) (ltoa)
c:/users/anton/appdata/local/arduino15/packages/arduino/tools/arm-none-eabi-gcc/7-2017q4/bin/../lib/gcc/arm-none-eabi/7.2.1/../../../../arm-none-eabi/lib/thumb/v6-m\libstdc++_nano.a(atexit_arm.o)
                              c:\project\HerBo\build\libraries\WiFiNINA\utility\WiFiSocketBuffer.cpp.o (__aeabi_atexit)
c:/users/anton/appdata/local/arduino15/packages/arduino/tools/arm-none-eabi-gcc/7-2017q4/bin/../lib/gcc/arm-none-eabi/7.2.1/thumb/v6-m\libgcc.a(_thumb1_case_uqi.o)
                              c:\project\HerBo\build\libraries\SPI\SPI.cpp.o (__gnu_thumb1_case_uqi)
c:/users/anton/appdata/local/arduino15/packages/arduino/tools/arm-none-eabi-gcc/7-2017q4/bin/../lib/gcc/arm-none-eabi/7.2.1/thumb/v6-m\libgcc.a(_udivsi3.o)
                              c:\project\HerBo\build/core\core.a(wiring.c.o) (__aeabi_uidiv)
c:/users/anton/appdata/local/arduino15/packages/arduino/tools/arm-none-eabi-gcc/7-2017q4/bin/../lib/gcc/arm-none-eabi/7.2.1/thumb/v6-m\libgcc.a(_divsi3.o)
                              c:\project\HerBo\build\sketch\sources.ino.cpp.o (__aeabi_idiv)
c:/users/anton/appdata/local/arduino15/packages/arduino/tools/arm-none-eabi-gcc/7-2017q4/bin/../lib/gcc/arm-none-eabi/7.2.1/thumb/v6-m\libgcc.a(_dvmd_tls.o)
                              c:/users/anton/appdata/local/arduino15/packages/arduino/tools/arm-none-eabi-gcc/7-2017q4/bin/../lib/gcc/arm-none-eabi/7.2.1/thumb/v6-m\libgcc.a(_udivsi3.o) (__aeabi_idiv0)
[...]
Memory Configuration

Name             Origin             Length             Attributes
FLASH            0x00002000         0x0003e000         xr
RAM              0x20000000         0x00008000         xrw
*default*        0x00000000         0xffffffff

Linker script and memory map

LOAD c:/users/anton/appdata/local/arduino15/packages/arduino/tools/arm-none-eabi-gcc/7-2017q4/bin/../lib/gcc/arm-none-eabi/7.2.1/thumb/v6-m/crti.o
LOAD c:/users/anton/appdata/local/arduino15/packages/arduino/tools/arm-none-eabi-gcc/7-2017q4/bin/../lib/gcc/arm-none-eabi/7.2.1/thumb/v6-m/crtbegin.o
LOAD c:/users/anton/appdata/local/arduino15/packages/arduino/tools/arm-none-eabi-gcc/7-2017q4/bin/../lib/gcc/arm-none-eabi/7.2.1/../../../../arm-none-eabi/lib/thumb/v6-m/crt0.o
LOAD c:\project\HerBo\build\sketch\HtmlGen.cpp.o
LOAD c:\project\HerBo\build\sketch\sources.ino.cpp.o
LOAD c:\project\HerBo\build\sketch\wifi.cpp.o
LOAD c:\project\HerBo\build\libraries\SPI\SPI.cpp.o
LOAD c:\project\HerBo\build\libraries\WiFiNINA\WiFi.cpp.o
LOAD c:\project\HerBo\build\libraries\WiFiNINA\WiFiClient.cpp.o
LOAD c:\project\HerBo\build\libraries\WiFiNINA\WiFiSSLClient.cpp.o
LOAD c:\project\HerBo\build\libraries\WiFiNINA\WiFiServer.cpp.o
LOAD c:\project\HerBo\build\libraries\WiFiNINA\WiFiUdp.cpp.o
LOAD c:\project\HerBo\build\libraries\WiFiNINA\utility\WiFiSocketBuffer.cpp.o
LOAD c:\project\HerBo\build\libraries\WiFiNINA\utility\server_drv.cpp.o
LOAD c:\project\HerBo\build\libraries\WiFiNINA\utility\spi_drv.cpp.o
LOAD c:\project\HerBo\build\libraries\WiFiNINA\utility\wifi_drv.cpp.o
LOAD c:\project\HerBo\build\libraries\RTCZero\RTCZero.cpp.o
LOAD c:\project\HerBo\build\core\variant.cpp.o
START GROUP
LOAD C:\Users\anton\AppData\Local\Arduino15\packages\arduino\tools\CMSIS\4.5.0/CMSIS/Lib/GCC/\libarm_cortexM0l_math.a
LOAD c:\project\HerBo\build/core\core.a
END GROUP
LOAD c:/users/anton/appdata/local/arduino15/packages/arduino/tools/arm-none-eabi-gcc/7-2017q4/bin/../lib/gcc/arm-none-eabi/7.2.1/../../../../arm-none-eabi/lib/thumb/v6-m\libstdc++_nano.a
LOAD c:/users/anton/appdata/local/arduino15/packages/arduino/tools/arm-none-eabi-gcc/7-2017q4/bin/../lib/gcc/arm-none-eabi/7.2.1/../../../../arm-none-eabi/lib/thumb/v6-m\libm.a
START GROUP
LOAD c:/users/anton/appdata/local/arduino15/packages/arduino/tools/arm-none-eabi-gcc/7-2017q4/bin/../lib/gcc/arm-none-eabi/7.2.1/thumb/v6-m\libgcc.a
LOAD c:/users/anton/appdata/local/arduino15/packages/arduino/tools/arm-none-eabi-gcc/7-2017q4/bin/../lib/gcc/arm-none-eabi/7.2.1/../../../../arm-none-eabi/lib/thumb/v6-m\libc_nano.a
END GROUP
START GROUP
LOAD c:/users/anton/appdata/local/arduino15/packages/arduino/tools/arm-none-eabi-gcc/7-2017q4/bin/../lib/gcc/arm-none-eabi/7.2.1/thumb/v6-m\libgcc.a
LOAD c:/users/anton/appdata/local/arduino15/packages/arduino/tools/arm-none-eabi-gcc/7-2017q4/bin/../lib/gcc/arm-none-eabi/7.2.1/../../../../arm-none-eabi/lib/thumb/v6-m\libc_nano.a
LOAD c:/users/anton/appdata/local/arduino15/packages/arduino/tools/arm-none-eabi-gcc/7-2017q4/bin/../lib/gcc/arm-none-eabi/7.2.1/../../../../arm-none-eabi/lib/thumb/v6-m\libnosys.a
END GROUP
START GROUP
LOAD c:/users/anton/appdata/local/arduino15/packages/arduino/tools/arm-none-eabi-gcc/7-2017q4/bin/../lib/gcc/arm-none-eabi/7.2.1/thumb/v6-m\libgcc.a
LOAD c:/users/anton/appdata/local/arduino15/packages/arduino/tools/arm-none-eabi-gcc/7-2017q4/bin/../lib/gcc/arm-none-eabi/7.2.1/../../../../arm-none-eabi/lib/thumb/v6-m\libc_nano.a
LOAD c:/users/anton/appdata/local/arduino15/packages/arduino/tools/arm-none-eabi-gcc/7-2017q4/bin/../lib/gcc/arm-none-eabi/7.2.1/../../../../arm-none-eabi/lib/thumb/v6-m\libnosys.a
END GROUP
LOAD c:/users/anton/appdata/local/arduino15/packages/arduino/tools/arm-none-eabi-gcc/7-2017q4/bin/../lib/gcc/arm-none-eabi/7.2.1/thumb/v6-m/crtend.o
LOAD c:/users/anton/appdata/local/arduino15/packages/arduino/tools/arm-none-eabi-gcc/7-2017q4/bin/../lib/gcc/arm-none-eabi/7.2.1/thumb/v6-m/crtn.o

.text           0x00002000     0x6ec4
                0x00002000                __text_start__ = .
 *(.sketch_boot)
                0x00002000                . = ALIGN (0x2000)
 *(.isr_vector)
 .isr_vector    0x00002000       0xb4 c:\project\HerBo\build/core\core.a(cortex_handlers.c.o)
                0x00002000                exception_table
 *(.text*)
 .text          0x000020b4       0x48 c:/users/anton/appdata/local/arduino15/packages/arduino/tools/arm-none-eabi-gcc/7-2017q4/bin/../lib/gcc/arm-none-eabi/7.2.1/thumb/v6-m/crtbegin.o
 .text.setup    0x000020fc       0x84 c:\project\HerBo\build\sketch\sources.ino.cpp.o
                0x000020fc                setup
 .text._Z16photoperiod_rampv
                0x00002180       0x8c c:\project\HerBo\build\sketch\sources.ino.cpp.o
                0x00002180                photoperiod_ramp()
 .text.loop     0x0000220c        0x8 c:\project\HerBo\build\sketch\sources.ino.cpp.o
                0x0000220c                loop
 .text.startup._GLOBAL__sub_I_rtc
                0x00002214       0x20 c:\project\HerBo\build\sketch\sources.ino.cpp.o
 .text.startup._GLOBAL__sub_I_keyIndex
                0x00002234       0x18 c:\project\HerBo\build\sketch\wifi.cpp.o
 .text.startup._GLOBAL__sub_I__ZN8SPIClassC2EP6SERCOMhhh14SercomSpiTXPad11SercomRXPad
                0x0000224c       0x68 c:\project\HerBo\build\libraries\SPI\SPI.cpp.o
 .text.startup._GLOBAL__sub_I__ZN9WiFiClassC2Ev
                0x000022b4       0x24 c:\project\HerBo\build\libraries\WiFiNINA\WiFi.cpp.o
 .text.startup._GLOBAL__sub_I__ZN10WiFiClient8_srcportE
                0x000022d8       0x18 c:\project\HerBo\build\libraries\WiFiNINA\WiFiClient.cpp.o
 .text.startup._GLOBAL__sub_I__ZN13WiFiSSLClientC2Ev
                0x000022f0       0x18 c:\project\HerBo\build\libraries\WiFiNINA\WiFiSSLClient.cpp.o
 .text.startup._GLOBAL__sub_I__ZN10WiFiServerC2Et
                0x00002308       0x18 c:\project\HerBo\build\libraries\WiFiNINA\WiFiServer.cpp.o
 .text.startup._GLOBAL__sub_I__ZN7WiFiUDPC2Ev
                0x00002320       0x18 c:\project\HerBo\build\libraries\WiFiNINA\WiFiUdp.cpp.o
 .text._ZN21WiFiSocketBufferClassC2Ev
                0x00002338       0x10 c:\project\HerBo\build\libraries\WiFiNINA\utility\WiFiSocketBuffer.cpp.o
                0x00002338                WiFiSocketBufferClass::WiFiSocketBufferClass()
                0x00002338                WiFiSocketBufferClass::WiFiSocketBufferClass()
 .text._ZN21WiFiSocketBufferClass5closeEi
                0x00002348       0x1c c:\project\HerBo\build\libraries\WiFiNINA\utility\WiFiSocketBuffer.cpp.o
                0x00002348                WiFiSocketBufferClass::close(int)
 .text._ZN21WiFiSocketBufferClassD2Ev
                0x00002364       0x18 c:\project\HerBo\build\libraries\WiFiNINA\utility\WiFiSocketBuffer.cpp.o
                0x00002364                WiFiSocketBufferClass::~WiFiSocketBufferClass()
                0x00002364                WiFiSocketBufferClass::~WiFiSocketBufferClass()
 .text.startup._GLOBAL__sub_I__ZN21WiFiSocketBufferClassC2Ev
                0x0000237c       0x24 c:\project\HerBo\build\libraries\WiFiNINA\utility\WiFiSocketBuffer.cpp.o
 .text.startup._GLOBAL__sub_I__ZN7WiFiDrv12_networkSsidE
                0x000023a0       0x18 c:\project\HerBo\build\libraries\WiFiNINA\utility\wifi_drv.cpp.o
 .text._ZN7RTCZeroC2Ev
                0x000023b8        0x6 c:\project\HerBo\build\libraries\RTCZero\RTCZero.cpp.o
                0x000023b8                RTCZero::RTCZero()
                0x000023b8                RTCZero::RTCZero()
 *fill*         0x000023be        0x2 
 .text.RTC_Handler
                0x000023c0       0x1c c:\project\HerBo\build\libraries\RTCZero\RTCZero.cpp.o
                0x000023c0                RTC_Handler
 .text._ZN7RTCZero10setSecondsEh
                0x000023dc       0x28 c:\project\HerBo\build\libraries\RTCZero\RTCZero.cpp.o
                0x000023dc                RTCZero::setSeconds(unsigned char)
 .text._ZN7RTCZero10setMinutesEh
                0x00002404       0x28 c:\project\HerBo\build\libraries\RTCZero\RTCZero.cpp.o
                0x00002404                RTCZero::setMinutes(unsigned char)
 .text._ZN7RTCZero8setHoursEh
                0x0000242c       0x28 c:\project\HerBo\build\libraries\RTCZero\RTCZero.cpp.o
                0x0000242c                RTCZero::setHours(unsigned char)
 .text._ZN7RTCZero7setTimeEhhh
                0x00002454       0x26 c:\project\HerBo\build\libraries\RTCZero\RTCZero.cpp.o
                0x00002454                RTCZero::setTime(unsigned char, unsigned char, unsigned char)
 *fill*         0x0000247a        0x2 
 .text._ZN7RTCZero6setDayEh
                0x0000247c       0x28 c:\project\HerBo\build\libraries\RTCZero\RTCZero.cpp.o
                0x0000247c                RTCZero::setDay(unsigned char)
 .text._ZN7RTCZero8setMonthEh
                0x000024a4       0x28 c:\project\HerBo\build\libraries\RTCZero\RTCZero.cpp.o
                0x000024a4                RTCZero::setMonth(unsigned char)
 .text._ZN7RTCZero7setYearEh
                0x000024cc       0x20 c:\project\HerBo\build\libraries\RTCZero\RTCZero.cpp.o
                0x000024cc                RTCZero::setYear(unsigned char)
 .text._ZN7RTCZero7setDateEhhh
                0x000024ec       0x24 c:\project\HerBo\build\libraries\RTCZero\RTCZero.cpp.o
                0x000024ec                RTCZero::setDate(unsigned char, unsigned char, unsigned char)
 .text._ZN7RTCZero14configureClockEv
                0x00002510       0x38 c:\project\HerBo\build\libraries\RTCZero\RTCZero.cpp.o
                0x00002510                RTCZero::configureClock()
 .text._ZN7RTCZero14RTCreadRequestEv
                0x00002548       0x1c c:\project\HerBo\build\libraries\RTCZero\RTCZero.cpp.o
                0x00002548                RTCZero::RTCreadRequest()
 .text._ZN7RTCZero8getEpochEv
                0x00002564       0x4c c:\project\HerBo\build\libraries\RTCZero\RTCZero.cpp.o
                0x00002564                RTCZero::getEpoch()
 .text._ZN7RTCZero10RTCdisableEv
                0x000025b0       0x18 c:\project\HerBo\build\libraries\RTCZero\RTCZero.cpp.o
                0x000025b0                RTCZero::RTCdisable()
 .text._ZN7RTCZero9RTCenableEv
                0x000025c8       0x18 c:\project\HerBo\build\libraries\RTCZero\RTCZero.cpp.o
                0x000025c8                RTCZero::RTCenable()
 .text._ZN7RTCZero8RTCresetEv
                0x000025e0       0x18 c:\project\HerBo\build\libraries\RTCZero\RTCZero.cpp.o
                0x000025e0                RTCZero::RTCreset()
 .text._ZN7RTCZero14RTCresetRemoveEv
                0x000025f8       0x18 c:\project\HerBo\build\libraries\RTCZero\RTCZero.cpp.o
                0x000025f8                RTCZero::RTCresetRemove()
 .text._ZN7RTCZero5beginEb
                0x00002610       0xd0 c:\project\HerBo\build\libraries\RTCZero\RTCZero.cpp.o
                0x00002610                RTCZero::begin(bool)
 .text._Z11initVariantv
                0x000026e0       0xf8 c:\project\HerBo\build\core\variant.cpp.o
                0x000026e0                initVariant()
 .text.SERCOM5_Handler
                0x000027d8       0x10 c:\project\HerBo\build\core\variant.cpp.o
                0x000027d8                SERCOM5_Handler
 .text.SERCOM4_Handler
                0x000027e8       0x10 c:\project\HerBo\build\core\variant.cpp.o
                0x000027e8                SERCOM4_Handler
 .text.startup._GLOBAL__sub_I_g_APinDescription
                0x000027f8       0xa0 c:\project\HerBo\build\core\variant.cpp.o
 .text.Dummy_Handler
                0x00002898        0x2 c:\project\HerBo\build/core\core.a(cortex_handlers.c.o)
                0x00002898                DMAC_Handler
                0x00002898                HardFault_Handler
                0x00002898                AC_Handler
                0x00002898                PendSV_Handler
                0x00002898                NMI_Handler
                0x00002898                TC7_Handler
                0x00002898                SERCOM1_Handler
                0x00002898                ADC_Handler
                0x00002898                TCC1_Handler
                0x00002898                SERCOM2_Handler
                0x00002898                TCC0_Handler
                0x00002898                EIC_Handler
                0x00002898                TC6_Handler
                0x00002898                WDT_Handler
                0x00002898                TC4_Handler
                0x00002898                TC3_Handler
                0x00002898                Dummy_Handler
                0x00002898                PM_Handler
                0x00002898                SVC_Handler
                0x00002898                TCC2_Handler
                0x00002898                EVSYS_Handler
                0x00002898                SERCOM3_Handler
                0x00002898                I2S_Handler
                0x00002898                NVMCTRL_Handler
                0x00002898                SERCOM0_Handler
                0x00002898                DAC_Handler
                0x00002898                PTC_Handler
                0x00002898                SYSCTRL_Handler
 *fill*         0x0000289a        0x2 
 .text.USB_Handler
                0x0000289c       0x14 c:\project\HerBo\build/core\core.a(cortex_handlers.c.o)
                0x0000289c                USB_Handler
 .text.Reset_Handler
                0x000028b0       0x54 c:\project\HerBo\build/core\core.a(cortex_handlers.c.o)
                0x000028b0                Reset_Handler
 .text.SysTick_Handler
                0x00002904       0x10 c:\project\HerBo\build/core\core.a(cortex_handlers.c.o)
                0x00002904                SysTick_Handler
 .text.USB_SetHandler
                0x00002914        0xc c:\project\HerBo\build/core\core.a(cortex_handlers.c.o)
                0x00002914                USB_SetHandler
 .text.millis   0x00002920        0xc c:\project\HerBo\build/core\core.a(delay.c.o)
                0x00002920                millis
 .text.micros   0x0000292c       0x60 c:\project\HerBo\build/core\core.a(delay.c.o)
                0x0000292c                micros
 .text.delay    0x0000298c       0x30 c:\project\HerBo\build/core\core.a(delay.c.o)
                0x0000298c                delay
 .text.resetExternalChip
                0x000029bc        0x2 c:\project\HerBo\build/core\core.a(delay.c.o)
                0x000029bc                resetExternalChip
 *fill*         0x000029be        0x2 
 .text.SysTick_DefaultHandler
                0x000029c0       0x14 c:\project\HerBo\build/core\core.a(delay.c.o)
                0x000029c0                SysTick_DefaultHandler
 .text.__empty  0x000029d4        0x2 c:\project\HerBo\build/core\core.a(hooks.c.o)
                0x000029d4                yield
 .text.__false  0x000029d6        0x4 c:\project\HerBo\build/core\core.a(hooks.c.o)
                0x000029d6                sysTickHook
 *fill*         0x000029da        0x2 
 .text.SystemInit
                0x000029dc      0x160 c:\project\HerBo\build/core\core.a(startup.c.o)
                0x000029dc                SystemInit
 .text.init     0x00002b3c       0xf0 c:\project\HerBo\build/core\core.a(wiring.c.o)
                0x00002b3c                init
 .text.mapResolution
                0x00002c2c       0x12 c:\project\HerBo\build/core\core.a(wiring_analog.c.o)
 *fill*         0x00002c3e        0x2 
 .text.analogReference
                0x00002c40       0x64 c:\project\HerBo\build/core\core.a(wiring_analog.c.o)
                0x00002c40                analogReference
 .text.analogRead
                0x00002ca4       0xd8 c:\project\HerBo\build/core\core.a(wiring_analog.c.o)
                0x00002ca4                analogRead
 .text.pinMode  0x00002d7c       0x98 c:\project\HerBo\build/core\core.a(wiring_digital.c.o)
                0x00002d7c                pinMode
 .text.digitalWrite
                0x00002e14       0x58 c:\project\HerBo\build/core\core.a(wiring_digital.c.o)
                0x00002e14                digitalWrite
 .text.pinPeripheral
                0x00002e6c       0xc0 c:\project\HerBo\build/core\core.a(wiring_private.c.o)
                0x00002e6c                pinPeripheral
 .text._ZNK9IPAddress7printToER5Print
                0x00002f2c       0x44 c:\project\HerBo\build/core\core.a(IPAddress.cpp.o)
                0x00002f2c                IPAddress::printTo(Print&) const
 .text._ZN9IPAddressC2Ehhhh
                0x00002f70       0x1c c:\project\HerBo\build/core\core.a(IPAddress.cpp.o)
                0x00002f70                IPAddress::IPAddress(unsigned char, unsigned char, unsigned char, unsigned char)
                0x00002f70                IPAddress::IPAddress(unsigned char, unsigned char, unsigned char, unsigned char)
 .text._ZN5Print5writeEPKhj
                0x00002f8c       0x28 c:\project\HerBo\build/core\core.a(Print.cpp.o)
                0x00002f8c                Print::write(unsigned char const*, unsigned int)
 .text._ZN5Print5writeEPKc.part.2
                0x00002fb4       0x1a c:\project\HerBo\build/core\core.a(Print.cpp.o)
 .text._ZN5Print5writeEPKc
                0x00002fce       0x10 c:\project\HerBo\build/core\core.a(Print.cpp.o)
                0x00002fce                Print::write(char const*)
 .text._ZN5Print5printEc
                0x00002fde        0xa c:\project\HerBo\build/core\core.a(Print.cpp.o)
                0x00002fde                Print::print(char)
 .text._ZN5Print7printlnEv
                0x00002fe8       0x10 c:\project\HerBo\build/core\core.a(Print.cpp.o)
                0x00002fe8                Print::println()
 .text._ZN5Print7printlnEPKc
                0x00002ff8       0x14 c:\project\HerBo\build/core\core.a(Print.cpp.o)
                0x00002ff8                Print::println(char const*)
 .text._ZN5Print11printNumberEmh
                0x0000300c       0x48 c:\project\HerBo\build/core\core.a(Print.cpp.o)
                0x0000300c                Print::printNumber(unsigned long, unsigned char)
 .text._ZN5Print5printEli
                0x00003054       0x3e c:\project\HerBo\build/core\core.a(Print.cpp.o)
                0x00003054                Print::print(long, int)
 .text._ZN5Print7printlnEii
                0x00003092       0x14 c:\project\HerBo\build/core\core.a(Print.cpp.o)
                0x00003092                Print::println(int, int)
 .text._ZN5Print5printEmi
                0x000030a6       0x18 c:\project\HerBo\build/core\core.a(Print.cpp.o)
                0x000030a6                Print::print(unsigned long, int)
 .text._ZN5Print5printEhi
                0x000030be        0x8 c:\project\HerBo\build/core\core.a(Print.cpp.o)
                0x000030be                Print::print(unsigned char, int)
 *fill*         0x000030c6        0x2 
 .text._ZN5Print10printFloatEdh
                0x000030c8      0x168 c:\project\HerBo\build/core\core.a(Print.cpp.o)
                0x000030c8                Print::printFloat(double, unsigned char)
 .text._ZN5Print7printlnEdi
                0x00003230       0x20 c:\project\HerBo\build/core\core.a(Print.cpp.o)
                0x00003230                Print::println(double, int)
 .text.initiateReset
                0x00003250       0x14 c:\project\HerBo\build/core\core.a(Reset.cpp.o)
                0x00003250                initiateReset
 .text.cancelReset
                0x00003264       0x10 c:\project\HerBo\build/core\core.a(Reset.cpp.o)
                0x00003264                cancelReset
 .text.tickReset
                0x00003274       0x78 c:\project\HerBo\build/core\core.a(Reset.cpp.o)
                0x00003274                tickReset
 .text._ZN6SERCOMC2EP6Sercom
                0x000032ec        0x4 c:\project\HerBo\build/core\core.a(SERCOM.cpp.o)
                0x000032ec                SERCOM::SERCOM(Sercom*)
                0x000032ec                SERCOM::SERCOM(Sercom*)
 .text._ZN6SERCOM9initFrameE18SercomUartCharSize15SercomDataOrder16SercomParityMode19SercomNumberStopBit
                0x000032f0       0x3a c:\project\HerBo\build/core\core.a(SERCOM.cpp.o)
                0x000032f0                SERCOM::initFrame(SercomUartCharSize, SercomDataOrder, SercomParityMode, SercomNumberStopBit)
 .text._ZN6SERCOM8initPadsE15SercomUartTXPad11SercomRXPad
                0x0000332a       0x26 c:\project\HerBo\build/core\core.a(SERCOM.cpp.o)
                0x0000332a                SERCOM::initPads(SercomUartTXPad, SercomRXPad)
 .text._ZN6SERCOM9resetUARTEv
                0x00003350       0x1a c:\project\HerBo\build/core\core.a(SERCOM.cpp.o)
                0x00003350                SERCOM::resetUART()
 .text._ZN6SERCOM10enableUARTEv
                0x0000336a       0x14 c:\project\HerBo\build/core\core.a(SERCOM.cpp.o)
                0x0000336a                SERCOM::enableUART()
 .text._ZN6SERCOM9flushUARTEv
                0x0000337e       0x10 c:\project\HerBo\build/core\core.a(SERCOM.cpp.o)
                0x0000337e                SERCOM::flushUART()
 .text._ZN6SERCOM15clearStatusUARTEv
                0x0000338e        0x8 c:\project\HerBo\build/core\core.a(SERCOM.cpp.o)
                0x0000338e                SERCOM::clearStatusUART()
 .text._ZN6SERCOM17availableDataUARTEv
                0x00003396        0xa c:\project\HerBo\build/core\core.a(SERCOM.cpp.o)
                0x00003396                SERCOM::availableDataUART()
 .text._ZN6SERCOM11isUARTErrorEv
                0x000033a0        0x8 c:\project\HerBo\build/core\core.a(SERCOM.cpp.o)
                0x000033a0                SERCOM::isUARTError()
 .text._ZN6SERCOM20acknowledgeUARTErrorEv
                0x000033a8        0xe c:\project\HerBo\build/core\core.a(SERCOM.cpp.o)
                0x000033a8                SERCOM::acknowledgeUARTError()
 .text._ZN6SERCOM16isFrameErrorUARTEv
                0x000033b6        0xa c:\project\HerBo\build/core\core.a(SERCOM.cpp.o)
                0x000033b6                SERCOM::isFrameErrorUART()
 .text._ZN6SERCOM19clearFrameErrorUARTEv
                0x000033c0        0xc c:\project\HerBo\build/core\core.a(SERCOM.cpp.o)
                0x000033c0                SERCOM::clearFrameErrorUART()
 .text._ZN6SERCOM23isDataRegisterEmptyUARTEv
                0x000033cc        0xa c:\project\HerBo\build/core\core.a(SERCOM.cpp.o)
                0x000033cc                SERCOM::isDataRegisterEmptyUART()
 .text._ZN6SERCOM12readDataUARTEv
                0x000033d6        0x8 c:\project\HerBo\build/core\core.a(SERCOM.cpp.o)
                0x000033d6                SERCOM::readDataUART()
 .text._ZN6SERCOM13writeDataUARTEh
                0x000033de       0x10 c:\project\HerBo\build/core\core.a(SERCOM.cpp.o)
                0x000033de                SERCOM::writeDataUART(unsigned char)
 .text._ZN6SERCOM36enableDataRegisterEmptyInterruptUARTEv
                0x000033ee        0x8 c:\project\HerBo\build/core\core.a(SERCOM.cpp.o)
                0x000033ee                SERCOM::enableDataRegisterEmptyInterruptUART()
 .text._ZN6SERCOM37disableDataRegisterEmptyInterruptUARTEv
                0x000033f6        0x8 c:\project\HerBo\build/core\core.a(SERCOM.cpp.o)
                0x000033f6                SERCOM::disableDataRegisterEmptyInterruptUART()
 .text._ZN6SERCOM9resetWIREEv
                0x000033fe       0x1a c:\project\HerBo\build/core\core.a(SERCOM.cpp.o)
                0x000033fe                SERCOM::resetWIRE()
 .text._ZN6SERCOM10enableWIREEv
                0x00003418       0x2a c:\project\HerBo\build/core\core.a(SERCOM.cpp.o)
                0x00003418                SERCOM::enableWIRE()
 .text._ZN6SERCOM11disableWIREEv
                0x00003442       0x14 c:\project\HerBo\build/core\core.a(SERCOM.cpp.o)
                0x00003442                SERCOM::disableWIRE()
 *fill*         0x00003456        0x2 
 .text._ZN6SERCOM22prepareCommandBitsWireEh
                0x00003458       0x2c c:\project\HerBo\build/core\core.a(SERCOM.cpp.o)
                0x00003458                SERCOM::prepareCommandBitsWire(unsigned char)
 .text._ZN6SERCOM21startTransmissionWIREEh23SercomWireReadWriteFlag
                0x00003484       0x84 c:\project\HerBo\build/core\core.a(SERCOM.cpp.o)
                0x00003484                SERCOM::startTransmissionWIRE(unsigned char, SercomWireReadWriteFlag)
 .text._ZN6SERCOM18sendDataMasterWIREEh
                0x00003508       0x24 c:\project\HerBo\build/core\core.a(SERCOM.cpp.o)
                0x00003508                SERCOM::sendDataMasterWIRE(unsigned char)
 .text._ZN6SERCOM13initClockNVICEv
                0x0000352c       0xa8 c:\project\HerBo\build/core\core.a(SERCOM.cpp.o)
                0x0000352c                SERCOM::initClockNVIC()
 .text._ZN6SERCOM8initUARTE14SercomUartMode20SercomUartSampleRatem
                0x000035d4       0x6c c:\project\HerBo\build/core\core.a(SERCOM.cpp.o)
                0x000035d4                SERCOM::initUART(SercomUartMode, SercomUartSampleRate, unsigned long)
 .text._ZN6SERCOM14initMasterWIREEm
                0x00003640       0x54 c:\project\HerBo\build/core\core.a(SERCOM.cpp.o)
                0x00003640                SERCOM::initMasterWIRE(unsigned long)
 .text._ZN7Serial_13getDescriptorER8USBSetup
                0x00003694        0x4 c:\project\HerBo\build/core\core.a(CDC.cpp.o)
                0x00003694                Serial_::getDescriptor(USBSetup&)
 .text._ZL5utox8mPc
                0x00003698       0x24 c:\project\HerBo\build/core\core.a(CDC.cpp.o)
 .text._ZN7Serial_12getShortNameEPc
                0x000036bc       0x44 c:\project\HerBo\build/core\core.a(CDC.cpp.o)
                0x000036bc                Serial_::getShortName(char*)
 .text._ZThn16_N7Serial_12getShortNameEPc
                0x00003700       0x10 c:\project\HerBo\build/core\core.a(CDC.cpp.o)
                0x00003700                non-virtual thunk to Serial_::getShortName(char*)
 .text._ZN7Serial_14handleEndpointEi
                0x00003710        0x2 c:\project\HerBo\build/core\core.a(CDC.cpp.o)
                0x00003710                Serial_::handleEndpoint(int)
 .text._ZN7Serial_17availableForWriteEv
                0x00003712        0x4 c:\project\HerBo\build/core\core.a(CDC.cpp.o)
                0x00003712                Serial_::availableForWrite()
 .text._ZN7Serial_5writeEh
                0x00003716       0x14 c:\project\HerBo\build/core\core.a(CDC.cpp.o)
                0x00003716                Serial_::write(unsigned char)
 *fill*         0x0000372a        0x2 
 .text._ZN7Serial_12getInterfaceEPh
                0x0000372c      0x11c c:\project\HerBo\build/core\core.a(CDC.cpp.o)
                0x0000372c                Serial_::getInterface(unsigned char*)
 .text._ZThn16_N7Serial_12getInterfaceEPh
                0x00003848       0x10 c:\project\HerBo\build/core\core.a(CDC.cpp.o)
                0x00003848                non-virtual thunk to Serial_::getInterface(unsigned char*)
 .text._ZN7Serial_5setupER8USBSetup
                0x00003858       0xa8 c:\project\HerBo\build/core\core.a(CDC.cpp.o)
                0x00003858                Serial_::setup(USBSetup&)
 .text._ZThn16_N7Serial_5setupER8USBSetup
                0x00003900       0x10 c:\project\HerBo\build/core\core.a(CDC.cpp.o)
                0x00003900                non-virtual thunk to Serial_::setup(USBSetup&)
 .text._ZN7Serial_9availableEv
                0x00003910       0x20 c:\project\HerBo\build/core\core.a(CDC.cpp.o)
                0x00003910                Serial_::available()
 .text._ZN7Serial_5flushEv
                0x00003930        0xe c:\project\HerBo\build/core\core.a(CDC.cpp.o)
                0x00003930                Serial_::flush()
 .text._ZN7Serial_5clearEv
                0x0000393e        0xe c:\project\HerBo\build/core\core.a(CDC.cpp.o)
                0x0000393e                Serial_::clear()
 .text._ZN7Serial_5writeEPKhj
                0x0000394c       0x1e c:\project\HerBo\build/core\core.a(CDC.cpp.o)
                0x0000394c                Serial_::write(unsigned char const*, unsigned int)
 *fill*         0x0000396a        0x2 
 .text._ZN7Serial_4peekEv
                0x0000396c       0x1c c:\project\HerBo\build/core\core.a(CDC.cpp.o)
                0x0000396c                Serial_::peek()
 .text._ZN7Serial_4readEv
                0x00003988       0x24 c:\project\HerBo\build/core\core.a(CDC.cpp.o)
                0x00003988                Serial_::read()
 .text._ZThn16_N7Serial_14handleEndpointEi
                0x000039ac        0x2 c:\project\HerBo\build/core\core.a(CDC.cpp.o)
                0x000039ac                non-virtual thunk to Serial_::handleEndpoint(int)
 .text._ZThn16_N7Serial_13getDescriptorER8USBSetup
                0x000039ae        0x4 c:\project\HerBo\build/core\core.a(CDC.cpp.o)
                0x000039ae                non-virtual thunk to Serial_::getDescriptor(USBSetup&)
 *fill*         0x000039b2        0x2 
 .text._ZN7Serial_C2ER14USBDeviceClass
                0x000039b4       0x50 c:\project\HerBo\build/core\core.a(CDC.cpp.o)
                0x000039b4                Serial_::Serial_(USBDeviceClass&)
                0x000039b4                Serial_::Serial_(USBDeviceClass&)
 .text._ZN7Serial_15enableInterruptEv
                0x00003a04       0x30 c:\project\HerBo\build/core\core.a(CDC.cpp.o)
                0x00003a04                Serial_::enableInterrupt()
 .text._ZN7Serial_5beginEm
                0x00003a34        0x2 c:\project\HerBo\build/core\core.a(CDC.cpp.o)
                0x00003a34                Serial_::begin(unsigned long)
 *fill*         0x00003a36        0x2 
 .text._ZN7Serial_cvbEv
                0x00003a38       0x28 c:\project\HerBo\build/core\core.a(CDC.cpp.o)
                0x00003a38                Serial_::operator bool()
 .text.startup._GLOBAL__sub_I__ZN7Serial_12getInterfaceEPh
                0x00003a60       0x14 c:\project\HerBo\build/core\core.a(CDC.cpp.o)
 .text._ZN13PluggableUSB_12getInterfaceEPh
                0x00003a74       0x28 c:\project\HerBo\build/core\core.a(PluggableUSB.cpp.o)
                0x00003a74                PluggableUSB_::getInterface(unsigned char*)
 .text._ZN13PluggableUSB_13getDescriptorER8USBSetup
                0x00003a9c       0x20 c:\project\HerBo\build/core\core.a(PluggableUSB.cpp.o)
                0x00003a9c                PluggableUSB_::getDescriptor(USBSetup&)
 .text._ZN13PluggableUSB_12getShortNameEPc
                0x00003abc       0x26 c:\project\HerBo\build/core\core.a(PluggableUSB.cpp.o)
                0x00003abc                PluggableUSB_::getShortName(char*)
 .text._ZN13PluggableUSB_5setupER8USBSetup
                0x00003ae2       0x20 c:\project\HerBo\build/core\core.a(PluggableUSB.cpp.o)
                0x00003ae2                PluggableUSB_::setup(USBSetup&)
 .text._ZN13PluggableUSB_14handleEndpointEi
                0x00003b02       0x1a c:\project\HerBo\build/core\core.a(PluggableUSB.cpp.o)
                0x00003b02                PluggableUSB_::handleEndpoint(int)
 .text._ZN13PluggableUSB_4plugEP18PluggableUSBModule
                0x00003b1c       0x58 c:\project\HerBo\build/core\core.a(PluggableUSB.cpp.o)
                0x00003b1c                PluggableUSB_::plug(PluggableUSBModule*)
 .text._Z12PluggableUSBv
                0x00003b74       0x24 c:\project\HerBo\build/core\core.a(PluggableUSB.cpp.o)
                0x00003b74                PluggableUSB()
 .text._ZN26DoubleBufferedEPOutHandlerD2Ev
                0x00003b98        0x2 c:\project\HerBo\build/core\core.a(USBCore.cpp.o)
                0x00003b98                DoubleBufferedEPOutHandler::~DoubleBufferedEPOutHandler()
                0x00003b98                DoubleBufferedEPOutHandler::~DoubleBufferedEPOutHandler()
 .text._ZN26DoubleBufferedEPOutHandlerD0Ev
                0x00003b9a        0xc c:\project\HerBo\build/core\core.a(USBCore.cpp.o)
                0x00003b9a                DoubleBufferedEPOutHandler::~DoubleBufferedEPOutHandler()
 *fill*         0x00003ba6        0x2 
 .text._ZN14USBDeviceClass6initEPEmm.part.7
                0x00003ba8       0xc4 c:\project\HerBo\build/core\core.a(USBCore.cpp.o)
 .text._ZN7__GuardC2Ev
                0x00003c6c        0xe c:\project\HerBo\build/core\core.a(USBCore.cpp.o)
                0x00003c6c                __Guard::__Guard()
                0x00003c6c                __Guard::__Guard()
 .text._ZN7__GuardD2Ev
                0x00003c7a        0xe c:\project\HerBo\build/core\core.a(USBCore.cpp.o)
                0x00003c7a                __Guard::~__Guard()
                0x00003c7a                __Guard::~__Guard()
 .text._ZNK26DoubleBufferedEPOutHandler10_availableEv
                0x00003c88       0x70 c:\project\HerBo\build/core\core.a(USBCore.cpp.o)
                0x00003c88                DoubleBufferedEPOutHandler::_available() const
 .text._ZN26DoubleBufferedEPOutHandler7releaseEv
                0x00003cf8       0x3c c:\project\HerBo\build/core\core.a(USBCore.cpp.o)
                0x00003cf8                DoubleBufferedEPOutHandler::release()
 .text._ZN26DoubleBufferedEPOutHandler14handleEndpointEv
                0x00003d34       0xea c:\project\HerBo\build/core\core.a(USBCore.cpp.o)
                0x00003d34                DoubleBufferedEPOutHandler::handleEndpoint()
 .text._ZN26DoubleBufferedEPOutHandler5_recvEv
                0x00003e1e      0x198 c:\project\HerBo\build/core\core.a(USBCore.cpp.o)
                0x00003e1e                DoubleBufferedEPOutHandler::_recv()
 .text._ZN26DoubleBufferedEPOutHandler4peekEv
                0x00003fb6       0x22 c:\project\HerBo\build/core\core.a(USBCore.cpp.o)
                0x00003fb6                DoubleBufferedEPOutHandler::peek()
 .text._ZN26DoubleBufferedEPOutHandler9availableEv
                0x00003fd8       0x18 c:\project\HerBo\build/core\core.a(USBCore.cpp.o)
                0x00003fd8                DoubleBufferedEPOutHandler::available()
 .text._ZN26DoubleBufferedEPOutHandler4recvEPvm
                0x00003ff0       0x72 c:\project\HerBo\build/core\core.a(USBCore.cpp.o)
                0x00003ff0                DoubleBufferedEPOutHandler::recv(void*, unsigned long)
 .text._ZN14USBDeviceClass14SendInterfacesEPm
                0x00004062       0x20 c:\project\HerBo\build/core\core.a(USBCore.cpp.o)
                0x00004062                USBDeviceClass::SendInterfaces(unsigned long*)
 *fill*         0x00004082        0x2 
 .text._ZN14USBDeviceClass4initEv
                0x00004084      0x144 c:\project\HerBo\build/core\core.a(USBCore.cpp.o)
                0x00004084                USBDeviceClass::init()
 .text._ZN14USBDeviceClass6attachEv
                0x000041c8       0x34 c:\project\HerBo\build/core\core.a(USBCore.cpp.o)
                0x000041c8                USBDeviceClass::attach()
 .text._ZN14USBDeviceClass10setAddressEm
                0x000041fc       0x48 c:\project\HerBo\build/core\core.a(USBCore.cpp.o)
                0x000041fc                USBDeviceClass::setAddress(unsigned long)
 .text._ZN14USBDeviceClass25handleClassInterfaceSetupER8USBSetup
                0x00004244       0x24 c:\project\HerBo\build/core\core.a(USBCore.cpp.o)
                0x00004244                USBDeviceClass::handleClassInterfaceSetup(USBSetup&)
 .text._ZN14USBDeviceClass6initEPEmm
                0x00004268      0x120 c:\project\HerBo\build/core\core.a(USBCore.cpp.o)
                0x00004268                USBDeviceClass::initEP(unsigned long, unsigned long)
 .text._ZN14USBDeviceClass13initEndpointsEv
                0x00004388       0x24 c:\project\HerBo\build/core\core.a(USBCore.cpp.o)
                0x00004388                USBDeviceClass::initEndpoints()
 .text._ZN14USBDeviceClass5clearEm
                0x000043ac       0x38 c:\project\HerBo\build/core\core.a(USBCore.cpp.o)
                0x000043ac                USBDeviceClass::clear(unsigned long)
 .text._ZN14USBDeviceClass9availableEm
                0x000043e4       0x2c c:\project\HerBo\build/core\core.a(USBCore.cpp.o)
                0x000043e4                USBDeviceClass::available(unsigned long)
 .text._ZN14USBDeviceClass5flushEm
                0x00004410       0x2c c:\project\HerBo\build/core\core.a(USBCore.cpp.o)
                0x00004410                USBDeviceClass::flush(unsigned long)
 .text._ZN14USBDeviceClass4recvEmPvm
                0x0000443c       0xc0 c:\project\HerBo\build/core\core.a(USBCore.cpp.o)
                0x0000443c                USBDeviceClass::recv(unsigned long, void*, unsigned long)
 .text._ZN14USBDeviceClass4recvEm
                0x000044fc       0x1c c:\project\HerBo\build/core\core.a(USBCore.cpp.o)
                0x000044fc                USBDeviceClass::recv(unsigned long)
 .text._ZN14USBDeviceClass14armRecvCtrlOUTEm
                0x00004518       0x5c c:\project\HerBo\build/core\core.a(USBCore.cpp.o)
                0x00004518                USBDeviceClass::armRecvCtrlOUT(unsigned long)
 .text._ZN14USBDeviceClass11recvControlEPvm
                0x00004574       0x28 c:\project\HerBo\build/core\core.a(USBCore.cpp.o)
                0x00004574                USBDeviceClass::recvControl(void*, unsigned long)
 .text._ZN14USBDeviceClass4sendEmPKvm
                0x0000459c      0x10c c:\project\HerBo\build/core\core.a(USBCore.cpp.o)
                0x0000459c                USBDeviceClass::send(unsigned long, void const*, unsigned long)
 .text._ZN14USBDeviceClass7armSendEmPKvm
                0x000046a8       0x48 c:\project\HerBo\build/core\core.a(USBCore.cpp.o)
                0x000046a8                USBDeviceClass::armSend(unsigned long, void const*, unsigned long)
 .text._ZN14USBDeviceClass11sendControlEPKvm
                0x000046f0       0x54 c:\project\HerBo\build/core\core.a(USBCore.cpp.o)
                0x000046f0                USBDeviceClass::sendControl(void const*, unsigned long)
 .text._ZN14USBDeviceClass20sendStringDescriptorEPKhm
                0x00004744       0x64 c:\project\HerBo\build/core\core.a(USBCore.cpp.o)
                0x00004744                USBDeviceClass::sendStringDescriptor(unsigned char const*, unsigned long)
 .text._ZN14USBDeviceClass17sendConfigurationEm
                0x000047a8       0x80 c:\project\HerBo\build/core\core.a(USBCore.cpp.o)
                0x000047a8                USBDeviceClass::sendConfiguration(unsigned long)
 .text._ZN14USBDeviceClass14sendDescriptorER8USBSetup
                0x00004828       0xe0 c:\project\HerBo\build/core\core.a(USBCore.cpp.o)
                0x00004828                USBDeviceClass::sendDescriptor(USBSetup&)
 .text._ZN14USBDeviceClass7sendZlpEm
                0x00004908       0x18 c:\project\HerBo\build/core\core.a(USBCore.cpp.o)
                0x00004908                USBDeviceClass::sendZlp(unsigned long)
 .text._ZN14USBDeviceClass19handleStandardSetupER8USBSetup
                0x00004920       0xf0 c:\project\HerBo\build/core\core.a(USBCore.cpp.o)
                0x00004920                USBDeviceClass::handleStandardSetup(USBSetup&)
 .text._ZN14USBDeviceClass10ISRHandlerEv
                0x00004a10      0x108 c:\project\HerBo\build/core\core.a(USBCore.cpp.o)
                0x00004a10                USBDeviceClass::ISRHandler()
 .text.UDD_Handler
                0x00004b18       0x10 c:\project\HerBo\build/core\core.a(USBCore.cpp.o)
                0x00004b18                UDD_Handler
 .text.startup._GLOBAL__sub_I_usbd
                0x00004b28       0x10 c:\project\HerBo\build/core\core.a(USBCore.cpp.o)
 .text._ZN4UartcvbEv
                0x00004b38        0x4 c:\project\HerBo\build/core\core.a(Uart.cpp.o)
                0x00004b38                Uart::operator bool()
 .text._ZN4Uart5beginEm
                0x00004b3c       0x10 c:\project\HerBo\build/core\core.a(Uart.cpp.o)
                0x00004b3c                Uart::begin(unsigned long)
 .text._ZN4Uart4peekEv
                0x00004b4c       0x1a c:\project\HerBo\build/core\core.a(Uart.cpp.o)
                0x00004b4c                Uart::peek()
 .text._ZN4Uart3endEv
                0x00004b66       0x20 c:\project\HerBo\build/core\core.a(Uart.cpp.o)
                0x00004b66                Uart::end()
 .text._ZN4Uart16extractNbStopBitEt
                0x00004b86        0xc c:\project\HerBo\build/core\core.a(Uart.cpp.o)
                0x00004b86                Uart::extractNbStopBit(unsigned short)
 .text._ZN4Uart15extractCharSizeEt
                0x00004b92       0x28 c:\project\HerBo\build/core\core.a(Uart.cpp.o)
                0x00004b92                Uart::extractCharSize(unsigned short)
 .text._ZN4Uart13extractParityEt
                0x00004bba       0x14 c:\project\HerBo\build/core\core.a(Uart.cpp.o)
                0x00004bba                Uart::extractParity(unsigned short)
 *fill*         0x00004bce        0x2 
 .text._ZN4Uart5beginEmt
                0x00004bd0       0xf8 c:\project\HerBo\build/core\core.a(Uart.cpp.o)
                0x00004bd0                Uart::begin(unsigned long, unsigned short)
 .text._ZN11RingBufferNILi256EEC2Ev
                0x00004cc8       0x1c c:\project\HerBo\build/core\core.a(Uart.cpp.o)
                0x00004cc8                RingBufferN<256>::RingBufferN()
                0x00004cc8                RingBufferN<256>::RingBufferN()
 .text._ZN4UartC2EP6SERCOMhh11SercomRXPad15SercomUartTXPadhh
                0x00004ce4       0x88 c:\project\HerBo\build/core\core.a(Uart.cpp.o)
                0x00004ce4                Uart::Uart(SERCOM*, unsigned char, unsigned char, SercomRXPad, SercomUartTXPad, unsigned char, unsigned char)
                0x00004ce4                Uart::Uart(SERCOM*, unsigned char, unsigned char, SercomRXPad, SercomUartTXPad, unsigned char, unsigned char)
 .text._ZN4UartC2EP6SERCOMhh11SercomRXPad15SercomUartTXPad
                0x00004d6c       0x74 c:\project\HerBo\build/core\core.a(Uart.cpp.o)
                0x00004d6c                Uart::Uart(SERCOM*, unsigned char, unsigned char, SercomRXPad, SercomUartTXPad)
                0x00004d6c                Uart::Uart(SERCOM*, unsigned char, unsigned char, SercomRXPad, SercomUartTXPad)
 .text._ZN11RingBufferNILi256EE9availableEv
                0x00004de0       0x12 c:\project\HerBo\build/core\core.a(Uart.cpp.o)
                0x00004de0                RingBufferN<256>::available()
 .text._ZN4Uart5flushEv
                0x00004df2       0x1a c:\project\HerBo\build/core\core.a(Uart.cpp.o)
                0x00004df2                Uart::flush()
 .text._ZN4Uart9availableEv
                0x00004e0c        0xa c:\project\HerBo\build/core\core.a(Uart.cpp.o)
                0x00004e0c                Uart::available()
 .text._ZN11RingBufferNILi256EE17availableForStoreEv
                0x00004e16       0x20 c:\project\HerBo\build/core\core.a(Uart.cpp.o)
                0x00004e16                RingBufferN<256>::availableForStore()
 .text._ZN4Uart17availableForWriteEv
                0x00004e36        0xc c:\project\HerBo\build/core\core.a(Uart.cpp.o)
                0x00004e36                Uart::availableForWrite()
 .text._ZN4Uart10IrqHandlerEv
                0x00004e42       0xcc c:\project\HerBo\build/core\core.a(Uart.cpp.o)
                0x00004e42                Uart::IrqHandler()
 *fill*         0x00004f0e        0x2 
 .text._ZN4Uart5writeEh
                0x00004f10       0xb4 c:\project\HerBo\build/core\core.a(Uart.cpp.o)
                0x00004f10                Uart::write(unsigned char)
 .text._ZN4Uart4readEv
                0x00004fc4       0x4c c:\project\HerBo\build/core\core.a(Uart.cpp.o)
                0x00004fc4                Uart::read()
 .text.startup.main
                0x00005010       0x40 c:\project\HerBo\build/core\core.a(main.cpp.o)
                0x00005010                main
 .text._Znwj    0x00005050        0x8 c:\project\HerBo\build/core\core.a(new.cpp.o)
                0x00005050                operator new(unsigned int)
 .text._ZdlPv   0x00005058        0x8 c:\project\HerBo\build/core\core.a(new.cpp.o)
                0x00005058                operator delete(void*)
 .text.__aeabi_atexit
                0x00005060        0xe c:/users/anton/appdata/local/arduino15/packages/arduino/tools/arm-none-eabi-gcc/7-2017q4/bin/../lib/gcc/arm-none-eabi/7.2.1/../../../../arm-none-eabi/lib/thumb/v6-m\libstdc++_nano.a(atexit_arm.o)
                0x00005060                __aeabi_atexit
 *fill*         0x0000506e        0x2 
 .text          0x00005070       0x14 c:/users/anton/appdata/local/arduino15/packages/arduino/tools/arm-none-eabi-gcc/7-2017q4/bin/../lib/gcc/arm-none-eabi/7.2.1/thumb/v6-m\libgcc.a(_thumb1_case_uqi.o)
                0x00005070                __gnu_thumb1_case_uqi
 .text          0x00005084      0x114 c:/users/anton/appdata/local/arduino15/packages/arduino/tools/arm-none-eabi-gcc/7-2017q4/bin/../lib/gcc/arm-none-eabi/7.2.1/thumb/v6-m\libgcc.a(_udivsi3.o)
                0x00005084                __aeabi_uidiv
                0x00005084                __udivsi3
                0x00005190                __aeabi_uidivmod
 .text          0x00005198      0x1d4 c:/users/anton/appdata/local/arduino15/packages/arduino/tools/arm-none-eabi-gcc/7-2017q4/bin/../lib/gcc/arm-none-eabi/7.2.1/thumb/v6-m\libgcc.a(_divsi3.o)
                0x00005198                __divsi3
                0x00005198                __aeabi_idiv
                0x00005364                __aeabi_idivmod
 .text          0x0000536c        0x4 c:/users/anton/appdata/local/arduino15/packages/arduino/tools/arm-none-eabi-gcc/7-2017q4/bin/../lib/gcc/arm-none-eabi/7.2.1/thumb/v6-m\libgcc.a(_dvmd_tls.o)
                0x0000536c                __aeabi_idiv0
                0x0000536c                __aeabi_ldiv0
 .text          0x00005370       0x7c c:/users/anton/appdata/local/arduino15/packages/arduino/tools/arm-none-eabi-gcc/7-2017q4/bin/../lib/gcc/arm-none-eabi/7.2.1/thumb/v6-m\libgcc.a(_arm_cmpdf2.o)
                0x00005370                __aeabi_cdrcmple
                0x00005380                __aeabi_cdcmple
                0x00005380                __aeabi_cdcmpeq
                0x00005390                __aeabi_dcmpeq
                0x0000539c                __aeabi_dcmplt
                0x000053b0                __aeabi_dcmple
                0x000053c4                __aeabi_dcmpgt
                0x000053d8                __aeabi_dcmpge
 .text          0x000053ec       0x3c c:/users/anton/appdata/local/arduino15/packages/arduino/tools/arm-none-eabi-gcc/7-2017q4/bin/../lib/gcc/arm-none-eabi/7.2.1/thumb/v6-m\libgcc.a(_fixunsdfsi.o)
                0x000053ec                __aeabi_d2uiz
                0x000053ec                __fixunsdfsi
 .text          0x00005428      0x638 c:/users/anton/appdata/local/arduino15/packages/arduino/tools/arm-none-eabi-gcc/7-2017q4/bin/../lib/gcc/arm-none-eabi/7.2.1/thumb/v6-m\libgcc.a(adddf3.o)
                0x00005428                __aeabi_dadd
 .text          0x00005a60      0x604 c:/users/anton/appdata/local/arduino15/packages/arduino/tools/arm-none-eabi-gcc/7-2017q4/bin/../lib/gcc/arm-none-eabi/7.2.1/thumb/v6-m\libgcc.a(divdf3.o)
                0x00005a60                __aeabi_ddiv
 .text          0x00006064       0x78 c:/users/anton/appdata/local/arduino15/packages/arduino/tools/arm-none-eabi-gcc/7-2017q4/bin/../lib/gcc/arm-none-eabi/7.2.1/thumb/v6-m\libgcc.a(eqdf2.o)
                0x00006064                __nedf2
                0x00006064                __eqdf2
 .text          0x000060dc       0xc8 c:/users/anton/appdata/local/arduino15/packages/arduino/tools/arm-none-eabi-gcc/7-2017q4/bin/../lib/gcc/arm-none-eabi/7.2.1/thumb/v6-m\libgcc.a(gedf2.o)
                0x000060dc                __gedf2
                0x000060dc                __gtdf2
 .text          0x000061a4       0xd0 c:/users/anton/appdata/local/arduino15/packages/arduino/tools/arm-none-eabi-gcc/7-2017q4/bin/../lib/gcc/arm-none-eabi/7.2.1/thumb/v6-m\libgcc.a(ledf2.o)
                0x000061a4                __ledf2
                0x000061a4                __ltdf2
 .text          0x00006274      0x4e4 c:/users/anton/appdata/local/arduino15/packages/arduino/tools/arm-none-eabi-gcc/7-2017q4/bin/../lib/gcc/arm-none-eabi/7.2.1/thumb/v6-m\libgcc.a(muldf3.o)
                0x00006274                __aeabi_dmul
 .text          0x00006758      0x690 c:/users/anton/appdata/local/arduino15/packages/arduino/tools/arm-none-eabi-gcc/7-2017q4/bin/../lib/gcc/arm-none-eabi/7.2.1/thumb/v6-m\libgcc.a(subdf3.o)
                0x00006758                __aeabi_dsub
 .text          0x00006de8       0x38 c:/users/anton/appdata/local/arduino15/packages/arduino/tools/arm-none-eabi-gcc/7-2017q4/bin/../lib/gcc/arm-none-eabi/7.2.1/thumb/v6-m\libgcc.a(unorddf2.o)
                0x00006de8                __aeabi_dcmpun
 .text          0x00006e20       0x6c c:/users/anton/appdata/local/arduino15/packages/arduino/tools/arm-none-eabi-gcc/7-2017q4/bin/../lib/gcc/arm-none-eabi/7.2.1/thumb/v6-m\libgcc.a(fixdfsi.o)
                0x00006e20                __aeabi_d2iz
 .text          0x00006e8c       0x64 c:/users/anton/appdata/local/arduino15/packages/arduino/tools/arm-none-eabi-gcc/7-2017q4/bin/../lib/gcc/arm-none-eabi/7.2.1/thumb/v6-m\libgcc.a(floatunsidf.o)
                0x00006e8c                __aeabi_ui2d
 .text          0x00006ef0       0x3c c:/users/anton/appdata/local/arduino15/packages/arduino/tools/arm-none-eabi-gcc/7-2017q4/bin/../lib/gcc/arm-none-eabi/7.2.1/thumb/v6-m\libgcc.a(_clzsi2.o)
                0x00006ef0                __clzsi2
 .text.__cxa_atexit
                0x00006f2c       0x1c c:/users/anton/appdata/local/arduino15/packages/arduino/tools/arm-none-eabi-gcc/7-2017q4/bin/../lib/gcc/arm-none-eabi/7.2.1/../../../../arm-none-eabi/lib/thumb/v6-m\libc_nano.a(lib_a-cxa_atexit.o)
                0x00006f2c                __cxa_atexit
 .text.__libc_init_array
                0x00006f48       0x48 c:/users/anton/appdata/local/arduino15/packages/arduino/tools/arm-none-eabi-gcc/7-2017q4/bin/../lib/gcc/arm-none-eabi/7.2.1/../../../../arm-none-eabi/lib/thumb/v6-m\libc_nano.a(lib_a-init.o)
                0x00006f48                __libc_init_array
 .text.__locale_ctype_ptr_l
                0x00006f90        0x6 c:/users/anton/appdata/local/arduino15/packages/arduino/tools/arm-none-eabi-gcc/7-2017q4/bin/../lib/gcc/arm-none-eabi/7.2.1/../../../../arm-none-eabi/lib/thumb/v6-m\libc_nano.a(lib_a-locale.o)
                0x00006f90                __locale_ctype_ptr_l
 *fill*         0x00006f96        0x2 
 .text.__locale_ctype_ptr
                0x00006f98       0x1c c:/users/anton/appdata/local/arduino15/packages/arduino/tools/arm-none-eabi-gcc/7-2017q4/bin/../lib/gcc/arm-none-eabi/7.2.1/../../../../arm-none-eabi/lib/thumb/v6-m\libc_nano.a(lib_a-locale.o)
                0x00006f98                __locale_ctype_ptr
 .text.malloc   0x00006fb4       0x14 c:/users/anton/appdata/local/arduino15/packages/arduino/tools/arm-none-eabi-gcc/7-2017q4/bin/../lib/gcc/arm-none-eabi/7.2.1/../../../../arm-none-eabi/lib/thumb/v6-m\libc_nano.a(lib_a-malloc.o)
                0x00006fb4                malloc
 .text.free     0x00006fc8       0x14 c:/users/anton/appdata/local/arduino15/packages/arduino/tools/arm-none-eabi-gcc/7-2017q4/bin/../lib/gcc/arm-none-eabi/7.2.1/../../../../arm-none-eabi/lib/thumb/v6-m\libc_nano.a(lib_a-malloc.o)
                0x00006fc8                free
 .text.__ascii_mbtowc
                0x00006fdc       0x24 c:/users/anton/appdata/local/arduino15/packages/arduino/tools/arm-none-eabi-gcc/7-2017q4/bin/../lib/gcc/arm-none-eabi/7.2.1/../../../../arm-none-eabi/lib/thumb/v6-m\libc_nano.a(lib_a-mbtowc_r.o)
                0x00006fdc                __ascii_mbtowc
 .text.memcpy   0x00007000       0x12 c:/users/anton/appdata/local/arduino15/packages/arduino/tools/arm-none-eabi-gcc/7-2017q4/bin/../lib/gcc/arm-none-eabi/7.2.1/../../../../arm-none-eabi/lib/thumb/v6-m\libc_nano.a(lib_a-memcpy-stub.o)
                0x00007000                memcpy
 .text.memset   0x00007012       0x10 c:/users/anton/appdata/local/arduino15/packages/arduino/tools/arm-none-eabi-gcc/7-2017q4/bin/../lib/gcc/arm-none-eabi/7.2.1/../../../../arm-none-eabi/lib/thumb/v6-m\libc_nano.a(lib_a-memset.o)
                0x00007012                memset
 *fill*         0x00007022        0x2 
 .text.validate_structure
                0x00007024      0x194 c:/users/anton/appdata/local/arduino15/packages/arduino/tools/arm-none-eabi-gcc/7-2017q4/bin/../lib/gcc/arm-none-eabi/7.2.1/../../../../arm-none-eabi/lib/thumb/v6-m\libc_nano.a(lib_a-mktime.o)
 .text.mktime   0x000071b8      0x378 c:/users/anton/appdata/local/arduino15/packages/arduino/tools/arm-none-eabi-gcc/7-2017q4/bin/../lib/gcc/arm-none-eabi/7.2.1/../../../../arm-none-eabi/lib/thumb/v6-m\libc_nano.a(lib_a-mktime.o)
                0x000071b8                mktime
 .text._free_r  0x00007530       0x94 c:/users/anton/appdata/local/arduino15/packages/arduino/tools/arm-none-eabi-gcc/7-2017q4/bin/../lib/gcc/arm-none-eabi/7.2.1/../../../../arm-none-eabi/lib/thumb/v6-m\libc_nano.a(lib_a-nano-freer.o)
                0x00007530                _free_r
 .text._malloc_r
                0x000075c4       0xbc c:/users/anton/appdata/local/arduino15/packages/arduino/tools/arm-none-eabi-gcc/7-2017q4/bin/../lib/gcc/arm-none-eabi/7.2.1/../../../../arm-none-eabi/lib/thumb/v6-m\libc_nano.a(lib_a-nano-mallocr.o)
                0x000075c4                _malloc_r
 .text._sbrk_r  0x00007680       0x24 c:/users/anton/appdata/local/arduino15/packages/arduino/tools/arm-none-eabi-gcc/7-2017q4/bin/../lib/gcc/arm-none-eabi/7.2.1/../../../../arm-none-eabi/lib/thumb/v6-m\libc_nano.a(lib_a-sbrkr.o)
                0x00007680                _sbrk_r
 .text          0x000076a4       0x14 c:/users/anton/appdata/local/arduino15/packages/arduino/tools/arm-none-eabi-gcc/7-2017q4/bin/../lib/gcc/arm-none-eabi/7.2.1/../../../../arm-none-eabi/lib/thumb/v6-m\libc_nano.a(lib_a-strcmp.o)
                0x000076a4                strcmp
 .text.strcpy   0x000076b8       0x10 c:/users/anton/appdata/local/arduino15/packages/arduino/tools/arm-none-eabi-gcc/7-2017q4/bin/../lib/gcc/arm-none-eabi/7.2.1/../../../../arm-none-eabi/lib/thumb/v6-m\libc_nano.a(lib_a-strcpy.o)
                0x000076b8                strcpy
 .text          0x000076c8        0xe c:/users/anton/appdata/local/arduino15/packages/arduino/tools/arm-none-eabi-gcc/7-2017q4/bin/../lib/gcc/arm-none-eabi/7.2.1/../../../../arm-none-eabi/lib/thumb/v6-m\libc_nano.a(lib_a-strlen.o)
                0x000076c8                strlen
 .text.strncmp  0x000076d6       0x22 c:/users/anton/appdata/local/arduino15/packages/arduino/tools/arm-none-eabi-gcc/7-2017q4/bin/../lib/gcc/arm-none-eabi/7.2.1/../../../../arm-none-eabi/lib/thumb/v6-m\libc_nano.a(lib_a-strncmp.o)
                0x000076d6                strncmp
 .text._strtol_l.isra.0
                0x000076f8      0x104 c:/users/anton/appdata/local/arduino15/packages/arduino/tools/arm-none-eabi-gcc/7-2017q4/bin/../lib/gcc/arm-none-eabi/7.2.1/../../../../arm-none-eabi/lib/thumb/v6-m\libc_nano.a(lib_a-strtol.o)
 .text._strtol_r
                0x000077fc       0x20 c:/users/anton/appdata/local/arduino15/packages/arduino/tools/arm-none-eabi-gcc/7-2017q4/bin/../lib/gcc/arm-none-eabi/7.2.1/../../../../arm-none-eabi/lib/thumb/v6-m\libc_nano.a(lib_a-strtol.o)
                0x000077fc                _strtol_r
 .text.__tzcalc_limits
                0x0000781c      0x160 c:/users/anton/appdata/local/arduino15/packages/arduino/tools/arm-none-eabi-gcc/7-2017q4/bin/../lib/gcc/arm-none-eabi/7.2.1/../../../../arm-none-eabi/lib/thumb/v6-m\libc_nano.a(lib_a-tzcalc_limits.o)
                0x0000781c                __tzcalc_limits
 .text.__tz_lock
                0x0000797c        0x2 c:/users/anton/appdata/local/arduino15/packages/arduino/tools/arm-none-eabi-gcc/7-2017q4/bin/../lib/gcc/arm-none-eabi/7.2.1/../../../../arm-none-eabi/lib/thumb/v6-m\libc_nano.a(lib_a-tzlock.o)
                0x0000797c                __tz_lock
 .text.__tz_unlock
                0x0000797e        0x2 c:/users/anton/appdata/local/arduino15/packages/arduino/tools/arm-none-eabi-gcc/7-2017q4/bin/../lib/gcc/arm-none-eabi/7.2.1/../../../../arm-none-eabi/lib/thumb/v6-m\libc_nano.a(lib_a-tzlock.o)
                0x0000797e                __tz_unlock
 .text._tzset_unlocked
                0x00007980       0x10 c:/users/anton/appdata/local/arduino15/packages/arduino/tools/arm-none-eabi-gcc/7-2017q4/bin/../lib/gcc/arm-none-eabi/7.2.1/../../../../arm-none-eabi/lib/thumb/v6-m\libc_nano.a(lib_a-tzset.o)
                0x00007980                _tzset_unlocked
 .text._tzset_unlocked_r
                0x00007990      0x2fc c:/users/anton/appdata/local/arduino15/packages/arduino/tools/arm-none-eabi-gcc/7-2017q4/bin/../lib/gcc/arm-none-eabi/7.2.1/../../../../arm-none-eabi/lib/thumb/v6-m\libc_nano.a(lib_a-tzset_r.o)
                0x00007990                _tzset_unlocked_r
 .text.__ascii_wctomb
                0x00007c8c       0x18 c:/users/anton/appdata/local/arduino15/packages/arduino/tools/arm-none-eabi-gcc/7-2017q4/bin/../lib/gcc/arm-none-eabi/7.2.1/../../../../arm-none-eabi/lib/thumb/v6-m\libc_nano.a(lib_a-wctomb_r.o)
                0x00007c8c                __ascii_wctomb
 .text.div      0x00007ca4       0x2e c:/users/anton/appdata/local/arduino15/packages/arduino/tools/arm-none-eabi-gcc/7-2017q4/bin/../lib/gcc/arm-none-eabi/7.2.1/../../../../arm-none-eabi/lib/thumb/v6-m\libc_nano.a(lib_a-div.o)
                0x00007ca4                div
 *fill*         0x00007cd2        0x2 
 .text._findenv_r
                0x00007cd4       0x78 c:/users/anton/appdata/local/arduino15/packages/arduino/tools/arm-none-eabi-gcc/7-2017q4/bin/../lib/gcc/arm-none-eabi/7.2.1/../../../../arm-none-eabi/lib/thumb/v6-m\libc_nano.a(lib_a-getenv_r.o)
                0x00007cd4                _findenv_r
 .text._getenv_r
                0x00007d4c        0xa c:/users/anton/appdata/local/arduino15/packages/arduino/tools/arm-none-eabi-gcc/7-2017q4/bin/../lib/gcc/arm-none-eabi/7.2.1/../../../../arm-none-eabi/lib/thumb/v6-m\libc_nano.a(lib_a-getenv_r.o)
                0x00007d4c                _getenv_r
 *fill*         0x00007d56        0x2 
 .text.__gettzinfo
                0x00007d58        0x8 c:/users/anton/appdata/local/arduino15/packages/arduino/tools/arm-none-eabi-gcc/7-2017q4/bin/../lib/gcc/arm-none-eabi/7.2.1/../../../../arm-none-eabi/lib/thumb/v6-m\libc_nano.a(lib_a-gettzinfo.o)
                0x00007d58                __gettzinfo
 .text.memchr   0x00007d60       0x16 c:/users/anton/appdata/local/arduino15/packages/arduino/tools/arm-none-eabi-gcc/7-2017q4/bin/../lib/gcc/arm-none-eabi/7.2.1/../../../../arm-none-eabi/lib/thumb/v6-m\libc_nano.a(lib_a-memchr-stub.o)
                0x00007d60                memchr
 .text.__malloc_lock
                0x00007d76        0x2 c:/users/anton/appdata/local/arduino15/packages/arduino/tools/arm-none-eabi-gcc/7-2017q4/bin/../lib/gcc/arm-none-eabi/7.2.1/../../../../arm-none-eabi/lib/thumb/v6-m\libc_nano.a(lib_a-mlock.o)
                0x00007d76                __malloc_lock
 .text.__malloc_unlock
                0x00007d78        0x2 c:/users/anton/appdata/local/arduino15/packages/arduino/tools/arm-none-eabi-gcc/7-2017q4/bin/../lib/gcc/arm-none-eabi/7.2.1/../../../../arm-none-eabi/lib/thumb/v6-m\libc_nano.a(lib_a-mlock.o)
                0x00007d78                __malloc_unlock
 .text._realloc_r
                0x00007d7a       0x4c c:/users/anton/appdata/local/arduino15/packages/arduino/tools/arm-none-eabi-gcc/7-2017q4/bin/../lib/gcc/arm-none-eabi/7.2.1/../../../../arm-none-eabi/lib/thumb/v6-m\libc_nano.a(lib_a-nano-reallocr.o)
                0x00007d7a                _realloc_r
 *fill*         0x00007dc6        0x2 
 .text.sscanf   0x00007dc8       0x50 c:/users/anton/appdata/local/arduino15/packages/arduino/tools/arm-none-eabi-gcc/7-2017q4/bin/../lib/gcc/arm-none-eabi/7.2.1/../../../../arm-none-eabi/lib/thumb/v6-m\libc_nano.a(lib_a-sscanf.o)
                0x00007dc8                siscanf
                0x00007dc8                sscanf
 .text.__seofread
                0x00007e18        0x4 c:/users/anton/appdata/local/arduino15/packages/arduino/tools/arm-none-eabi-gcc/7-2017q4/bin/../lib/gcc/arm-none-eabi/7.2.1/../../../../arm-none-eabi/lib/thumb/v6-m\libc_nano.a(lib_a-stdio.o)
                0x00007e18                __seofread
 .text._strtoul_l.isra.0
                0x00007e1c      0x106 c:/users/anton/appdata/local/arduino15/packages/arduino/tools/arm-none-eabi-gcc/7-2017q4/bin/../lib/gcc/arm-none-eabi/7.2.1/../../../../arm-none-eabi/lib/thumb/v6-m\libc_nano.a(lib_a-strtoul.o)
 *fill*         0x00007f22        0x2 
 .text._strtoul_r
                0x00007f24       0x20 c:/users/anton/appdata/local/arduino15/packages/arduino/tools/arm-none-eabi-gcc/7-2017q4/bin/../lib/gcc/arm-none-eabi/7.2.1/../../../../arm-none-eabi/lib/thumb/v6-m\libc_nano.a(lib_a-strtoul.o)
                0x00007f24                _strtoul_r
 .text.strtoul  0x00007f44       0x28 c:/users/anton/appdata/local/arduino15/packages/arduino/tools/arm-none-eabi-gcc/7-2017q4/bin/../lib/gcc/arm-none-eabi/7.2.1/../../../../arm-none-eabi/lib/thumb/v6-m\libc_nano.a(lib_a-strtoul.o)
                0x00007f44                strtoul
 .text.__env_lock
                0x00007f6c        0x2 c:/users/anton/appdata/local/arduino15/packages/arduino/tools/arm-none-eabi-gcc/7-2017q4/bin/../lib/gcc/arm-none-eabi/7.2.1/../../../../arm-none-eabi/lib/thumb/v6-m\libc_nano.a(lib_a-envlock.o)
                0x00007f6c                __env_lock
 .text.__env_unlock
                0x00007f6e        0x2 c:/users/anton/appdata/local/arduino15/packages/arduino/tools/arm-none-eabi-gcc/7-2017q4/bin/../lib/gcc/arm-none-eabi/7.2.1/../../../../arm-none-eabi/lib/thumb/v6-m\libc_nano.a(lib_a-envlock.o)
                0x00007f6e                __env_unlock
 .text._malloc_usable_size_r
                0x00007f70       0x10 c:/users/anton/appdata/local/arduino15/packages/arduino/tools/arm-none-eabi-gcc/7-2017q4/bin/../lib/gcc/arm-none-eabi/7.2.1/../../../../arm-none-eabi/lib/thumb/v6-m\libc_nano.a(lib_a-nano-msizer.o)
                0x00007f70                _malloc_usable_size_r
 .text._sungetc_r
                0x00007f80       0x78 c:/users/anton/appdata/local/arduino15/packages/arduino/tools/arm-none-eabi-gcc/7-2017q4/bin/../lib/gcc/arm-none-eabi/7.2.1/../../../../arm-none-eabi/lib/thumb/v6-m\libc_nano.a(lib_a-nano-svfscanf.o)
                0x00007f80                _sungetc_r
 .text.__ssrefill_r
                0x00007ff8       0x3e c:/users/anton/appdata/local/arduino15/packages/arduino/tools/arm-none-eabi-gcc/7-2017q4/bin/../lib/gcc/arm-none-eabi/7.2.1/../../../../arm-none-eabi/lib/thumb/v6-m\libc_nano.a(lib_a-nano-svfscanf.o)
                0x00007ff8                __ssrefill_r
 *fill*         0x00008036        0x2 
 .text.__ssvfscanf_r
                0x00008038      0x2fc c:/users/anton/appdata/local/arduino15/packages/arduino/tools/arm-none-eabi-gcc/7-2017q4/bin/../lib/gcc/arm-none-eabi/7.2.1/../../../../arm-none-eabi/lib/thumb/v6-m\libc_nano.a(lib_a-nano-svfscanf.o)
                0x00008038                __ssvfiscanf_r
                0x00008038                __ssvfscanf_r
 .text._scanf_chars
                0x00008334       0xca c:/users/anton/appdata/local/arduino15/packages/arduino/tools/arm-none-eabi-gcc/7-2017q4/bin/../lib/gcc/arm-none-eabi/7.2.1/../../../../arm-none-eabi/lib/thumb/v6-m\libc_nano.a(lib_a-nano-vfscanf_i.o)
                0x00008334                _scanf_chars
 *fill*         0x000083fe        0x2 
 .text._scanf_i
                0x00008400      0x204 c:/users/anton/appdata/local/arduino15/packages/arduino/tools/arm-none-eabi-gcc/7-2017q4/bin/../lib/gcc/arm-none-eabi/7.2.1/../../../../arm-none-eabi/lib/thumb/v6-m\libc_nano.a(lib_a-nano-vfscanf_i.o)
                0x00008400                _scanf_i
 .text.__sccl   0x00008604       0x60 c:/users/anton/appdata/local/arduino15/packages/arduino/tools/arm-none-eabi-gcc/7-2017q4/bin/../lib/gcc/arm-none-eabi/7.2.1/../../../../arm-none-eabi/lib/thumb/v6-m\libc_nano.a(lib_a-sccl.o)
                0x00008604                __sccl
 .text.__submore
                0x00008664       0x7c c:/users/anton/appdata/local/arduino15/packages/arduino/tools/arm-none-eabi-gcc/7-2017q4/bin/../lib/gcc/arm-none-eabi/7.2.1/../../../../arm-none-eabi/lib/thumb/v6-m\libc_nano.a(lib_a-ungetc.o)
                0x00008664                __submore
 .text._sbrk    0x000086e0       0x1c c:/users/anton/appdata/local/arduino15/packages/arduino/tools/arm-none-eabi-gcc/7-2017q4/bin/../lib/gcc/arm-none-eabi/7.2.1/../../../../arm-none-eabi/lib/thumb/v6-m\libnosys.a(sbrk.o)
                0x000086e0                _sbrk
 *(.init)
 .init          0x000086fc        0x4 c:/users/anton/appdata/local/arduino15/packages/arduino/tools/arm-none-eabi-gcc/7-2017q4/bin/../lib/gcc/arm-none-eabi/7.2.1/thumb/v6-m/crti.o
                0x000086fc                _init
 .init          0x00008700        0x8 c:/users/anton/appdata/local/arduino15/packages/arduino/tools/arm-none-eabi-gcc/7-2017q4/bin/../lib/gcc/arm-none-eabi/7.2.1/thumb/v6-m/crtn.o
 *(.fini)
 .fini          0x00008708        0x4 c:/users/anton/appdata/local/arduino15/packages/arduino/tools/arm-none-eabi-gcc/7-2017q4/bin/../lib/gcc/arm-none-eabi/7.2.1/thumb/v6-m/crti.o
                0x00008708                _fini
 .fini          0x0000870c        0x8 c:/users/anton/appdata/local/arduino15/packages/arduino/tools/arm-none-eabi-gcc/7-2017q4/bin/../lib/gcc/arm-none-eabi/7.2.1/thumb/v6-m/crtn.o
 *crtbegin.o(.ctors)
 *crtbegin?.o(.ctors)
 *(EXCLUDE_FILE(*crtend.o *crtend?.o) .ctors)
 *(SORT_BY_NAME(.ctors.*))
 *(.ctors)
 *crtbegin.o(.dtors)
 *crtbegin?.o(.dtors)
 *(EXCLUDE_FILE(*crtend.o *crtend?.o) .dtors)
 *(SORT_BY_NAME(.dtors.*))
 *(.dtors)
 *(.rodata*)
 .rodata._Z16photoperiod_rampv.str1.1
                0x00008714       0x23 c:\project\HerBo\build\sketch\sources.ino.cpp.o
 .rodata.setup.str1.1
                0x00008737        0xc c:\project\HerBo\build\sketch\sources.ino.cpp.o
 *fill*         0x00008743        0x1 
 .rodata.g_APinDescription
                0x00008744      0x360 c:\project\HerBo\build\core\variant.cpp.o
                0x00008744                g_APinDescription
 .rodata._ZTV9IPAddress
                0x00008aa4        0xc c:\project\HerBo\build/core\core.a(IPAddress.cpp.o)
                0x00008aa4                vtable for IPAddress
 .rodata._ZN5Print10printFloatEdh.str1.1
                0x00008ab0        0xc c:\project\HerBo\build/core\core.a(Print.cpp.o)
 .rodata._ZN5Print7printlnEv.str1.1
                0x00008abc        0x3 c:\project\HerBo\build/core\core.a(Print.cpp.o)
 *fill*         0x00008abf        0x1 
 .rodata._ZTV7Serial_
                0x00008ac0       0x58 c:\project\HerBo\build/core\core.a(CDC.cpp.o)
                0x00008ac0                vtable for Serial_
 .rodata._ZTV26DoubleBufferedEPOutHandler
                0x00008b18       0x24 c:\project\HerBo\build/core\core.a(USBCore.cpp.o)
                0x00008b18                vtable for DoubleBufferedEPOutHandler
 .rodata._ZL14STRING_PRODUCT
                0x00008b3c       0x16 c:\project\HerBo\build/core\core.a(USBCore.cpp.o)
 .rodata._ZL15STRING_LANGUAGE
                0x00008b52        0x4 c:\project\HerBo\build/core\core.a(USBCore.cpp.o)
 .rodata._ZL19STRING_MANUFACTURER
                0x00008b56        0xc c:\project\HerBo\build/core\core.a(USBCore.cpp.o)
 .rodata._ZL21USB_DeviceDescriptorB
                0x00008b62       0x12 c:\project\HerBo\build/core\core.a(USBCore.cpp.o)
 .rodata._ZTV4Uart
                0x00008b74       0x34 c:\project\HerBo\build/core\core.a(Uart.cpp.o)
                0x00008b74                vtable for Uart
 .rodata        0x00008ba8       0x40 c:/users/anton/appdata/local/arduino15/packages/arduino/tools/arm-none-eabi-gcc/7-2017q4/bin/../lib/gcc/arm-none-eabi/7.2.1/thumb/v6-m\libgcc.a(divdf3.o)
 .rodata        0x00008be8       0x40 c:/users/anton/appdata/local/arduino15/packages/arduino/tools/arm-none-eabi-gcc/7-2017q4/bin/../lib/gcc/arm-none-eabi/7.2.1/thumb/v6-m\libgcc.a(muldf3.o)
 .rodata._setlocale_r.str1.1
                0x00008c28        0x8 c:/users/anton/appdata/local/arduino15/packages/arduino/tools/arm-none-eabi-gcc/7-2017q4/bin/../lib/gcc/arm-none-eabi/7.2.1/../../../../arm-none-eabi/lib/thumb/v6-m\libc_nano.a(lib_a-locale.o)
                                  0x9 (size before relaxing)
 .rodata.str1.1
                0x00008c30        0x2 c:/users/anton/appdata/local/arduino15/packages/arduino/tools/arm-none-eabi-gcc/7-2017q4/bin/../lib/gcc/arm-none-eabi/7.2.1/../../../../arm-none-eabi/lib/thumb/v6-m\libc_nano.a(lib_a-locale.o)
 *fill*         0x00008c32        0x2 
 .rodata.DAYS_IN_MONTH
                0x00008c34       0x30 c:/users/anton/appdata/local/arduino15/packages/arduino/tools/arm-none-eabi-gcc/7-2017q4/bin/../lib/gcc/arm-none-eabi/7.2.1/../../../../arm-none-eabi/lib/thumb/v6-m\libc_nano.a(lib_a-mktime.o)
 .rodata._DAYS_BEFORE_MONTH
                0x00008c64       0x30 c:/users/anton/appdata/local/arduino15/packages/arduino/tools/arm-none-eabi-gcc/7-2017q4/bin/../lib/gcc/arm-none-eabi/7.2.1/../../../../arm-none-eabi/lib/thumb/v6-m\libc_nano.a(lib_a-mktime.o)
 .rodata._tzset_unlocked_r.str1.1
                0x00008c94       0x3c c:/users/anton/appdata/local/arduino15/packages/arduino/tools/arm-none-eabi-gcc/7-2017q4/bin/../lib/gcc/arm-none-eabi/7.2.1/../../../../arm-none-eabi/lib/thumb/v6-m\libc_nano.a(lib_a-tzset_r.o)
                                 0x4e (size before relaxing)
 .rodata.str1.1
                0x00008cd0        0x4 c:/users/anton/appdata/local/arduino15/packages/arduino/tools/arm-none-eabi-gcc/7-2017q4/bin/../lib/gcc/arm-none-eabi/7.2.1/../../../../arm-none-eabi/lib/thumb/v6-m\libc_nano.a(lib_a-tzvars.o)
 .rodata._ctype_
                0x00008cd0      0x101 c:/users/anton/appdata/local/arduino15/packages/arduino/tools/arm-none-eabi-gcc/7-2017q4/bin/../lib/gcc/arm-none-eabi/7.2.1/../../../../arm-none-eabi/lib/thumb/v6-m\libc_nano.a(lib_a-ctype_.o)
                0x00008cd0                _ctype_
 *fill*         0x00008dd1        0x3 
 .rodata.__sf_fake_stderr
                0x00008dd4       0x20 c:/users/anton/appdata/local/arduino15/packages/arduino/tools/arm-none-eabi-gcc/7-2017q4/bin/../lib/gcc/arm-none-eabi/7.2.1/../../../../arm-none-eabi/lib/thumb/v6-m\libc_nano.a(lib_a-findfp.o)
                0x00008dd4                __sf_fake_stderr
 .rodata.__sf_fake_stdin
                0x00008df4       0x20 c:/users/anton/appdata/local/arduino15/packages/arduino/tools/arm-none-eabi-gcc/7-2017q4/bin/../lib/gcc/arm-none-eabi/7.2.1/../../../../arm-none-eabi/lib/thumb/v6-m\libc_nano.a(lib_a-findfp.o)
                0x00008df4                __sf_fake_stdin
 .rodata.__sf_fake_stdout
                0x00008e14       0x20 c:/users/anton/appdata/local/arduino15/packages/arduino/tools/arm-none-eabi-gcc/7-2017q4/bin/../lib/gcc/arm-none-eabi/7.2.1/../../../../arm-none-eabi/lib/thumb/v6-m\libc_nano.a(lib_a-findfp.o)
                0x00008e14                __sf_fake_stdout
 .rodata.__month_lengths
                0x00008e34       0x60 c:/users/anton/appdata/local/arduino15/packages/arduino/tools/arm-none-eabi-gcc/7-2017q4/bin/../lib/gcc/arm-none-eabi/7.2.1/../../../../arm-none-eabi/lib/thumb/v6-m\libc_nano.a(lib_a-month_lengths.o)
                0x00008e34                __month_lengths
 .rodata.__ssvfscanf_r.str1.1
                0x00008e94        0x4 c:/users/anton/appdata/local/arduino15/packages/arduino/tools/arm-none-eabi-gcc/7-2017q4/bin/../lib/gcc/arm-none-eabi/7.2.1/../../../../arm-none-eabi/lib/thumb/v6-m\libc_nano.a(lib_a-nano-svfscanf.o)
 .rodata        0x00008e98        0xc c:/users/anton/appdata/local/arduino15/packages/arduino/tools/arm-none-eabi-gcc/7-2017q4/bin/../lib/gcc/arm-none-eabi/7.2.1/../../../../arm-none-eabi/lib/thumb/v6-m\libc_nano.a(lib_a-nano-vfscanf_i.o)
 .rodata._scanf_i.str1.1
                0x00008ea4       0x12 c:/users/anton/appdata/local/arduino15/packages/arduino/tools/arm-none-eabi-gcc/7-2017q4/bin/../lib/gcc/arm-none-eabi/7.2.1/../../../../arm-none-eabi/lib/thumb/v6-m\libc_nano.a(lib_a-nano-vfscanf_i.o)
 .rodata.str1.1
                0x00008eb6        0x9 c:/users/anton/appdata/local/arduino15/packages/arduino/tools/arm-none-eabi-gcc/7-2017q4/bin/../lib/gcc/arm-none-eabi/7.2.1/../../../../arm-none-eabi/lib/thumb/v6-m\libc_nano.a(lib_a-nano-vfscanf_i.o)
 *(.eh_frame*)
 *fill*         0x00008ebf        0x1 
 .eh_frame      0x00008ec0        0x0 c:/users/anton/appdata/local/arduino15/packages/arduino/tools/arm-none-eabi-gcc/7-2017q4/bin/../lib/gcc/arm-none-eabi/7.2.1/thumb/v6-m/crtbegin.o
 .eh_frame      0x00008ec0        0x4 c:/users/anton/appdata/local/arduino15/packages/arduino/tools/arm-none-eabi-gcc/7-2017q4/bin/../lib/gcc/arm-none-eabi/7.2.1/thumb/v6-m/crtend.o

.glue_7         0x00008ec4        0x0
 .glue_7        0x00008ec4        0x0 linker stubs

.glue_7t        0x00008ec4        0x0
 .glue_7t       0x00008ec4        0x0 linker stubs

.vfp11_veneer   0x00008ec4        0x0
 .vfp11_veneer  0x00008ec4        0x0 linker stubs

.v4_bx          0x00008ec4        0x0
 .v4_bx         0x00008ec4        0x0 linker stubs

.iplt           0x00008ec4        0x0
 .iplt          0x00008ec4        0x0 c:/users/anton/appdata/local/arduino15/packages/arduino/tools/arm-none-eabi-gcc/7-2017q4/bin/../lib/gcc/arm-none-eabi/7.2.1/thumb/v6-m/crtbegin.o

.rel.dyn        0x00008ec4        0x0
 .rel.iplt      0x00008ec4        0x0 c:/users/anton/appdata/local/arduino15/packages/arduino/tools/arm-none-eabi-gcc/7-2017q4/bin/../lib/gcc/arm-none-eabi/7.2.1/thumb/v6-m/crtbegin.o

.ARM.extab
 *(.ARM.extab* .gnu.linkonce.armextab.*)
                0x00008ec4                __exidx_start = .

.ARM.exidx
 *(.ARM.exidx* .gnu.linkonce.armexidx.*)
                0x00008ec4                __exidx_end = .
                0x00008ec4                __etext = .

.data           0x20000000      0x2a0 load address 0x00008ec4
                0x20000000                __data_start__ = .
 *(vtable)
 *(.data*)
 .data          0x20000000        0x4 c:/users/anton/appdata/local/arduino15/packages/arduino/tools/arm-none-eabi-gcc/7-2017q4/bin/../lib/gcc/arm-none-eabi/7.2.1/thumb/v6-m/crtbegin.o
                0x20000000                __dso_handle
 .data.SystemCoreClock
                0x20000004        0x4 c:\project\HerBo\build/core\core.a(wiring.c.o)
                0x20000004                SystemCoreClock
 .data._ADCResolution
                0x20000008        0x4 c:\project\HerBo\build/core\core.a(wiring_analog.c.o)
 .data._readResolution
                0x2000000c        0x4 c:\project\HerBo\build/core\core.a(wiring_analog.c.o)
 .data._ZL5ticks
                0x20000010        0x4 c:\project\HerBo\build/core\core.a(Reset.cpp.o)
 .data._ZL10breakValue
                0x20000014        0x4 c:\project\HerBo\build/core\core.a(CDC.cpp.o)
 .data._ZL12_usbLineInfo
                0x20000018        0x8 c:\project\HerBo\build/core\core.a(CDC.cpp.o)
 .data._serialPeek
                0x20000020        0x4 c:\project\HerBo\build/core\core.a(CDC.cpp.o)
                0x20000020                _serialPeek
 .data._impure_ptr
                0x20000024        0x4 c:/users/anton/appdata/local/arduino15/packages/arduino/tools/arm-none-eabi-gcc/7-2017q4/bin/../lib/gcc/arm-none-eabi/7.2.1/../../../../arm-none-eabi/lib/thumb/v6-m\libc_nano.a(lib_a-impure.o)
                0x20000024                _impure_ptr
 .data.impure_data
                0x20000028       0x60 c:/users/anton/appdata/local/arduino15/packages/arduino/tools/arm-none-eabi-gcc/7-2017q4/bin/../lib/gcc/arm-none-eabi/7.2.1/../../../../arm-none-eabi/lib/thumb/v6-m\libc_nano.a(lib_a-impure.o)
 .data.__global_locale
                0x20000088      0x16c c:/users/anton/appdata/local/arduino15/packages/arduino/tools/arm-none-eabi-gcc/7-2017q4/bin/../lib/gcc/arm-none-eabi/7.2.1/../../../../arm-none-eabi/lib/thumb/v6-m\libc_nano.a(lib_a-locale.o)
                0x20000088                __global_locale
 .data._tzname  0x200001f4        0x8 c:/users/anton/appdata/local/arduino15/packages/arduino/tools/arm-none-eabi-gcc/7-2017q4/bin/../lib/gcc/arm-none-eabi/7.2.1/../../../../arm-none-eabi/lib/thumb/v6-m\libc_nano.a(lib_a-tzvars.o)
                0x200001f4                _tzname
 *fill*         0x200001fc        0x4 
 .data.tzinfo   0x20000200       0x58 c:/users/anton/appdata/local/arduino15/packages/arduino/tools/arm-none-eabi-gcc/7-2017q4/bin/../lib/gcc/arm-none-eabi/7.2.1/../../../../arm-none-eabi/lib/thumb/v6-m\libc_nano.a(lib_a-gettzinfo.o)
 .data.environ  0x20000258        0x4 c:/users/anton/appdata/local/arduino15/packages/arduino/tools/arm-none-eabi-gcc/7-2017q4/bin/../lib/gcc/arm-none-eabi/7.2.1/../../../../arm-none-eabi/lib/thumb/v6-m\libc_nano.a(lib_a-environ.o)
                0x20000258                environ
                0x2000025c                . = ALIGN (0x4)
                0x2000025c                PROVIDE (__preinit_array_start, .)
 *(.preinit_array)
                0x2000025c                PROVIDE (__preinit_array_end, .)
                0x2000025c                . = ALIGN (0x4)
                0x2000025c                PROVIDE (__init_array_start, .)
 *(SORT_BY_NAME(.init_array.*))
 *(.init_array)
 .init_array    0x2000025c        0x4 c:/users/anton/appdata/local/arduino15/packages/arduino/tools/arm-none-eabi-gcc/7-2017q4/bin/../lib/gcc/arm-none-eabi/7.2.1/thumb/v6-m/crtbegin.o
 .init_array    0x20000260        0x4 c:\project\HerBo\build\sketch\sources.ino.cpp.o
 .init_array    0x20000264        0x4 c:\project\HerBo\build\sketch\wifi.cpp.o
 .init_array    0x20000268        0x4 c:\project\HerBo\build\libraries\SPI\SPI.cpp.o
 .init_array    0x2000026c        0x4 c:\project\HerBo\build\libraries\WiFiNINA\WiFi.cpp.o
 .init_array    0x20000270        0x4 c:\project\HerBo\build\libraries\WiFiNINA\WiFiClient.cpp.o
 .init_array    0x20000274        0x4 c:\project\HerBo\build\libraries\WiFiNINA\WiFiSSLClient.cpp.o
 .init_array    0x20000278        0x4 c:\project\HerBo\build\libraries\WiFiNINA\WiFiServer.cpp.o
 .init_array    0x2000027c        0x4 c:\project\HerBo\build\libraries\WiFiNINA\WiFiUdp.cpp.o
 .init_array    0x20000280        0x4 c:\project\HerBo\build\libraries\WiFiNINA\utility\WiFiSocketBuffer.cpp.o
 .init_array    0x20000284        0x4 c:\project\HerBo\build\libraries\WiFiNINA\utility\wifi_drv.cpp.o
 .init_array    0x20000288        0x4 c:\project\HerBo\build\core\variant.cpp.o
 .init_array    0x2000028c        0x4 c:\project\HerBo\build/core\core.a(CDC.cpp.o)
 .init_array    0x20000290        0x4 c:\project\HerBo\build/core\core.a(USBCore.cpp.o)
                0x20000294                PROVIDE (__init_array_end, .)
                0x20000294                . = ALIGN (0x4)
                [!provide]                PROVIDE (__fini_array_start, .)
 *(SORT_BY_NAME(.fini_array.*))
 *(.fini_array)
 .fini_array    0x20000294        0x4 c:/users/anton/appdata/local/arduino15/packages/arduino/tools/arm-none-eabi-gcc/7-2017q4/bin/../lib/gcc/arm-none-eabi/7.2.1/thumb/v6-m/crtbegin.o
                [!provide]                PROVIDE (__fini_array_end, .)
 *(.jcr*)
                0x200002a0                . = ALIGN (0x10)
 *fill*         0x20000298        0x8 
                0x200002a0                __data_end__ = .

.igot.plt       0x200002a0        0x0 load address 0x00009164
 .igot.plt      0x200002a0        0x0 c:/users/anton/appdata/local/arduino15/packages/arduino/tools/arm-none-eabi-gcc/7-2017q4/bin/../lib/gcc/arm-none-eabi/7.2.1/thumb/v6-m/crtbegin.o

.bss            0x200002a0      0xc20 load address 0x00009164
                0x200002a0                . = ALIGN (0x4)
                0x200002a0                __bss_start__ = .
 *(.bss*)
 .bss           0x200002a0       0x1c c:/users/anton/appdata/local/arduino15/packages/arduino/tools/arm-none-eabi-gcc/7-2017q4/bin/../lib/gcc/arm-none-eabi/7.2.1/thumb/v6-m/crtbegin.o
 .bss._ZL11INADDR_NONE
                0x200002bc        0x8 c:\project\HerBo\build\sketch\sources.ino.cpp.o
 .bss.photoperiod_max_steps
                0x200002c4        0x4 c:\project\HerBo\build\sketch\sources.ino.cpp.o
                0x200002c4                photoperiod_max_steps
 .bss.photoperiod_next
                0x200002c8        0x4 c:\project\HerBo\build\sketch\sources.ino.cpp.o
                0x200002c8                photoperiod_next
 .bss.photoperiod_step
                0x200002cc        0x4 c:\project\HerBo\build\sketch\sources.ino.cpp.o
                0x200002cc                photoperiod_step
 .bss.rtc       0x200002d0        0x1 c:\project\HerBo\build\sketch\sources.ino.cpp.o
                0x200002d0                rtc
 *fill*         0x200002d1        0x3 
 .bss._ZL11INADDR_NONE
                0x200002d4        0x8 c:\project\HerBo\build\sketch\wifi.cpp.o
 .bss.SPI       0x200002dc       0x1c c:\project\HerBo\build\libraries\SPI\SPI.cpp.o
                0x200002dc                SPI
 .bss.SPI1      0x200002f8       0x1c c:\project\HerBo\build\libraries\SPI\SPI.cpp.o
                0x200002f8                SPI1
 .bss._ZL20DEFAULT_SPI_SETTINGS
                0x20000314        0x8 c:\project\HerBo\build\libraries\SPI\SPI.cpp.o
 .bss.WiFi      0x2000031c        0x4 c:\project\HerBo\build\libraries\WiFiNINA\WiFi.cpp.o
                0x2000031c                WiFi
 .bss._ZL11INADDR_NONE
                0x20000320        0x8 c:\project\HerBo\build\libraries\WiFiNINA\WiFi.cpp.o
 .bss._ZL11INADDR_NONE
                0x20000328        0x8 c:\project\HerBo\build\libraries\WiFiNINA\WiFiClient.cpp.o
 .bss._ZL11INADDR_NONE
                0x20000330        0x8 c:\project\HerBo\build\libraries\WiFiNINA\WiFiSSLClient.cpp.o
 .bss._ZL11INADDR_NONE
                0x20000338        0x8 c:\project\HerBo\build\libraries\WiFiNINA\WiFiServer.cpp.o
 .bss._ZL11INADDR_NONE
                0x20000340        0x8 c:\project\HerBo\build\libraries\WiFiNINA\WiFiUdp.cpp.o
 .bss.WiFiSocketBuffer
                0x20000348       0x78 c:\project\HerBo\build\libraries\WiFiNINA\utility\WiFiSocketBuffer.cpp.o
                0x20000348                WiFiSocketBuffer
 .bss._ZL11INADDR_NONE
                0x200003c0        0x8 c:\project\HerBo\build\libraries\WiFiNINA\utility\wifi_drv.cpp.o
 .bss.RTC_callBack
                0x200003c8        0x4 c:\project\HerBo\build\libraries\RTCZero\RTCZero.cpp.o
                0x200003c8                RTC_callBack
 .bss.Serial1   0x200003cc      0x23c c:\project\HerBo\build\core\variant.cpp.o
                0x200003cc                Serial1
 .bss.Serial2   0x20000608      0x23c c:\project\HerBo\build\core\variant.cpp.o
                0x20000608                Serial2
 .bss.sercom0   0x20000844        0x4 c:\project\HerBo\build\core\variant.cpp.o
                0x20000844                sercom0
 .bss.sercom1   0x20000848        0x4 c:\project\HerBo\build\core\variant.cpp.o
                0x20000848                sercom1
 .bss.sercom2   0x2000084c        0x4 c:\project\HerBo\build\core\variant.cpp.o
                0x2000084c                sercom2
 .bss.sercom3   0x20000850        0x4 c:\project\HerBo\build\core\variant.cpp.o
                0x20000850                sercom3
 .bss.sercom4   0x20000854        0x4 c:\project\HerBo\build\core\variant.cpp.o
                0x20000854                sercom4
 .bss.sercom5   0x20000858        0x4 c:\project\HerBo\build\core\variant.cpp.o
                0x20000858                sercom5
 .bss.usb_isr   0x2000085c        0x4 c:\project\HerBo\build/core\core.a(cortex_handlers.c.o)
 .bss._ulTickCount
                0x20000860        0x4 c:\project\HerBo\build/core\core.a(delay.c.o)
 .bss.SerialUSB
                0x20000864       0x34 c:\project\HerBo\build/core\core.a(CDC.cpp.o)
                0x20000864                SerialUSB
 .bss._ZGVZ12PluggableUSBvE3obj
                0x20000898        0x4 c:\project\HerBo\build/core\core.a(PluggableUSB.cpp.o)
 .bss._ZZ12PluggableUSBvE3obj
                0x2000089c        0x8 c:\project\HerBo\build/core\core.a(PluggableUSB.cpp.o)
 .bss.EndPoints
                0x200008a4       0x28 c:\project\HerBo\build/core\core.a(USBCore.cpp.o)
                0x200008a4                EndPoints
 .bss.USBDevice
                0x200008cc        0x1 c:\project\HerBo\build/core\core.a(USBCore.cpp.o)
                0x200008cc                USBDevice
 *fill*         0x200008cd        0x3 
 .bss._ZL10epHandlers
                0x200008d0       0x1c c:\project\HerBo\build/core\core.a(USBCore.cpp.o)
 .bss._ZL14isEndpointHalt
                0x200008ec        0x1 c:\project\HerBo\build/core\core.a(USBCore.cpp.o)
 .bss._ZL20LastTransmitTimedOut
                0x200008ed        0x7 c:\project\HerBo\build/core\core.a(USBCore.cpp.o)
 .bss._ZL21isRemoteWakeUpEnabled
                0x200008f4        0x1 c:\project\HerBo\build/core\core.a(USBCore.cpp.o)
 *fill*         0x200008f5        0x3 
 .bss._ZL22udd_ep_in_cache_buffer
                0x200008f8      0x1c0 c:\project\HerBo\build/core\core.a(USBCore.cpp.o)
 .bss._ZL23udd_ep_out_cache_buffer
                0x20000ab8      0x1c0 c:\project\HerBo\build/core\core.a(USBCore.cpp.o)
 .bss._dry_run  0x20000c78        0x1 c:\project\HerBo\build/core\core.a(USBCore.cpp.o)
                0x20000c78                _dry_run
 .bss._pack_buffer
                0x20000c79      0x100 c:\project\HerBo\build/core\core.a(USBCore.cpp.o)
                0x20000c79                _pack_buffer
 .bss._pack_message
                0x20000d79        0x1 c:\project\HerBo\build/core\core.a(USBCore.cpp.o)
                0x20000d79                _pack_message
 .bss._pack_size
                0x20000d7a        0x2 c:\project\HerBo\build/core\core.a(USBCore.cpp.o)
                0x20000d7a                _pack_size
 .bss._usbConfiguration
                0x20000d7c        0x4 c:\project\HerBo\build/core\core.a(USBCore.cpp.o)
                0x20000d7c                _usbConfiguration
 .bss._usbSetInterface
                0x20000d80        0x4 c:\project\HerBo\build/core\core.a(USBCore.cpp.o)
                0x20000d80                _usbSetInterface
 .bss.usbd      0x20000d84      0x104 c:\project\HerBo\build/core\core.a(USBCore.cpp.o)
                0x20000d84                usbd
 .bss.__malloc_free_list
                0x20000e88        0x4 c:/users/anton/appdata/local/arduino15/packages/arduino/tools/arm-none-eabi-gcc/7-2017q4/bin/../lib/gcc/arm-none-eabi/7.2.1/../../../../arm-none-eabi/lib/thumb/v6-m\libc_nano.a(lib_a-nano-mallocr.o)
                0x20000e88                __malloc_free_list
 .bss.__malloc_sbrk_start
                0x20000e8c        0x4 c:/users/anton/appdata/local/arduino15/packages/arduino/tools/arm-none-eabi-gcc/7-2017q4/bin/../lib/gcc/arm-none-eabi/7.2.1/../../../../arm-none-eabi/lib/thumb/v6-m\libc_nano.a(lib_a-nano-mallocr.o)
                0x20000e8c                __malloc_sbrk_start
 .bss.__tzname_dst
                0x20000e90        0xb c:/users/anton/appdata/local/arduino15/packages/arduino/tools/arm-none-eabi-gcc/7-2017q4/bin/../lib/gcc/arm-none-eabi/7.2.1/../../../../arm-none-eabi/lib/thumb/v6-m\libc_nano.a(lib_a-tzset_r.o)
 .bss.__tzname_std
                0x20000e9b        0xb c:/users/anton/appdata/local/arduino15/packages/arduino/tools/arm-none-eabi-gcc/7-2017q4/bin/../lib/gcc/arm-none-eabi/7.2.1/../../../../arm-none-eabi/lib/thumb/v6-m\libc_nano.a(lib_a-tzset_r.o)
 *fill*         0x20000ea6        0x2 
 .bss.prev_tzenv
                0x20000ea8        0x4 c:/users/anton/appdata/local/arduino15/packages/arduino/tools/arm-none-eabi-gcc/7-2017q4/bin/../lib/gcc/arm-none-eabi/7.2.1/../../../../arm-none-eabi/lib/thumb/v6-m\libc_nano.a(lib_a-tzset_r.o)
 .bss._daylight
                0x20000eac        0x4 c:/users/anton/appdata/local/arduino15/packages/arduino/tools/arm-none-eabi-gcc/7-2017q4/bin/../lib/gcc/arm-none-eabi/7.2.1/../../../../arm-none-eabi/lib/thumb/v6-m\libc_nano.a(lib_a-tzvars.o)
                0x20000eac                _daylight
 .bss._timezone
                0x20000eb0        0x4 c:/users/anton/appdata/local/arduino15/packages/arduino/tools/arm-none-eabi-gcc/7-2017q4/bin/../lib/gcc/arm-none-eabi/7.2.1/../../../../arm-none-eabi/lib/thumb/v6-m\libc_nano.a(lib_a-tzvars.o)
                0x20000eb0                _timezone
 .bss.initial_env
                0x20000eb4        0x4 c:/users/anton/appdata/local/arduino15/packages/arduino/tools/arm-none-eabi-gcc/7-2017q4/bin/../lib/gcc/arm-none-eabi/7.2.1/../../../../arm-none-eabi/lib/thumb/v6-m\libc_nano.a(lib_a-environ.o)
 .bss.heap_end.4102
                0x20000eb8        0x4 c:/users/anton/appdata/local/arduino15/packages/arduino/tools/arm-none-eabi-gcc/7-2017q4/bin/../lib/gcc/arm-none-eabi/7.2.1/../../../../arm-none-eabi/lib/thumb/v6-m\libnosys.a(sbrk.o)
 *(COMMON)
 COMMON         0x20000ebc        0x4 c:/users/anton/appdata/local/arduino15/packages/arduino/tools/arm-none-eabi-gcc/7-2017q4/bin/../lib/gcc/arm-none-eabi/7.2.1/../../../../arm-none-eabi/lib/thumb/v6-m\libc_nano.a(lib_a-reent.o)
                0x20000ebc                errno
                0x20000ec0                . = ALIGN (0x4)
                0x20000ec0                __bss_end__ = .

.heap           0x20000ec0        0x0
                0x20000ec0                __end__ = .
                0x20000ec0                PROVIDE (end, .)
 *(.heap*)
                0x20000ec0                __HeapLimit = .

.stack_dummy    0x20000ec0        0x0
 *(.stack*)
                0x20008000                __StackTop = (ORIGIN (RAM) + LENGTH (RAM))
                0x20008000                __StackLimit = (__StackTop - SIZEOF (.stack_dummy))
                0x20008000                PROVIDE (__stack, __StackTop)
                0x20007fff                __ram_end__ = ((ORIGIN (RAM) + LENGTH (RAM)) - 0x1)
                0x00000001                ASSERT ((__StackLimit >= __HeapLimit), region RAM overflowed with stack)
OUTPUT(c:\project\HerBo\build/sources.ino.elf elf32-littlearm)

.ARM.attributes
                0x00000000       0x28
 .ARM.attributes
                0x00000000       0x1e c:/users/anton/appdata/local/arduino15/packages/arduino/tools/arm-none-eabi-gcc/7-2017q4/bin/../lib/gcc/arm-none-eabi/7.2.1/thumb/v6-m/crti.o
 .ARM.attributes
                0x0000001e       0x2c c:/users/anton/appdata/local/arduino15/packages/arduino/tools/arm-none-eabi-gcc/7-2017q4/bin/../lib/gcc/arm-none-eabi/7.2.1/thumb/v6-m/crtbegin.o
 .ARM.attributes
                0x0000004a       0x32 c:\project\HerBo\build\sketch\sources.ino.cpp.o
 .ARM.attributes
                0x0000007c       0x32 c:\project\HerBo\build\sketch\wifi.cpp.o
 .ARM.attributes
                0x000000ae       0x32 c:\project\HerBo\build\libraries\SPI\SPI.cpp.o
 .ARM.attributes
                0x000000e0       0x32 c:\project\HerBo\build\libraries\WiFiNINA\WiFi.cpp.o
 .ARM.attributes
                0x00000112       0x32 c:\project\HerBo\build\libraries\WiFiNINA\WiFiClient.cpp.o
 .ARM.attributes
                0x00000144       0x32 c:\project\HerBo\build\libraries\WiFiNINA\WiFiSSLClient.cpp.o
 .ARM.attributes
                0x00000176       0x32 c:\project\HerBo\build\libraries\WiFiNINA\WiFiServer.cpp.o
 .ARM.attributes
                0x000001a8       0x32 c:\project\HerBo\build\libraries\WiFiNINA\WiFiUdp.cpp.o
 .ARM.attributes
                0x000001da       0x32 c:\project\HerBo\build\libraries\WiFiNINA\utility\WiFiSocketBuffer.cpp.o
 .ARM.attributes
                0x0000020c       0x32 c:\project\HerBo\build\libraries\WiFiNINA\utility\wifi_drv.cpp.o
 .ARM.attributes
                0x0000023e       0x32 c:\project\HerBo\build\libraries\RTCZero\RTCZero.cpp.o
 .ARM.attributes
                0x00000270       0x32 c:\project\HerBo\build\core\variant.cpp.o
 .ARM.attributes
                0x000002a2       0x32 c:\project\HerBo\build/core\core.a(cortex_handlers.c.o)
 .ARM.attributes
                0x000002d4       0x32 c:\project\HerBo\build/core\core.a(delay.c.o)
 .ARM.attributes
                0x00000306       0x32 c:\project\HerBo\build/core\core.a(hooks.c.o)
 .ARM.attributes
                0x00000338       0x32 c:\project\HerBo\build/core\core.a(startup.c.o)
 .ARM.attributes
                0x0000036a       0x32 c:\project\HerBo\build/core\core.a(wiring.c.o)
 .ARM.attributes
                0x0000039c       0x32 c:\project\HerBo\build/core\core.a(wiring_analog.c.o)
 .ARM.attributes
                0x000003ce       0x32 c:\project\HerBo\build/core\core.a(wiring_digital.c.o)
 .ARM.attributes
                0x00000400       0x32 c:\project\HerBo\build/core\core.a(wiring_private.c.o)
 .ARM.attributes
                0x00000432       0x32 c:\project\HerBo\build/core\core.a(IPAddress.cpp.o)
 .ARM.attributes
                0x00000464       0x32 c:\project\HerBo\build/core\core.a(Print.cpp.o)
 .ARM.attributes
                0x00000496       0x32 c:\project\HerBo\build/core\core.a(Reset.cpp.o)
 .ARM.attributes
                0x000004c8       0x32 c:\project\HerBo\build/core\core.a(SERCOM.cpp.o)
 .ARM.attributes
                0x000004fa       0x32 c:\project\HerBo\build/core\core.a(CDC.cpp.o)
 .ARM.attributes
                0x0000052c       0x32 c:\project\HerBo\build/core\core.a(PluggableUSB.cpp.o)
 .ARM.attributes
                0x0000055e       0x32 c:\project\HerBo\build/core\core.a(USBCore.cpp.o)
 .ARM.attributes
                0x00000590       0x32 c:\project\HerBo\build/core\core.a(Uart.cpp.o)
 .ARM.attributes
                0x000005c2       0x32 c:\project\HerBo\build/core\core.a(main.cpp.o)
 .ARM.attributes
                0x000005f4       0x32 c:\project\HerBo\build/core\core.a(new.cpp.o)
 .ARM.attributes
                0x00000626       0x2c c:/users/anton/appdata/local/arduino15/packages/arduino/tools/arm-none-eabi-gcc/7-2017q4/bin/../lib/gcc/arm-none-eabi/7.2.1/../../../../arm-none-eabi/lib/thumb/v6-m\libstdc++_nano.a(atexit_arm.o)
 .ARM.attributes
                0x00000652       0x1e c:/users/anton/appdata/local/arduino15/packages/arduino/tools/arm-none-eabi-gcc/7-2017q4/bin/../lib/gcc/arm-none-eabi/7.2.1/thumb/v6-m\libgcc.a(_thumb1_case_uqi.o)
 .ARM.attributes
                0x00000670       0x1e c:/users/anton/appdata/local/arduino15/packages/arduino/tools/arm-none-eabi-gcc/7-2017q4/bin/../lib/gcc/arm-none-eabi/7.2.1/thumb/v6-m\libgcc.a(_udivsi3.o)
 .ARM.attributes
                0x0000068e       0x1e c:/users/anton/appdata/local/arduino15/packages/arduino/tools/arm-none-eabi-gcc/7-2017q4/bin/../lib/gcc/arm-none-eabi/7.2.1/thumb/v6-m\libgcc.a(_divsi3.o)
 .ARM.attributes
                0x000006ac       0x1e c:/users/anton/appdata/local/arduino15/packages/arduino/tools/arm-none-eabi-gcc/7-2017q4/bin/../lib/gcc/arm-none-eabi/7.2.1/thumb/v6-m\libgcc.a(_dvmd_tls.o)
 .ARM.attributes